Component: ARM Compiler 6.16 Tool: armlink [5dfeaa00]

==============================================================================

Section Cross References

    main.o(.ARM.exidx.text.delay) refers to main.o(.text.delay) for [Anonymous Symbol]
    main.o(.text.SetupTIM4) refers to main.o(.text.__NVIC_GetPriorityGrouping) for __NVIC_GetPriorityGrouping
    main.o(.text.SetupTIM4) refers to main.o(.text.NVIC_EncodePriority) for NVIC_EncodePriority
    main.o(.text.SetupTIM4) refers to main.o(.text.__NVIC_SetPriority) for __NVIC_SetPriority
    main.o(.text.SetupTIM4) refers to main.o(.text.__NVIC_EnableIRQ) for __NVIC_EnableIRQ
    main.o(.ARM.exidx.text.SetupTIM4) refers to main.o(.text.SetupTIM4) for [Anonymous Symbol]
    main.o(.ARM.exidx.text.__NVIC_SetPriority) refers to main.o(.text.__NVIC_SetPriority) for [Anonymous Symbol]
    main.o(.ARM.exidx.text.NVIC_EncodePriority) refers to main.o(.text.NVIC_EncodePriority) for [Anonymous Symbol]
    main.o(.ARM.exidx.text.__NVIC_GetPriorityGrouping) refers to main.o(.text.__NVIC_GetPriorityGrouping) for [Anonymous Symbol]
    main.o(.ARM.exidx.text.__NVIC_EnableIRQ) refers to main.o(.text.__NVIC_EnableIRQ) for [Anonymous Symbol]
    main.o(.text.main) refers to system_stm32f3xx.o(.text.SystemCoreClockUpdate) for SystemCoreClockUpdate
    main.o(.text.main) refers to system_stm32f3xx.o(.data.SystemCoreClock) for SystemCoreClock
    main.o(.text.main) refers to main.o(.rodata.str1.1) for .L.str
    main.o(.text.main) refers to printf.o(.text) for printf
    main.o(.text.main) refers to main.o(.text.__NVIC_SetPriorityGrouping) for __NVIC_SetPriorityGrouping
    main.o(.text.main) refers to main.o(.text.__NVIC_GetPriorityGrouping) for __NVIC_GetPriorityGrouping
    main.o(.text.main) refers to main.o(.text.NVIC_EncodePriority) for NVIC_EncodePriority
    main.o(.text.main) refers to main.o(.text.__NVIC_SetPriority) for __NVIC_SetPriority
    main.o(.text.main) refers to main.o(.text.__NVIC_GetPriority) for __NVIC_GetPriority
    main.o(.text.main) refers to main.o(.text.NVIC_DecodePriority) for NVIC_DecodePriority
    main.o(.text.main) refers to main.o(.text.__NVIC_EnableIRQ) for __NVIC_EnableIRQ
    main.o(.text.main) refers to main.o(.text.SysTick_Config) for SysTick_Config
    main.o(.text.main) refers to main.o(.text.SetupTIM4) for SetupTIM4
    main.o(.ARM.exidx.text.main) refers to main.o(.text.main) for [Anonymous Symbol]
    main.o(.ARM.exidx.text.__NVIC_SetPriorityGrouping) refers to main.o(.text.__NVIC_SetPriorityGrouping) for [Anonymous Symbol]
    main.o(.ARM.exidx.text.NVIC_DecodePriority) refers to main.o(.text.NVIC_DecodePriority) for [Anonymous Symbol]
    main.o(.ARM.exidx.text.__NVIC_GetPriority) refers to main.o(.text.__NVIC_GetPriority) for [Anonymous Symbol]
    main.o(.text.SysTick_Config) refers to main.o(.text.__NVIC_SetPriority) for __NVIC_SetPriority
    main.o(.ARM.exidx.text.SysTick_Config) refers to main.o(.text.SysTick_Config) for [Anonymous Symbol]
    main.o(.text.SysTick_Handler) refers to main.o(.bss.ui_count100ms) for ui_count100ms
    main.o(.text.SysTick_Handler) refers to main.o(.text.ITM_SendChar) for ITM_SendChar
    main.o(.ARM.exidx.text.SysTick_Handler) refers to main.o(.text.SysTick_Handler) for [Anonymous Symbol]
    main.o(.ARM.exidx.text.ITM_SendChar) refers to main.o(.text.ITM_SendChar) for [Anonymous Symbol]
    main.o(.ARM.exidx.text.TIM4_IRQHandler) refers to main.o(.text.TIM4_IRQHandler) for [Anonymous Symbol]
    main.o(.text.EXTI0_IRQHandler) refers to main.o(.text.ITM_SendChar) for ITM_SendChar
    main.o(.text.EXTI0_IRQHandler) refers to main.o(.text.delay) for delay
    main.o(.ARM.exidx.text.EXTI0_IRQHandler) refers to main.o(.text.EXTI0_IRQHandler) for [Anonymous Symbol]
    main.o(.text.EXTI1_IRQHandler) refers to main.o(.text.ITM_SendChar) for ITM_SendChar
    main.o(.text.EXTI1_IRQHandler) refers to main.o(.text.delay) for delay
    main.o(.ARM.exidx.text.EXTI1_IRQHandler) refers to main.o(.text.EXTI1_IRQHandler) for [Anonymous Symbol]
    main.o(.text.EXTI3_IRQHandler) refers to main.o(.text.ITM_SendChar) for ITM_SendChar
    main.o(.text.EXTI3_IRQHandler) refers to main.o(.text.delay) for delay
    main.o(.ARM.exidx.text.EXTI3_IRQHandler) refers to main.o(.text.EXTI3_IRQHandler) for [Anonymous Symbol]
    main.o(.text.EXTI4_IRQHandler) refers to main.o(.text.ITM_SendChar) for ITM_SendChar
    main.o(.text.EXTI4_IRQHandler) refers to main.o(.text.delay) for delay
    main.o(.ARM.exidx.text.EXTI4_IRQHandler) refers to main.o(.text.EXTI4_IRQHandler) for [Anonymous Symbol]
    retarget_io.o(.ARM.exidx.text.ITM_SendChar) refers to retarget_io.o(.text.ITM_SendChar) for [Anonymous Symbol]
    retarget_io.o(.text.ITM_ReceiveChar) refers to retarget_io.o(.data.ITM_RxBuffer) for ITM_RxBuffer
    retarget_io.o(.ARM.exidx.text.ITM_ReceiveChar) refers to retarget_io.o(.text.ITM_ReceiveChar) for [Anonymous Symbol]
    retarget_io.o(.text._sys_open) refers to retarget_io.o(.rodata.str1.1) for .L.str
[...]
    .ARM.Collect$$libinit$$00000001          0x0800028e   Section        4  libinit2.o(.ARM.Collect$$libinit$$00000001)
    .ARM.Collect$$libinit$$00000004          0x08000292   Section        0  libinit2.o(.ARM.Collect$$libinit$$00000004)
    .ARM.Collect$$libinit$$00000005          0x08000292   Section        8  libinit2.o(.ARM.Collect$$libinit$$00000005)
    .ARM.Collect$$libinit$$0000000A          0x0800029a   Section        0  libinit2.o(.ARM.Collect$$libinit$$0000000A)
    .ARM.Collect$$libinit$$0000000C          0x0800029a   Section        0  libinit2.o(.ARM.Collect$$libinit$$0000000C)
    .ARM.Collect$$libinit$$0000000E          0x0800029a   Section        0  libinit2.o(.ARM.Collect$$libinit$$0000000E)
    .ARM.Collect$$libinit$$0000000F          0x0800029a   Section        6  libinit2.o(.ARM.Collect$$libinit$$0000000F)
    .ARM.Collect$$libinit$$00000011          0x080002a0   Section        0  libinit2.o(.ARM.Collect$$libinit$$00000011)
    .ARM.Collect$$libinit$$00000012          0x080002a0   Section       12  libinit2.o(.ARM.Collect$$libinit$$00000012)
    .ARM.Collect$$libinit$$00000013          0x080002ac   Section        0  libinit2.o(.ARM.Collect$$libinit$$00000013)
    .ARM.Collect$$libinit$$00000015          0x080002ac   Section        0  libinit2.o(.ARM.Collect$$libinit$$00000015)
    .ARM.Collect$$libinit$$00000016          0x080002ac   Section       10  libinit2.o(.ARM.Collect$$libinit$$00000016)
    .ARM.Collect$$libinit$$00000017          0x080002b6   Section        0  libinit2.o(.ARM.Collect$$libinit$$00000017)
    .ARM.Collect$$libinit$$00000019          0x080002b6   Section        0  libinit2.o(.ARM.Collect$$libinit$$00000019)
    .ARM.Collect$$libinit$$0000001B          0x080002b6   Section        0  libinit2.o(.ARM.Collect$$libinit$$0000001B)
    .ARM.Collect$$libinit$$0000001D          0x080002b6   Section        0  libinit2.o(.ARM.Collect$$libinit$$0000001D)
    .ARM.Collect$$libinit$$0000001F          0x080002b6   Section        0  libinit2.o(.ARM.Collect$$libinit$$0000001F)
    .ARM.Collect$$libinit$$00000021          0x080002b6   Section        0  libinit2.o(.ARM.Collect$$libinit$$00000021)
    .ARM.Collect$$libinit$$00000023          0x080002b6   Section        0  libinit2.o(.ARM.Collect$$libinit$$00000023)
    .ARM.Collect$$libinit$$00000024          0x080002b6   Section        4  libinit2.o(.ARM.Collect$$libinit$$00000024)
    .ARM.Collect$$libinit$$00000025          0x080002ba   Section        0  libinit2.o(.ARM.Collect$$libinit$$00000025)
    .ARM.Collect$$libinit$$0000002C          0x080002ba   Section        0  libinit2.o(.ARM.Collect$$libinit$$0000002C)
    .ARM.Collect$$libinit$$0000002E          0x080002ba   Section        0  libinit2.o(.ARM.Collect$$libinit$$0000002E)
    .ARM.Collect$$libinit$$00000030          0x080002ba   Section        0  libinit2.o(.ARM.Collect$$libinit$$00000030)
    .ARM.Collect$$libinit$$00000032          0x080002ba   Section        0  libinit2.o(.ARM.Collect$$libinit$$00000032)
    .ARM.Collect$$libinit$$00000033          0x080002ba   Section        2  libinit2.o(.ARM.Collect$$libinit$$00000033)
    .ARM.Collect$$libshutdown$$00000000      0x080002bc   Section        2  libshutdown.o(.ARM.Collect$$libshutdown$$00000000)
    .ARM.Collect$$libshutdown$$00000002      0x080002be   Section        0  libshutdown2.o(.ARM.Collect$$libshutdown$$00000002)
    .ARM.Collect$$libshutdown$$00000003      0x080002be   Section        4  libshutdown2.o(.ARM.Collect$$libshutdown$$00000003)
    .ARM.Collect$$libshutdown$$00000004      0x080002c2   Section        0  libshutdown2.o(.ARM.Collect$$libshutdown$$00000004)
    .ARM.Collect$$libshutdown$$00000007      0x080002c2   Section        0  libshutdown2.o(.ARM.Collect$$libshutdown$$00000007)
    .ARM.Collect$$libshutdown$$0000000A      0x080002c2   Section        0  libshutdown2.o(.ARM.Collect$$libshutdown$$0000000A)
    .ARM.Collect$$libshutdown$$0000000C      0x080002c2   Section        0  libshutdown2.o(.ARM.Collect$$libshutdown$$0000000C)
    .ARM.Collect$$libshutdown$$0000000F      0x080002c2   Section        0  libshutdown2.o(.ARM.Collect$$libshutdown$$0000000F)
    .ARM.Collect$$libshutdown$$00000010      0x080002c2   Section        2  libshutdown2.o(.ARM.Collect$$libshutdown$$00000010)
    .ARM.Collect$$rtentry$$00000000          0x080002c4   Section        0  __rtentry.o(.ARM.Collect$$rtentry$$00000000)
    .ARM.Collect$$rtentry$$00000002          0x080002c4   Section        0  __rtentry2.o(.ARM.Collect$$rtentry$$00000002)
    .ARM.Collect$$rtentry$$00000004          0x080002c4   Section        6  __rtentry4.o(.ARM.Collect$$rtentry$$00000004)
    .ARM.Collect$$rtentry$$00000009          0x080002ca   Section        0  __rtentry2.o(.ARM.Collect$$rtentry$$00000009)
    .ARM.Collect$$rtentry$$0000000A          0x080002ca   Section        4  __rtentry2.o(.ARM.Collect$$rtentry$$0000000A)
    .ARM.Collect$$rtentry$$0000000C          0x080002ce   Section        0  __rtentry2.o(.ARM.Collect$$rtentry$$0000000C)
    .ARM.Collect$$rtentry$$0000000D          0x080002ce   Section        8  __rtentry2.o(.ARM.Collect$$rtentry$$0000000D)
    .ARM.Collect$$rtexit$$00000000           0x080002d6   Section        2  rtexit.o(.ARM.Collect$$rtexit$$00000000)
    .ARM.Collect$$rtexit$$00000002           0x080002d8   Section        0  rtexit2.o(.ARM.Collect$$rtexit$$00000002)
    .ARM.Collect$$rtexit$$00000003           0x080002d8   Section        4  rtexit2.o(.ARM.Collect$$rtexit$$00000003)
    .ARM.Collect$$rtexit$$00000004           0x080002dc   Section        6  rtexit2.o(.ARM.Collect$$rtexit$$00000004)
    $v0                                      0x080002e4   Number         0  startup_stm32f303xc.o(.text)
    .text                                    0x080002e4   Section       64  startup_stm32f303xc.o(.text)
    .text                                    0x08000324   Section        0  printf.o(.text)
    .text                                    0x08000340   Section      124  strcmpv7em.o(.text)
    .text                                    0x080003bc   Section        0  heapauxi.o(.text)
    .text                                    0x080003c2   Section        0  _printf_pad.o(.text)
    .text                                    0x08000410   Section        0  _printf_truncate.o(.text)
    .text                                    0x08000434   Section        0  _printf_str.o(.text)
    .text                                    0x08000488   Section        0  _printf_dec.o(.text)
    .text                                    0x08000500   Section        0  _printf_charcount.o(.text)
    .text                                    0x08000528   Section        0  _printf_char_file.o(.text)
    .text                                    0x0800054c   Section        0  _printf_wctomb.o(.text)
    .text                                    0x08000608   Section        0  _printf_longlong_dec.o(.text)
    _printf_longlong_oct_internal            0x08000685   Thumb Code     0  _printf_oct_int_ll.o(.text)
    .text                                    0x08000684   Section        0  _printf_oct_int_ll.o(.text)
    _printf_hex_common                       0x080006f5   Thumb Code     0  _printf_hex_int_ll_ptr.o(.text)
    .text                                    0x080006f4   Section        0  _printf_hex_int_ll_ptr.o(.text)
    .text                                    0x08000788   Section        0  __printf_flags_ss_wp.o(.text)
    .text                                    0x08000910   Section      138  lludiv10.o(.text)
    .text                                    0x0800099a   Section        0  _printf_intcommon.o(.text)
    _fp_digits                               0x08000a4d   Thumb Code   432  _printf_fp_dec.o(.text)
    .text                                    0x08000a4c   Section        0  _printf_fp_dec.o(.text)
    .text                                    0x08000e68   Section        0  _printf_fp_hex.o(.text)
    _printf_input_char                       0x08001165   Thumb Code    10  _printf_char_common.o(.text)
    .text                                    0x08001164   Section        0  _printf_char_common.o(.text)
    .text                                    0x08001194   Section        0  _printf_char.o(.text)
    .text                                    0x080011c0   Section        0  _printf_wchar.o(.text)
    .text                                    0x080011ec   Section        0  ferror.o(.text)
    .text                                    0x080011f4   Section        0  initio.o(.text)
    .text                                    0x0800132c   Section        0  _c16rtomb.o(.text)
    .text                                    0x08001374   Section       74  sys_stackheap_outer.o(.text)
    .text                                    0x080013c0   Section       16  rt_ctype_table.o(.text)
    .text                                    0x080013d0   Section        8  rt_locale_intlibspace.o(.text)
    .text                                    0x080013d8   Section        0  h1_free.o(.text)
    .text                                    0x08001428   Section        0  _printf_fp_infnan.o(.text)
    .text                                    0x080014a8   Section        0  bigflt0.o(.text)
    .text                                    0x0800158c   Section        0  flsbuf.o(.text)
    .text                                    0x08001762   Section        0  setvbuf.o(.text)
    _freopen_locked                          0x080017a9   Thumb Code     0  fopen.o(.text)
    .text                                    0x080017a8   Section        0  fopen.o(.text)
    .text                                    0x08001898   Section        0  fclose.o(.text)
    .text                                    0x080018e4   Section        0  exit.o(.text)
    .text                                    0x080018f6   Section        0  defsig_rtred_outer.o(.text)
    .text                                    0x08001904   Section       78  rt_memclr_w.o(.text)
    .text                                    0x08001954   Section        8  libspace.o(.text)
    .text                                    0x0800195c   Section        8  rt_heap_descriptor_intlibspace.o(.text)
    .text                                    0x08001964   Section        0  hguard.o(.text)
    .text                                    0x08001968   Section        0  init_alloc.o(.text)
    .text                                    0x080019f2   Section        0  h1_alloc.o(.text)
    .text                                    0x08001a50   Section        0  fseek.o(.text)
    .text                                    0x08001b48   Section        0  stdio.o(.text)
    .text                                    0x08001c38   Section        0  defsig_exit.o(.text)
    .text                                    0x08001c44   Section        0  defsig_rtred_inner.o(.text)
    .text                                    0x08001c78   Section        0  sys_exit.o(.text)
    .text                                    0x08001c84   Section        0  maybetermalloc1.o(.text)
    .text                                    0x08001c84   Section        0  h1_init.o(.text)
    .text                                    0x08001c92   Section        0  h1_extend.o(.text)
    .text                                    0x08001cc6   Section        0  ftell.o(.text)
    .text                                    0x08001d08   Section        0  defsig_general.o(.text)
    .text                                    0x08001d3a   Section        0  defsig_rtmem_outer.o(.text)
    .text                                    0x08001d48   Section        0  sys_wrch.o(.text)
    .text                                    0x08001d56   Section        2  use_no_semi.o(.text)
    .text                                    0x08001d58   Section        0  indicate_semi.o(.text)
    .text                                    0x08001d58   Section        8  rt_errno_addr_intlibspace.o(.text)
    .text                                    0x08001d60   Section        0  defsig_rtmem_inner.o(.text)
    [Anonymous Symbol]                       0x08001db0   Section        0  main.o(.text.EXTI0_IRQHandler)
    [Anonymous Symbol]                       0x08001dd8   Section        0  main.o(.text.EXTI1_IRQHandler)
    [Anonymous Symbol]                       0x08001e00   Section        0  main.o(.text.EXTI3_IRQHandler)
    [Anonymous Symbol]                       0x08001e28   Section        0  main.o(.text.EXTI4_IRQHandler)
    ITM_SendChar                             0x08001e51   Thumb Code    68  main.o(.text.ITM_SendChar)
    [Anonymous Symbol]                       0x08001e50   Section        0  main.o(.text.ITM_SendChar)
    [Anonymous Symbol]                       0x08001e94   Section        0  retarget_io.o(.text.ITM_SendChar)
    NVIC_DecodePriority                      0x08001ed9   Thumb Code   118  main.o(.text.NVIC_DecodePriority)
    [Anonymous Symbol]                       0x08001ed8   Section        0  main.o(.text.NVIC_DecodePriority)
    NVIC_EncodePriority                      0x08001f51   Thumb Code   108  main.o(.text.NVIC_EncodePriority)
    [Anonymous Symbol]                       0x08001f50   Section        0  main.o(.text.NVIC_EncodePriority)
    [Anonymous Symbol]                       0x08001fbc   Section        0  main.o(.text.SetupTIM4)
    SysTick_Config                           0x08002049   Thumb Code    82  main.o(.text.SysTick_Config)
    [Anonymous Symbol]                       0x08002048   Section        0  main.o(.text.SysTick_Config)
    [Anonymous Symbol]                       0x0800209c   Section        0  main.o(.text.SysTick_Handler)
    [Anonymous Symbol]                       0x080020cc   Section        0  system_stm32f3xx.o(.text.SystemCoreClockUpdate)
    [Anonymous Symbol]                       0x080021dc   Section        0  system_stm32f3xx.o(.text.SystemInit)
    [Anonymous Symbol]                       0x080021f0   Section        0  main.o(.text.TIM4_IRQHandler)
    __NVIC_EnableIRQ                         0x08002215   Thumb Code    48  main.o(.text.__NVIC_EnableIRQ)
    [Anonymous Symbol]                       0x08002214   Section        0  main.o(.text.__NVIC_EnableIRQ)
    __NVIC_GetPriority                       0x08002245   Thumb Code    66  main.o(.text.__NVIC_GetPriority)
    [Anonymous Symbol]                       0x08002244   Section        0  main.o(.text.__NVIC_GetPriority)
    __NVIC_GetPriorityGrouping               0x08002289   Thumb Code    16  main.o(.text.__NVIC_GetPriorityGrouping)
    [Anonymous Symbol]                       0x08002288   Section        0  main.o(.text.__NVIC_GetPriorityGrouping)
    __NVIC_SetPriority                       0x08002299   Thumb Code    66  main.o(.text.__NVIC_SetPriority)
    [Anonymous Symbol]                       0x08002298   Section        0  main.o(.text.__NVIC_SetPriority)
    __NVIC_SetPriorityGrouping               0x080022dd   Thumb Code    60  main.o(.text.__NVIC_SetPriorityGrouping)
    [Anonymous Symbol]                       0x080022dc   Section        0  main.o(.text.__NVIC_SetPriorityGrouping)
    [Anonymous Symbol]                       0x08002318   Section        0  retarget_io.o(.text._sys_close)
    [Anonymous Symbol]                       0x08002364   Section        0  retarget_io.o(.text._sys_flen)
    [Anonymous Symbol]                       0x080023ac   Section        0  retarget_io.o(.text._sys_istty)
    [Anonymous Symbol]                       0x080023f4   Section        0  retarget_io.o(.text._sys_open)
    [Anonymous Symbol]                       0x08002478   Section        0  retarget_io.o(.text._sys_seek)
    [Anonymous Symbol]                       0x080024cc   Section        0  retarget_io.o(.text._sys_write)
    [Anonymous Symbol]                       0x08002544   Section        0  main.o(.text.delay)
    [Anonymous Symbol]                       0x08002564   Section        0  main.o(.text.main)
    stdout_putchar                           0x08002809   Thumb Code    16  retarget_io.o(.text.stdout_putchar)
    [Anonymous Symbol]                       0x08002808   Section        0  retarget_io.o(.text.stdout_putchar)
    CL$$btod_d2e                             0x08002818   Section       62  btod.o(CL$$btod_d2e)
    CL$$btod_d2e_denorm_low                  0x08002856   Section       70  btod.o(CL$$btod_d2e_denorm_low)
    CL$$btod_d2e_norm_op1                    0x0800289c   Section       96  btod.o(CL$$btod_d2e_norm_op1)
    CL$$btod_div_common                      0x080028fc   Section      824  btod.o(CL$$btod_div_common)
    CL$$btod_e2e                             0x08002c34   Section      220  btod.o(CL$$btod_e2e)
    CL$$btod_ediv                            0x08002d10   Section       42  btod.o(CL$$btod_ediv)
    CL$$btod_emul                            0x08002d3a   Section       42  btod.o(CL$$btod_emul)
    CL$$btod_mult_common                     0x08002d64   Section      580  btod.o(CL$$btod_mult_common)
    i.__ARM_fpclassify                       0x08002fa8   Section        0  fpclassify.o(i.__ARM_fpclassify)
    i._is_digit                              0x08002fd8   Section        0  __printf_wp.o(i._is_digit)
    i.fputc                                  0x08002fe6   Section        0  fputc.o(i.fputc)
    locale$$code                             0x08003000   Section       44  lc_numeric_c.o(locale$$code)
    locale$$code                             0x0800302c   Section       44  lc_ctype_c.o(locale$$code)
    $v0                                      0x08003058   Number         0  fpinit.o(x$fpl$fpinit)
    x$fpl$fpinit                             0x08003058   Section       26  fpinit.o(x$fpl$fpinit)
    $v0                                      0x08003072   Number         0  printf1.o(x$fpl$printf1)
    x$fpl$printf1                            0x08003072   Section        4  printf1.o(x$fpl$printf1)
    $v0                                      0x08003076   Number         0  printf2.o(x$fpl$printf2)
    x$fpl$printf2                            0x08003076   Section        4  printf2.o(x$fpl$printf2)
    x$fpl$usenofp                            0x0800307a   Section        0  usenofp.o(x$fpl$usenofp)
    initial_mbstate                          0x0800307c   Data           8  _printf_wctomb.o(.constdata)
    .constdata                               0x0800307c   Section        8  _printf_wctomb.o(.constdata)
    uc_hextab                                0x08003084   Data          20  _printf_hex_int_ll_ptr.o(.constdata)
    .constdata                               0x08003084   Section       40  _printf_hex_int_ll_ptr.o(.constdata)
    lc_hextab                                0x08003098   Data          20  _printf_hex_int_ll_ptr.o(.constdata)
    maptable                                 0x080030ac   Data          17  __printf_flags_ss_wp.o(.constdata)
    .constdata                               0x080030ac   Section       17  __printf_flags_ss_wp.o(.constdata)
    lc_hextab                                0x080030bd   Data          19  _printf_fp_hex.o(.constdata)
    .constdata                               0x080030bd   Section       38  _printf_fp_hex.o(.constdata)
    uc_hextab                                0x080030d0   Data          19  _printf_fp_hex.o(.constdata)
    tenpwrs_x                                0x080030e4   Data          60  bigflt0.o(.constdata)
    .constdata                               0x080030e4   Section      148  bigflt0.o(.constdata)
    tenpwrs_i                                0x08003120   Data          64  bigflt0.o(.constdata)
    .L.str.1                                 0x0800319f   Data          20  main.o(.rodata.str1.1)
    [Anonymous Symbol]                       0x0800319f   Section        0  main.o(.rodata.str1.1)
    .L.str.2                                 0x080031b3   Data          44  main.o(.rodata.str1.1)
    .L.str.3                                 0x080031df   Data          44  main.o(.rodata.str1.1)
    .L.str.4                                 0x0800320b   Data          44  main.o(.rodata.str1.1)
    .L.str.5                                 0x08003237   Data          44  main.o(.rodata.str1.1)
    .L.str.6                                 0x08003263   Data          16  main.o(.rodata.str1.1)
    .L.str                                   0x08003273   Data           8  main.o(.rodata.str1.1)
    .L.str                                   0x0800327b   Data           7  retarget_io.o(.rodata.str1.1)
    [Anonymous Symbol]                       0x0800327b   Section        0  retarget_io.o(.rodata.str1.1)
    .L.str.2                                 0x08003282   Data           8  retarget_io.o(.rodata.str1.1)
    .L.str.1                                 0x0800328a   Data           8  retarget_io.o(.rodata.str1.1)
    locale$$data                             0x080032b4   Section       28  lc_numeric_c.o(locale$$data)
    __lcnum_c_name                           0x080032b8   Data           2  lc_numeric_c.o(locale$$data)
    __lcnum_c_start                          0x080032c0   Data           0  lc_numeric_c.o(locale$$data)
    __lcnum_c_point                          0x080032cc   Data           0  lc_numeric_c.o(locale$$data)
    __lcnum_c_thousands                      0x080032ce   Data           0  lc_numeric_c.o(locale$$data)
    __lcnum_c_grouping                       0x080032cf   Data           0  lc_numeric_c.o(locale$$data)
    __lcnum_c_end                            0x080032d0   Data           0  lc_numeric_c.o(locale$$data)
    locale$$data                             0x080032d0   Section      272  lc_ctype_c.o(locale$$data)
    __lcctype_c_name                         0x080032d4   Data           2  lc_ctype_c.o(locale$$data)
    __lcctype_c_start                        0x080032dc   Data           0  lc_ctype_c.o(locale$$data)
    __lcctype_c_end                          0x080033e0   Data           0  lc_ctype_c.o(locale$$data)
    .data                                    0x20000000   Section        4  stdio_streams.o(.data)
    .data                                    0x20000004   Section        4  stdio_streams.o(.data)
    .data                                    0x20000008   Section        4  stdio_streams.o(.data)
    .bss                                     0x20000010   Section       84  stdio_streams.o(.bss)
    .bss                                     0x20000064   Section       84  stdio_streams.o(.bss)
    .bss                                     0x200000b8   Section       84  stdio_streams.o(.bss)
    .bss                                     0x2000010c   Section       96  libspace.o(.bss)
    ui_count100ms                            0x2000016c   Data           4  main.o(.bss.ui_count100ms)
    [Anonymous Symbol]                       0x2000016c   Section        0  main.o(.bss.ui_count100ms)
    Heap_Mem                                 0x20000170   Data         512  startup_stm32f303xc.o(HEAP)
    HEAP                                     0x20000170   Section      512  startup_stm32f303xc.o(HEAP)
    Stack_Mem                                0x20000370   Data        1024  startup_stm32f303xc.o(STACK)
    STACK                                    0x20000370   Section     1024  startup_stm32f303xc.o(STACK)
    __initial_sp                             0x20000770   Data           0  startup_stm32f303xc.o(STACK)

    Global Symbols

    Symbol Name                              Value     Ov Type        Size  Object(Section)

    BuildAttributes$$THM_ISAv4$E$P$D$K$B$S$7EM$VFPi3$EXTD16$VFPS$VFMA$PE$A:L22UL41UL21$X:L11$S22US41US21$IEEE1$IW$~IW$USESV6$~STKCKD$USESV7$~SHL$OTIME$ROPI$IEEEJ$EBA8$UX$STANDARDLIB$REQ8$PRES8$EABIv2 0x00000000   Number         0  anon$$obj.o ABSOLUTE
    _printf_flags                            0x00000000   Number         0  printf_stubs.o ABSOLUTE
    _printf_return_value                     0x00000000   Number         0  printf_stubs.o ABSOLUTE
    _printf_sizespec                         0x00000000   Number         0  printf_stubs.o ABSOLUTE
    _printf_widthprec                        0x00000000   Number         0  printf_stubs.o ABSOLUTE
    __ARM_exceptions_init                     - Undefined Weak Reference
    __alloca_initialize                       - Undefined Weak Reference
    __arm_preinit_                            - Undefined Weak Reference
    __cpp_initialize__aeabi_                  - Undefined Weak Reference
    __cxa_finalize                            - Undefined Weak Reference
    __sigvec_lookup                           - Undefined Weak Reference
    __user_heap_extent                        - Undefined Weak Reference
    _atexit_init                              - Undefined Weak Reference
    _call_atexit_fns                          - Undefined Weak Reference
    _clock_init                               - Undefined Weak Reference
    _fp_trap_init                             - Undefined Weak Reference
    _fp_trap_shutdown                         - Undefined Weak Reference
    _get_lc_collate                           - Undefined Weak Reference
    _get_lc_monetary                          - Undefined Weak Reference
    _get_lc_time                              - Undefined Weak Reference
    _getenv_init                              - Undefined Weak Reference
    _handle_redirection                       - Undefined Weak Reference
    _mutex_acquire                            - Undefined Weak Reference
    _mutex_free                               - Undefined Weak Reference
    _mutex_release                            - Undefined Weak Reference
    _printf_mbtowc                            - Undefined Weak Reference
    _printf_wc                                - Undefined Weak Reference
    _rand_init                                - Undefined Weak Reference
    _signal_finish                            - Undefined Weak Reference
    _signal_init                              - Undefined Weak Reference
    __Vectors_Size                           0x00000188   Number         0  startup_stm32f303xc.o ABSOLUTE
    __Vectors                                0x08000000   Data           4  startup_stm32f303xc.o(RESET)
    __Vectors_End                            0x08000188   Data           0  startup_stm32f303xc.o(RESET)
    __main                                   0x08000189   Thumb Code     8  __main.o(!!!main)
    __scatterload                            0x08000191   Thumb Code     0  __scatter.o(!!!scatter)
    __scatterload_rt2                        0x08000191   Thumb Code    44  __scatter.o(!!!scatter)
    __scatterload_rt2_thumb_only             0x08000191   Thumb Code     0  __scatter.o(!!!scatter)
    __scatterload_null                       0x0800019f   Thumb Code     0  __scatter.o(!!!scatter)
    __scatterload_copy                       0x080001c5   Thumb Code    26  __scatter_copy.o(!!handler_copy)
    __scatterload_zeroinit                   0x080001e1   Thumb Code    28  __scatter_zi.o(!!handler_zi)
    _printf_n                                0x080001fd   Thumb Code     0  _printf_n.o(.ARM.Collect$$_printf_percent$$00000001)
    _printf_percent                          0x080001fd   Thumb Code     0  _printf_percent.o(.ARM.Collect$$_printf_percent$$00000000)
    _printf_p                                0x08000203   Thumb Code     0  _printf_p.o(.ARM.Collect$$_printf_percent$$00000002)
    _printf_f                                0x08000209   Thumb Code     0  _printf_f.o(.ARM.Collect$$_printf_percent$$00000003)
    _printf_e                                0x0800020f   Thumb Code     0  _printf_e.o(.ARM.Collect$$_printf_percent$$00000004)
    _printf_g                                0x08000215   Thumb Code     0  _printf_g.o(.ARM.Collect$$_printf_percent$$00000005)
    _printf_a                                0x0800021b   Thumb Code     0  _printf_a.o(.ARM.Collect$$_printf_percent$$00000006)
    _printf_ll                               0x08000221   Thumb Code     0  _printf_ll.o(.ARM.Collect$$_printf_percent$$00000007)
    _printf_i                                0x0800022b   Thumb Code     0  _printf_i.o(.ARM.Collect$$_printf_percent$$00000008)
    _printf_d                                0x08000231   Thumb Code     0  _printf_d.o(.ARM.Collect$$_printf_percent$$00000009)
    _printf_u                                0x08000237   Thumb Code     0  _printf_u.o(.ARM.Collect$$_printf_percent$$0000000A)
    _printf_o                                0x0800023d   Thumb Code     0  _printf_o.o(.ARM.Collect$$_printf_percent$$0000000B)
    _printf_x                                0x08000243   Thumb Code     0  _printf_x.o(.ARM.Collect$$_printf_percent$$0000000C)
    _printf_lli                              0x08000249   Thumb Code     0  _printf_lli.o(.ARM.Collect$$_printf_percent$$0000000D)
    _printf_lld                              0x0800024f   Thumb Code     0  _printf_lld.o(.ARM.Collect$$_printf_percent$$0000000E)
    _printf_llu                              0x08000255   Thumb Code     0  _printf_llu.o(.ARM.Collect$$_printf_percent$$0000000F)
    _printf_llo                              0x0800025b   Thumb Code     0  _printf_llo.o(.ARM.Collect$$_printf_percent$$00000010)
    _printf_llx                              0x08000261   Thumb Code     0  _printf_llx.o(.ARM.Collect$$_printf_percent$$00000011)
    _printf_l                                0x08000267   Thumb Code     0  _printf_l.o(.ARM.Collect$$_printf_percent$$00000012)
    _printf_c                                0x08000271   Thumb Code     0  _printf_c.o(.ARM.Collect$$_printf_percent$$00000013)
    _printf_s                                0x08000277   Thumb Code     0  _printf_s.o(.ARM.Collect$$_printf_percent$$00000014)
    _printf_lc                               0x0800027d   Thumb Code     0  _printf_lc.o(.ARM.Collect$$_printf_percent$$00000015)
    _printf_ls                               0x08000283   Thumb Code     0  _printf_ls.o(.ARM.Collect$$_printf_percent$$00000016)
    _printf_percent_end                      0x08000289   Thumb Code     0  _printf_percent_end.o(.ARM.Collect$$_printf_percent$$00000017)
    __rt_lib_init                            0x0800028d   Thumb Code     0  libinit.o(.ARM.Collect$$libinit$$00000000)
    __rt_lib_init_fp_1                       0x0800028f   Thumb Code     0  libinit2.o(.ARM.Collect$$libinit$$00000001)
    __rt_lib_init_heap_2                     0x08000293   Thumb Code     0  libinit2.o(.ARM.Collect$$libinit$$00000005)
    __rt_lib_init_preinit_1                  0x08000293   Thumb Code     0  libinit2.o(.ARM.Collect$$libinit$$00000004)
    __rt_lib_init_heap_1                     0x0800029b   Thumb Code     0  libinit2.o(.ARM.Collect$$libinit$$0000000A)
    __rt_lib_init_lc_common                  0x0800029b   Thumb Code     0  libinit2.o(.ARM.Collect$$libinit$$0000000F)
    __rt_lib_init_rand_1                     0x0800029b   Thumb Code     0  libinit2.o(.ARM.Collect$$libinit$$0000000E)
    __rt_lib_init_user_alloc_1               0x0800029b   Thumb Code     0  libinit2.o(.ARM.Collect$$libinit$$0000000C)
    __rt_lib_init_lc_collate_1               0x080002a1   Thumb Code     0  libinit2.o(.ARM.Collect$$libinit$$00000011)
    __rt_lib_init_lc_ctype_2                 0x080002a1   Thumb Code     0  libinit2.o(.ARM.Collect$$libinit$$00000012)
    __rt_lib_init_lc_ctype_1                 0x080002ad   Thumb Code     0  libinit2.o(.ARM.Collect$$libinit$$00000013)
    __rt_lib_init_lc_monetary_1              0x080002ad   Thumb Code     0  libinit2.o(.ARM.Collect$$libinit$$00000015)
    __rt_lib_init_lc_numeric_2               0x080002ad   Thumb Code     0  libinit2.o(.ARM.Collect$$libinit$$00000016)
    __rt_lib_init_atexit_1                   0x080002b7   Thumb Code     0  libinit2.o(.ARM.Collect$$libinit$$0000001B)
    __rt_lib_init_clock_1                    0x080002b7   Thumb Code     0  libinit2.o(.ARM.Collect$$libinit$$00000021)
    __rt_lib_init_fp_trap_1                  0x080002b7   Thumb Code     0  libinit2.o(.ARM.Collect$$libinit$$0000001F)
    __rt_lib_init_getenv_1                   0x080002b7   Thumb Code     0  libinit2.o(.ARM.Collect$$libinit$$00000023)
    __rt_lib_init_lc_numeric_1               0x080002b7   Thumb Code     0  libinit2.o(.ARM.Collect$$libinit$$00000017)
    __rt_lib_init_lc_time_1                  0x080002b7   Thumb Code     0  libinit2.o(.ARM.Collect$$libinit$$00000019)
    __rt_lib_init_signal_1                   0x080002b7   Thumb Code     0  libinit2.o(.ARM.Collect$$libinit$$0000001D)
    __rt_lib_init_stdio_2                    0x080002b7   Thumb Code     0  libinit2.o(.ARM.Collect$$libinit$$00000024)
    __rt_lib_init_alloca_1                   0x080002bb   Thumb Code     0  libinit2.o(.ARM.Collect$$libinit$$0000002E)
    __rt_lib_init_argv_1                     0x080002bb   Thumb Code     0  libinit2.o(.ARM.Collect$$libinit$$0000002C)
    __rt_lib_init_cpp_1                      0x080002bb   Thumb Code     0  libinit2.o(.ARM.Collect$$libinit$$00000032)
    __rt_lib_init_exceptions_1               0x080002bb   Thumb Code     0  libinit2.o(.ARM.Collect$$libinit$$00000030)
    __rt_lib_init_return                     0x080002bb   Thumb Code     0  libinit2.o(.ARM.Collect$$libinit$$00000033)
    __rt_lib_init_stdio_1                    0x080002bb   Thumb Code     0  libinit2.o(.ARM.Collect$$libinit$$00000025)
    __rt_lib_shutdown                        0x080002bd   Thumb Code     0  libshutdown.o(.ARM.Collect$$libshutdown$$00000000)
    __rt_lib_shutdown_cpp_1                  0x080002bf   Thumb Code     0  libshutdown2.o(.ARM.Collect$$libshutdown$$00000002)
    __rt_lib_shutdown_stdio_2                0x080002bf   Thumb Code     0  libshutdown2.o(.ARM.Collect$$libshutdown$$00000003)
    __rt_lib_shutdown_fp_trap_1              0x080002c3   Thumb Code     0  libshutdown2.o(.ARM.Collect$$libshutdown$$00000007)
    __rt_lib_shutdown_heap_1                 0x080002c3   Thumb Code     0  libshutdown2.o(.ARM.Collect$$libshutdown$$0000000F)
    __rt_lib_shutdown_return                 0x080002c3   Thumb Code     0  libshutdown2.o(.ARM.Collect$$libshutdown$$00000010)
    __rt_lib_shutdown_signal_1               0x080002c3   Thumb Code     0  libshutdown2.o(.ARM.Collect$$libshutdown$$0000000A)
    __rt_lib_shutdown_stdio_1                0x080002c3   Thumb Code     0  libshutdown2.o(.ARM.Collect$$libshutdown$$00000004)
    __rt_lib_shutdown_user_alloc_1           0x080002c3   Thumb Code     0  libshutdown2.o(.ARM.Collect$$libshutdown$$0000000C)
    __rt_entry                               0x080002c5   Thumb Code     0  __rtentry.o(.ARM.Collect$$rtentry$$00000000)
    __rt_entry_presh_1                       0x080002c5   Thumb Code     0  __rtentry2.o(.ARM.Collect$$rtentry$$00000002)
    __rt_entry_sh                            0x080002c5   Thumb Code     0  __rtentry4.o(.ARM.Collect$$rtentry$$00000004)
    __rt_entry_li                            0x080002cb   Thumb Code     0  __rtentry2.o(.ARM.Collect$$rtentry$$0000000A)
    __rt_entry_postsh_1                      0x080002cb   Thumb Code     0  __rtentry2.o(.ARM.Collect$$rtentry$$00000009)
    __rt_entry_main                          0x080002cf   Thumb Code     0  __rtentry2.o(.ARM.Collect$$rtentry$$0000000D)
    __rt_entry_postli_1                      0x080002cf   Thumb Code     0  __rtentry2.o(.ARM.Collect$$rtentry$$0000000C)
    __rt_exit                                0x080002d7   Thumb Code     0  rtexit.o(.ARM.Collect$$rtexit$$00000000)
    __rt_exit_ls                             0x080002d9   Thumb Code     0  rtexit2.o(.ARM.Collect$$rtexit$$00000003)
    __rt_exit_prels_1                        0x080002d9   Thumb Code     0  rtexit2.o(.ARM.Collect$$rtexit$$00000002)
    __rt_exit_exit                           0x080002dd   Thumb Code     0  rtexit2.o(.ARM.Collect$$rtexit$$00000004)
    Reset_Handler                            0x080002e5   Thumb Code     8  startup_stm32f303xc.o(.text)
    NMI_Handler                              0x080002ed   Thumb Code     2  startup_stm32f303xc.o(.text)
    HardFault_Handler                        0x080002ef   Thumb Code     2  startup_stm32f303xc.o(.text)
    MemManage_Handler                        0x080002f1   Thumb Code     2  startup_stm32f303xc.o(.text)
    BusFault_Handler                         0x080002f3   Thumb Code     2  startup_stm32f303xc.o(.text)
    UsageFault_Handler                       0x080002f5   Thumb Code     2  startup_stm32f303xc.o(.text)
    SVC_Handler                              0x080002f7   Thumb Code     2  startup_stm32f303xc.o(.text)
    DebugMon_Handler                         0x080002f9   Thumb Code     2  startup_stm32f303xc.o(.text)
    PendSV_Handler                           0x080002fb   Thumb Code     2  startup_stm32f303xc.o(.text)
    ADC1_2_IRQHandler                        0x080002ff   Thumb Code     0  startup_stm32f303xc.o(.text)
    ADC3_IRQHandler                          0x080002ff   Thumb Code     0  startup_stm32f303xc.o(.text)
    ADC4_IRQHandler                          0x080002ff   Thumb Code     0  startup_stm32f303xc.o(.text)
    CAN_RX1_IRQHandler                       0x080002ff   Thumb Code     0  startup_stm32f303xc.o(.text)
    CAN_SCE_IRQHandler                       0x080002ff   Thumb Code     0  startup_stm32f303xc.o(.text)
    COMP1_2_3_IRQHandler                     0x080002ff   Thumb Code     0  startup_stm32f303xc.o(.text)
    COMP4_5_6_IRQHandler                     0x080002ff   Thumb Code     0  startup_stm32f303xc.o(.text)
    COMP7_IRQHandler                         0x080002ff   Thumb Code     0  startup_stm32f303xc.o(.text)
    DMA1_Channel1_IRQHandler                 0x080002ff   Thumb Code     0  startup_stm32f303xc.o(.text)
    DMA1_Channel2_IRQHandler                 0x080002ff   Thumb Code     0  startup_stm32f303xc.o(.text)
    DMA1_Channel3_IRQHandler                 0x080002ff   Thumb Code     0  startup_stm32f303xc.o(.text)
    DMA1_Channel4_IRQHandler                 0x080002ff   Thumb Code     0  startup_stm32f303xc.o(.text)
    DMA1_Channel5_IRQHandler                 0x080002ff   Thumb Code     0  startup_stm32f303xc.o(.text)
    DMA1_Channel6_IRQHandler                 0x080002ff   Thumb Code     0  startup_stm32f303xc.o(.text)
    DMA1_Channel7_IRQHandler                 0x080002ff   Thumb Code     0  startup_stm32f303xc.o(.text)
    DMA2_Channel1_IRQHandler                 0x080002ff   Thumb Code     0  startup_stm32f303xc.o(.text)
    DMA2_Channel2_IRQHandler                 0x080002ff   Thumb Code     0  startup_stm32f303xc.o(.text)
    DMA2_Channel3_IRQHandler                 0x080002ff   Thumb Code     0  startup_stm32f303xc.o(.text)
    DMA2_Channel4_IRQHandler                 0x080002ff   Thumb Code     0  startup_stm32f303xc.o(.text)
    DMA2_Channel5_IRQHandler                 0x080002ff   Thumb Code     0  startup_stm32f303xc.o(.text)
    EXTI15_10_IRQHandler                     0x080002ff   Thumb Code     0  startup_stm32f303xc.o(.text)
    EXTI2_TSC_IRQHandler                     0x080002ff   Thumb Code     0  startup_stm32f303xc.o(.text)
    EXTI9_5_IRQHandler                       0x080002ff   Thumb Code     0  startup_stm32f303xc.o(.text)
    FLASH_IRQHandler                         0x080002ff   Thumb Code     0  startup_stm32f303xc.o(.text)
    FPU_IRQHandler                           0x080002ff   Thumb Code     0  startup_stm32f303xc.o(.text)
    I2C1_ER_IRQHandler                       0x080002ff   Thumb Code     0  startup_stm32f303xc.o(.text)
    I2C1_EV_IRQHandler                       0x080002ff   Thumb Code     0  startup_stm32f303xc.o(.text)
    I2C2_ER_IRQHandler                       0x080002ff   Thumb Code     0  startup_stm32f303xc.o(.text)
    I2C2_EV_IRQHandler                       0x080002ff   Thumb Code     0  startup_stm32f303xc.o(.text)
    PVD_IRQHandler                           0x080002ff   Thumb Code     0  startup_stm32f303xc.o(.text)
    RCC_IRQHandler                           0x080002ff   Thumb Code     0  startup_stm32f303xc.o(.text)
    RTC_Alarm_IRQHandler                     0x080002ff   Thumb Code     0  startup_stm32f303xc.o(.text)
    RTC_WKUP_IRQHandler                      0x080002ff   Thumb Code     0  startup_stm32f303xc.o(.text)
    SPI1_IRQHandler                          0x080002ff   Thumb Code     0  startup_stm32f303xc.o(.text)
    SPI2_IRQHandler                          0x080002ff   Thumb Code     0  startup_stm32f303xc.o(.text)
    SPI3_IRQHandler                          0x080002ff   Thumb Code     0  startup_stm32f303xc.o(.text)
    TAMP_STAMP_IRQHandler                    0x080002ff   Thumb Code     0  startup_stm32f303xc.o(.text)
    TIM1_BRK_TIM15_IRQHandler                0x080002ff   Thumb Code     0  startup_stm32f303xc.o(.text)
    TIM1_CC_IRQHandler                       0x080002ff   Thumb Code     0  startup_stm32f303xc.o(.text)
    TIM1_TRG_COM_TIM17_IRQHandler            0x080002ff   Thumb Code     0  startup_stm32f303xc.o(.text)
    TIM1_UP_TIM16_IRQHandler                 0x080002ff   Thumb Code     0  startup_stm32f303xc.o(.text)
    TIM2_IRQHandler                          0x080002ff   Thumb Code     0  startup_stm32f303xc.o(.text)
    TIM3_IRQHandler                          0x080002ff   Thumb Code     0  startup_stm32f303xc.o(.text)
    TIM6_DAC_IRQHandler                      0x080002ff   Thumb Code     0  startup_stm32f303xc.o(.text)
    TIM7_IRQHandler                          0x080002ff   Thumb Code     0  startup_stm32f303xc.o(.text)
    TIM8_BRK_IRQHandler                      0x080002ff   Thumb Code     0  startup_stm32f303xc.o(.text)
    TIM8_CC_IRQHandler                       0x080002ff   Thumb Code     0  startup_stm32f303xc.o(.text)
    TIM8_TRG_COM_IRQHandler                  0x080002ff   Thumb Code     0  startup_stm32f303xc.o(.text)
    TIM8_UP_IRQHandler                       0x080002ff   Thumb Code     0  startup_stm32f303xc.o(.text)
    UART4_IRQHandler                         0x080002ff   Thumb Code     0  startup_stm32f303xc.o(.text)
    UART5_IRQHandler                         0x080002ff   Thumb Code     0  startup_stm32f303xc.o(.text)
    USART1_IRQHandler                        0x080002ff   Thumb Code     0  startup_stm32f303xc.o(.text)
    USART2_IRQHandler                        0x080002ff   Thumb Code     0  startup_stm32f303xc.o(.text)
    USART3_IRQHandler                        0x080002ff   Thumb Code     0  startup_stm32f303xc.o(.text)
    USBWakeUp_IRQHandler                     0x080002ff   Thumb Code     0  startup_stm32f303xc.o(.text)
    USBWakeUp_RMP_IRQHandler                 0x080002ff   Thumb Code     0  startup_stm32f303xc.o(.text)
    USB_HP_CAN_TX_IRQHandler                 0x080002ff   Thumb Code     0  startup_stm32f303xc.o(.text)
    USB_HP_IRQHandler                        0x080002ff   Thumb Code     0  startup_stm32f303xc.o(.text)
    USB_LP_CAN_RX0_IRQHandler                0x080002ff   Thumb Code     0  startup_stm32f303xc.o(.text)
    USB_LP_IRQHandler                        0x080002ff   Thumb Code     0  startup_stm32f303xc.o(.text)
    WWDG_IRQHandler                          0x080002ff   Thumb Code     0  startup_stm32f303xc.o(.text)
    __user_initial_stackheap                 0x08000301   Thumb Code     0  startup_stm32f303xc.o(.text)
    printf                                   0x08000325   Thumb Code    20  printf.o(.text)
    strcmp                                   0x08000341   Thumb Code   124  strcmpv7em.o(.text)
    __use_two_region_memory                  0x080003bd   Thumb Code     2  heapauxi.o(.text)
    __rt_heap_escrow                         0x080003bf   Thumb Code     2  heapauxi.o(.text)
    __rt_heap_expand                         0x080003c1   Thumb Code     2  heapauxi.o(.text)
    _printf_pre_padding                      0x080003c3   Thumb Code    44  _printf_pad.o(.text)
    _printf_post_padding                     0x080003ef   Thumb Code    34  _printf_pad.o(.text)
    _printf_truncate_signed                  0x08000411   Thumb Code    18  _printf_truncate.o(.text)
    _printf_truncate_unsigned                0x08000423   Thumb Code    18  _printf_truncate.o(.text)
    _printf_str                              0x08000435   Thumb Code    82  _printf_str.o(.text)
    _printf_int_dec                          0x08000489   Thumb Code   104  _printf_dec.o(.text)
    _printf_charcount                        0x08000501   Thumb Code    40  _printf_charcount.o(.text)
    _printf_char_file                        0x08000529   Thumb Code    32  _printf_char_file.o(.text)
    _printf_wctomb                           0x0800054d   Thumb Code   182  _printf_wctomb.o(.text)
    _printf_longlong_dec                     0x08000609   Thumb Code   108  _printf_longlong_dec.o(.text)
    _printf_longlong_oct                     0x08000685   Thumb Code    68  _printf_oct_int_ll.o(.text)
    _printf_int_oct                          0x080006c9   Thumb Code    24  _printf_oct_int_ll.o(.text)
    _printf_ll_oct                           0x080006e1   Thumb Code    12  _printf_oct_int_ll.o(.text)
    _printf_longlong_hex                     0x080006f5   Thumb Code    86  _printf_hex_int_ll_ptr.o(.text)
    _printf_int_hex                          0x0800074b   Thumb Code    28  _printf_hex_int_ll_ptr.o(.text)
    _printf_ll_hex                           0x08000767   Thumb Code    12  _printf_hex_int_ll_ptr.o(.text)
    _printf_hex_ptr                          0x08000773   Thumb Code    18  _printf_hex_int_ll_ptr.o(.text)
    __printf                                 0x08000789   Thumb Code   388  __printf_flags_ss_wp.o(.text)
    _ll_udiv10                               0x08000911   Thumb Code   138  lludiv10.o(.text)
    _printf_int_common                       0x0800099b   Thumb Code   178  _printf_intcommon.o(.text)
    _printf_fp_dec_real                      0x08000bfd   Thumb Code   620  _printf_fp_dec.o(.text)
    _printf_fp_hex_real                      0x08000e69   Thumb Code   756  _printf_fp_hex.o(.text)
    _printf_char_common                      0x0800116f   Thumb Code    32  _printf_char_common.o(.text)
    _printf_cs_common                        0x08001195   Thumb Code    20  _printf_char.o(.text)
    _printf_char                             0x080011a9   Thumb Code    16  _printf_char.o(.text)
    _printf_string                           0x080011b9   Thumb Code     8  _printf_char.o(.text)
    _printf_lcs_common                       0x080011c1   Thumb Code    20  _printf_wchar.o(.text)
    _printf_wchar                            0x080011d5   Thumb Code    16  _printf_wchar.o(.text)
    _printf_wstring                          0x080011e5   Thumb Code     8  _printf_wchar.o(.text)
    ferror                                   0x080011ed   Thumb Code     8  ferror.o(.text)
    _initio                                  0x080011f5   Thumb Code   210  initio.o(.text)
    _terminateio                             0x080012c7   Thumb Code    56  initio.o(.text)
    _c16rtomb                                0x0800132d   Thumb Code    72  _c16rtomb.o(.text)
    _wcrtomb                                 0x0800132d   Thumb Code     0  _c16rtomb.o(.text)
    __user_setup_stackheap                   0x08001375   Thumb Code    74  sys_stackheap_outer.o(.text)
    __rt_ctype_table                         0x080013c1   Thumb Code    16  rt_ctype_table.o(.text)
    __rt_locale                              0x080013d1   Thumb Code     8  rt_locale_intlibspace.o(.text)
    free                                     0x080013d9   Thumb Code    78  h1_free.o(.text)
    _printf_fp_infnan                        0x08001429   Thumb Code   112  _printf_fp_infnan.o(.text)
    _btod_etento                             0x080014a9   Thumb Code   224  bigflt0.o(.text)
    __flsbuf                                 0x0800158d   Thumb Code   470  flsbuf.o(.text)
    __flsbuf_byte                            0x0800158d   Thumb Code     0  flsbuf.o(.text)
    __flsbuf_wide                            0x0800158d   Thumb Code     0  flsbuf.o(.text)
    setvbuf                                  0x08001763   Thumb Code    70  setvbuf.o(.text)
    freopen                                  0x080017a9   Thumb Code   160  fopen.o(.text)
    fopen                                    0x08001849   Thumb Code    74  fopen.o(.text)
    _fclose_internal                         0x08001899   Thumb Code    76  fclose.o(.text)
    fclose                                   0x08001899   Thumb Code     0  fclose.o(.text)
    exit                                     0x080018e5   Thumb Code    18  exit.o(.text)
    __rt_SIGRTRED                            0x080018f7   Thumb Code    14  defsig_rtred_outer.o(.text)
    __aeabi_memclr4                          0x08001905   Thumb Code     0  rt_memclr_w.o(.text)
    __aeabi_memclr8                          0x08001905   Thumb Code     0  rt_memclr_w.o(.text)
    __rt_memclr_w                            0x08001905   Thumb Code     0  rt_memclr_w.o(.text)
    _memset_w                                0x08001909   Thumb Code    74  rt_memclr_w.o(.text)
    __user_libspace                          0x08001955   Thumb Code     8  libspace.o(.text)
    __user_perproc_libspace                  0x08001955   Thumb Code     0  libspace.o(.text)
    __user_perthread_libspace                0x08001955   Thumb Code     0  libspace.o(.text)
    __rt_heap_descriptor                     0x0800195d   Thumb Code     8  rt_heap_descriptor_intlibspace.o(.text)
    __use_no_heap                            0x08001965   Thumb Code     2  hguard.o(.text)
    __heap$guard                             0x08001967   Thumb Code     2  hguard.o(.text)
    _terminate_user_alloc                    0x08001969   Thumb Code     2  init_alloc.o(.text)
    _init_user_alloc                         0x0800196b   Thumb Code     2  init_alloc.o(.text)
    __Heap_Full                              0x0800196d   Thumb Code    34  init_alloc.o(.text)
    __Heap_Broken                            0x0800198f   Thumb Code     6  init_alloc.o(.text)
    _init_alloc                              0x08001995   Thumb Code    94  init_alloc.o(.text)
    malloc                                   0x080019f3   Thumb Code    94  h1_alloc.o(.text)
    _fseek                                   0x08001a51   Thumb Code   242  fseek.o(.text)
    fseek                                    0x08001a51   Thumb Code     0  fseek.o(.text)
    _seterr                                  0x08001b49   Thumb Code    20  stdio.o(.text)
    _writebuf                                0x08001b5d   Thumb Code    84  stdio.o(.text)
    _fflush                                  0x08001bb1   Thumb Code    70  stdio.o(.text)
    _deferredlazyseek                        0x08001bf7   Thumb Code    60  stdio.o(.text)
    __sig_exit                               0x08001c39   Thumb Code    10  defsig_exit.o(.text)
    __rt_SIGRTRED_inner                      0x08001c45   Thumb Code    14  defsig_rtred_inner.o(.text)
    _sys_exit                                0x08001c79   Thumb Code     8  sys_exit.o(.text)
    __Heap_Initialize                        0x08001c85   Thumb Code    10  h1_init.o(.text)
    _maybe_terminate_alloc                   0x08001c85   Thumb Code     0  maybetermalloc1.o(.text)
    __Heap_DescSize                          0x08001c8f   Thumb Code     4  h1_init.o(.text)
    __Heap_ProvideMemory                     0x08001c93   Thumb Code    52  h1_extend.o(.text)
    _ftell_internal                          0x08001cc7   Thumb Code    66  ftell.o(.text)
    ftell                                    0x08001cc7   Thumb Code     0  ftell.o(.text)
    __default_signal_display                 0x08001d09   Thumb Code    50  defsig_general.o(.text)
    __rt_SIGRTMEM                            0x08001d3b   Thumb Code    14  defsig_rtmem_outer.o(.text)
    _ttywrch                                 0x08001d49   Thumb Code    14  sys_wrch.o(.text)
    __I$use$semihosting                      0x08001d57   Thumb Code     0  use_no_semi.o(.text)
    __use_no_semihosting_swi                 0x08001d57   Thumb Code     2  use_no_semi.o(.text)
    __aeabi_errno_addr                       0x08001d59   Thumb Code     8  rt_errno_addr_intlibspace.o(.text)
    __errno$intlibspace                      0x08001d59   Thumb Code     0  rt_errno_addr_intlibspace.o(.text)
    __rt_errno_addr$intlibspace              0x08001d59   Thumb Code     0  rt_errno_addr_intlibspace.o(.text)
    __semihosting_library_function           0x08001d59   Thumb Code     0  indicate_semi.o(.text)
    __rt_SIGRTMEM_inner                      0x08001d61   Thumb Code    22  defsig_rtmem_inner.o(.text)
    EXTI0_IRQHandler                         0x08001db1   Thumb Code    38  main.o(.text.EXTI0_IRQHandler)
    EXTI1_IRQHandler                         0x08001dd9   Thumb Code    38  main.o(.text.EXTI1_IRQHandler)
    EXTI3_IRQHandler                         0x08001e01   Thumb Code    38  main.o(.text.EXTI3_IRQHandler)
    EXTI4_IRQHandler                         0x08001e29   Thumb Code    38  main.o(.text.EXTI4_IRQHandler)
    ITM_SendChar                             0x08001e95   Thumb Code    66  retarget_io.o(.text.ITM_SendChar)
    SetupTIM4                                0x08001fbd   Thumb Code   138  main.o(.text.SetupTIM4)
    SysTick_Handler                          0x0800209d   Thumb Code    46  main.o(.text.SysTick_Handler)
    SystemCoreClockUpdate                    0x080020cd   Thumb Code   272  system_stm32f3xx.o(.text.SystemCoreClockUpdate)
    SystemInit                               0x080021dd   Thumb Code    18  system_stm32f3xx.o(.text.SystemInit)
    TIM4_IRQHandler                          0x080021f1   Thumb Code    36  main.o(.text.TIM4_IRQHandler)
    _sys_close                               0x08002319   Thumb Code    74  retarget_io.o(.text._sys_close)
    _sys_flen                                0x08002365   Thumb Code    72  retarget_io.o(.text._sys_flen)
    _sys_istty                               0x080023ad   Thumb Code    72  retarget_io.o(.text._sys_istty)
    _sys_open                                0x080023f5   Thumb Code   132  retarget_io.o(.text._sys_open)
    _sys_seek                                0x08002479   Thumb Code    82  retarget_io.o(.text._sys_seek)
    _sys_write                               0x080024cd   Thumb Code   118  retarget_io.o(.text._sys_write)
    delay                                    0x08002545   Thumb Code    32  main.o(.text.delay)
    main                                     0x08002565   Thumb Code   676  main.o(.text.main)
    _btod_d2e                                0x08002819   Thumb Code    62  btod.o(CL$$btod_d2e)
    _d2e_denorm_low                          0x08002857   Thumb Code    70  btod.o(CL$$btod_d2e_denorm_low)
    _d2e_norm_op1                            0x0800289d   Thumb Code    96  btod.o(CL$$btod_d2e_norm_op1)
    __btod_div_common                        0x080028fd   Thumb Code   696  btod.o(CL$$btod_div_common)
    _e2e                                     0x08002c35   Thumb Code   220  btod.o(CL$$btod_e2e)
    _btod_ediv                               0x08002d11   Thumb Code    42  btod.o(CL$$btod_ediv)
    _btod_emul                               0x08002d3b   Thumb Code    42  btod.o(CL$$btod_emul)
    __btod_mult_common                       0x08002d65   Thumb Code   580  btod.o(CL$$btod_mult_common)
    __ARM_fpclassify                         0x08002fa9   Thumb Code    48  fpclassify.o(i.__ARM_fpclassify)
    _is_digit                                0x08002fd9   Thumb Code    14  __printf_wp.o(i._is_digit)
    fputc                                    0x08002fe7   Thumb Code    26  fputc.o(i.fputc)
    _get_lc_numeric                          0x08003001   Thumb Code    44  lc_numeric_c.o(locale$$code)
    _get_lc_ctype                            0x0800302d   Thumb Code    44  lc_ctype_c.o(locale$$code)
    _fp_init                                 0x08003059   Thumb Code    26  fpinit.o(x$fpl$fpinit)
    __fplib_config_fpu_vfp                   0x08003071   Thumb Code     0  fpinit.o(x$fpl$fpinit)
    __fplib_config_pureend_doubles           0x08003071   Thumb Code     0  fpinit.o(x$fpl$fpinit)
    _printf_fp_dec                           0x08003073   Thumb Code     4  printf1.o(x$fpl$printf1)
    _printf_fp_hex                           0x08003077   Thumb Code     4  printf2.o(x$fpl$printf2)
    __I$use$fp                               0x0800307a   Number         0  usenofp.o(x$fpl$usenofp)
    AHBPrescTable                            0x08003178   Data          16  system_stm32f3xx.o(.rodata.AHBPrescTable)
    __stderr_name                            0x08003188   Data           8  retarget_io.o(.rodata.__stderr_name)
    __stdin_name                             0x08003190   Data           7  retarget_io.o(.rodata.__stdin_name)
    __stdout_name                            0x08003197   Data           8  retarget_io.o(.rodata.__stdout_name)
    Region$$Table$$Base                      0x08003294   Number         0  anon$$obj.o(Region$$Table)
    Region$$Table$$Limit                     0x080032b4   Number         0  anon$$obj.o(Region$$Table)
    __ctype                                  0x080032dd   Data           0  lc_ctype_c.o(locale$$data)
    __aeabi_stdin                            0x20000000   Data           4  stdio_streams.o(.data)
    __aeabi_stdout                           0x20000004   Data           4  stdio_streams.o(.data)
    __aeabi_stderr                           0x20000008   Data           4  stdio_streams.o(.data)
    SystemCoreClock                          0x2000000c   Data           4  system_stm32f3xx.o(.data.SystemCoreClock)
    __stdin                                  0x20000010   Data          84  stdio_streams.o(.bss)
    __stdout                                 0x20000064   Data          84  stdio_streams.o(.bss)
    __stderr                                 0x200000b8   Data          84  stdio_streams.o(.bss)
    __libspace_start                         0x2000010c   Data          96  libspace.o(.bss)
    __temporary_stack_top$libspace           0x2000016c   Data           0  libspace.o(.bss)



==============================================================================

Memory Map of the image

  Image Entry point : 0x080002e5

  Load Region LR_1 (Base: 0x08000000, Size: 0x000033f0, Max: 0xffffffff, ABSOLUTE)

    Execution Region ER_RO (Exec base: 0x08000000, Load base: 0x08000000, Size: 0x000033e0, Max: 0xffffffff, ABSOLUTE)

    Exec Addr    Load Addr    Size         Type   Attr      Idx    E Section Name        Object

    0x08000000   0x08000000   0x00000188   Data   RO           81    RESET               startup_stm32f303xc.o
    0x08000188   0x08000188   0x00000008   Code   RO          110  * !!!main             c_w.l(__main.o)
    0x08000190   0x08000190   0x00000034   Code   RO          619    !!!scatter          c_w.l(__scatter.o)
    0x080001c4   0x080001c4   0x0000001a   Code   RO          621    !!handler_copy      c_w.l(__scatter_copy.o)
    0x080001de   0x080001de   0x00000002   PAD
    0x080001e0   0x080001e0   0x0000001c   Code   RO          623    !!handler_zi        c_w.l(__scatter_zi.o)
    0x080001fc   0x080001fc   0x00000000   Code   RO          192    .ARM.Collect$$_printf_percent$$00000000  c_w.l(_printf_percent.o)
    0x080001fc   0x080001fc   0x00000006   Code   RO          181    .ARM.Collect$$_printf_percent$$00000001  c_w.l(_printf_n.o)
    0x08000202   0x08000202   0x00000006   Code   RO          183    .ARM.Collect$$_printf_percent$$00000002  c_w.l(_printf_p.o)
    0x08000208   0x08000208   0x00000006   Code   RO          188    .ARM.Collect$$_printf_percent$$00000003  c_w.l(_printf_f.o)
    0x0800020e   0x0800020e   0x00000006   Code   RO          189    .ARM.Collect$$_printf_percent$$00000004  c_w.l(_printf_e.o)
    0x08000214   0x08000214   0x00000006   Code   RO          190    .ARM.Collect$$_printf_percent$$00000005  c_w.l(_printf_g.o)
    0x0800021a   0x0800021a   0x00000006   Code   RO          191    .ARM.Collect$$_printf_percent$$00000006  c_w.l(_printf_a.o)
    0x08000220   0x08000220   0x0000000a   Code   RO          196    .ARM.Collect$$_printf_percent$$00000007  c_w.l(_printf_ll.o)
    0x0800022a   0x0800022a   0x00000006   Code   RO          185    .ARM.Collect$$_printf_percent$$00000008  c_w.l(_printf_i.o)
    0x08000230   0x08000230   0x00000006   Code   RO          186    .ARM.Collect$$_printf_percent$$00000009  c_w.l(_printf_d.o)
    0x08000236   0x08000236   0x00000006   Code   RO          187    .ARM.Collect$$_printf_percent$$0000000A  c_w.l(_printf_u.o)
    0x0800023c   0x0800023c   0x00000006   Code   RO          184    .ARM.Collect$$_printf_percent$$0000000B  c_w.l(_printf_o.o)
    0x08000242   0x08000242   0x00000006   Code   RO          182    .ARM.Collect$$_printf_percent$$0000000C  c_w.l(_printf_x.o)
    0x08000248   0x08000248   0x00000006   Code   RO          193    .ARM.Collect$$_printf_percent$$0000000D  c_w.l(_printf_lli.o)
    0x0800024e   0x0800024e   0x00000006   Code   RO          194    .ARM.Collect$$_printf_percent$$0000000E  c_w.l(_printf_lld.o)
    0x08000254   0x08000254   0x00000006   Code   RO          195    .ARM.Collect$$_printf_percent$$0000000F  c_w.l(_printf_llu.o)
    0x0800025a   0x0800025a   0x00000006   Code   RO          200    .ARM.Collect$$_printf_percent$$00000010  c_w.l(_printf_llo.o)
    0x08000260   0x08000260   0x00000006   Code   RO          201    .ARM.Collect$$_printf_percent$$00000011  c_w.l(_printf_llx.o)
    0x08000266   0x08000266   0x0000000a   Code   RO          197    .ARM.Collect$$_printf_percent$$00000012  c_w.l(_printf_l.o)
    0x08000270   0x08000270   0x00000006   Code   RO          179    .ARM.Collect$$_printf_percent$$00000013  c_w.l(_printf_c.o)
    0x08000276   0x08000276   0x00000006   Code   RO          180    .ARM.Collect$$_printf_percent$$00000014  c_w.l(_printf_s.o)
    0x0800027c   0x0800027c   0x00000006   Code   RO          198    .ARM.Collect$$_printf_percent$$00000015  c_w.l(_printf_lc.o)
    0x08000282   0x08000282   0x00000006   Code   RO          199    .ARM.Collect$$_printf_percent$$00000016  c_w.l(_printf_ls.o)
    0x08000288   0x08000288   0x00000004   Code   RO          248    .ARM.Collect$$_printf_percent$$00000017  c_w.l(_printf_percent_end.o)
    0x0800028c   0x0800028c   0x00000002   Code   RO          392    .ARM.Collect$$libinit$$00000000  c_w.l(libinit.o)
    0x0800028e   0x0800028e   0x00000004   Code   RO          393    .ARM.Collect$$libinit$$00000001  c_w.l(libinit2.o)
    0x08000292   0x08000292   0x00000000   Code   RO          396    .ARM.Collect$$libinit$$00000004  c_w.l(libinit2.o)
    0x08000292   0x08000292   0x00000008   Code   RO          397    .ARM.Collect$$libinit$$00000005  c_w.l(libinit2.o)
    0x0800029a   0x0800029a   0x00000000   Code   RO          399    .ARM.Collect$$libinit$$0000000A  c_w.l(libinit2.o)
    0x0800029a   0x0800029a   0x00000000   Code   RO          401    .ARM.Collect$$libinit$$0000000C  c_w.l(libinit2.o)
    0x0800029a   0x0800029a   0x00000000   Code   RO          403    .ARM.Collect$$libinit$$0000000E  c_w.l(libinit2.o)
    0x0800029a   0x0800029a   0x00000006   Code   RO          404    .ARM.Collect$$libinit$$0000000F  c_w.l(libinit2.o)
    0x080002a0   0x080002a0   0x00000000   Code   RO          406    .ARM.Collect$$libinit$$00000011  c_w.l(libinit2.o)
    0x080002a0   0x080002a0   0x0000000c   Code   RO          407    .ARM.Collect$$libinit$$00000012  c_w.l(libinit2.o)
    0x080002ac   0x080002ac   0x00000000   Code   RO          408    .ARM.Collect$$libinit$$00000013  c_w.l(libinit2.o)
    0x080002ac   0x080002ac   0x00000000   Code   RO          410    .ARM.Collect$$libinit$$00000015  c_w.l(libinit2.o)
    0x080002ac   0x080002ac   0x0000000a   Code   RO          411    .ARM.Collect$$libinit$$00000016  c_w.l(libinit2.o)
    0x080002b6   0x080002b6   0x00000000   Code   RO          412    .ARM.Collect$$libinit$$00000017  c_w.l(libinit2.o)
    0x080002b6   0x080002b6   0x00000000   Code   RO          414    .ARM.Collect$$libinit$$00000019  c_w.l(libinit2.o)
    0x080002b6   0x080002b6   0x00000000   Code   RO          416    .ARM.Collect$$libinit$$0000001B  c_w.l(libinit2.o)
    0x080002b6   0x080002b6   0x00000000   Code   RO          418    .ARM.Collect$$libinit$$0000001D  c_w.l(libinit2.o)
    0x080002b6   0x080002b6   0x00000000   Code   RO          420    .ARM.Collect$$libinit$$0000001F  c_w.l(libinit2.o)
    0x080002b6   0x080002b6   0x00000000   Code   RO          422    .ARM.Collect$$libinit$$00000021  c_w.l(libinit2.o)
    0x080002b6   0x080002b6   0x00000000   Code   RO          424    .ARM.Collect$$libinit$$00000023  c_w.l(libinit2.o)
    0x080002b6   0x080002b6   0x00000004   Code   RO          425    .ARM.Collect$$libinit$$00000024  c_w.l(libinit2.o)
    0x080002ba   0x080002ba   0x00000000   Code   RO          426    .ARM.Collect$$libinit$$00000025  c_w.l(libinit2.o)
    0x080002ba   0x080002ba   0x00000000   Code   RO          430    .ARM.Collect$$libinit$$0000002C  c_w.l(libinit2.o)
    0x080002ba   0x080002ba   0x00000000   Code   RO          432    .ARM.Collect$$libinit$$0000002E  c_w.l(libinit2.o)
    0x080002ba   0x080002ba   0x00000000   Code   RO          434    .ARM.Collect$$libinit$$00000030  c_w.l(libinit2.o)
    0x080002ba   0x080002ba   0x00000000   Code   RO          436    .ARM.Collect$$libinit$$00000032  c_w.l(libinit2.o)
    0x080002ba   0x080002ba   0x00000002   Code   RO          437    .ARM.Collect$$libinit$$00000033  c_w.l(libinit2.o)
    0x080002bc   0x080002bc   0x00000002   Code   RO          598    .ARM.Collect$$libshutdown$$00000000  c_w.l(libshutdown.o)
    0x080002be   0x080002be   0x00000000   Code   RO          439    .ARM.Collect$$libshutdown$$00000002  c_w.l(libshutdown2.o)
    0x080002be   0x080002be   0x00000004   Code   RO          440    .ARM.Collect$$libshutdown$$00000003  c_w.l(libshutdown2.o)
    0x080002c2   0x080002c2   0x00000000   Code   RO          441    .ARM.Collect$$libshutdown$$00000004  c_w.l(libshutdown2.o)
    0x080002c2   0x080002c2   0x00000000   Code   RO          444    .ARM.Collect$$libshutdown$$00000007  c_w.l(libshutdown2.o)
    0x080002c2   0x080002c2   0x00000000   Code   RO          447    .ARM.Collect$$libshutdown$$0000000A  c_w.l(libshutdown2.o)
    0x080002c2   0x080002c2   0x00000000   Code   RO          449    .ARM.Collect$$libshutdown$$0000000C  c_w.l(libshutdown2.o)
    0x080002c2   0x080002c2   0x00000000   Code   RO          452    .ARM.Collect$$libshutdown$$0000000F  c_w.l(libshutdown2.o)
    0x080002c2   0x080002c2   0x00000002   Code   RO          453    .ARM.Collect$$libshutdown$$00000010  c_w.l(libshutdown2.o)
    0x080002c4   0x080002c4   0x00000000   Code   RO          112    .ARM.Collect$$rtentry$$00000000  c_w.l(__rtentry.o)
    0x080002c4   0x080002c4   0x00000000   Code   RO          217    .ARM.Collect$$rtentry$$00000002  c_w.l(__rtentry2.o)
    0x080002c4   0x080002c4   0x00000006   Code   RO          229    .ARM.Collect$$rtentry$$00000004  c_w.l(__rtentry4.o)
    0x080002ca   0x080002ca   0x00000000   Code   RO          219    .ARM.Collect$$rtentry$$00000009  c_w.l(__rtentry2.o)
    0x080002ca   0x080002ca   0x00000004   Code   RO          220    .ARM.Collect$$rtentry$$0000000A  c_w.l(__rtentry2.o)
    0x080002ce   0x080002ce   0x00000000   Code   RO          222    .ARM.Collect$$rtentry$$0000000C  c_w.l(__rtentry2.o)
    0x080002ce   0x080002ce   0x00000008   Code   RO          223    .ARM.Collect$$rtentry$$0000000D  c_w.l(__rtentry2.o)
    0x080002d6   0x080002d6   0x00000002   Code   RO          464    .ARM.Collect$$rtexit$$00000000  c_w.l(rtexit.o)
    0x080002d8   0x080002d8   0x00000000   Code   RO          525    .ARM.Collect$$rtexit$$00000002  c_w.l(rtexit2.o)
    0x080002d8   0x080002d8   0x00000004   Code   RO          526    .ARM.Collect$$rtexit$$00000003  c_w.l(rtexit2.o)
    0x080002dc   0x080002dc   0x00000006   Code   RO          527    .ARM.Collect$$rtexit$$00000004  c_w.l(rtexit2.o)
    0x080002e2   0x080002e2   0x00000002   PAD
    0x080002e4   0x080002e4   0x00000040   Code   RO           82  * .text               startup_stm32f303xc.o
    0x08000324   0x08000324   0x00000018   Code   RO          104    .text               c_w.l(printf.o)
    0x0800033c   0x0800033c   0x00000004   PAD
    0x08000340   0x08000340   0x0000007c   Code   RO          106    .text               c_w.l(strcmpv7em.o)
    0x080003bc   0x080003bc   0x00000006   Code   RO          108    .text               c_w.l(heapauxi.o)
    0x080003c2   0x080003c2   0x0000004e   Code   RO          115    .text               c_w.l(_printf_pad.o)
    0x08000410   0x08000410   0x00000024   Code   RO          117    .text               c_w.l(_printf_truncate.o)
    0x08000434   0x08000434   0x00000052   Code   RO          119    .text               c_w.l(_printf_str.o)
    0x08000486   0x08000486   0x00000002   PAD
    0x08000488   0x08000488   0x00000078   Code   RO          121    .text               c_w.l(_printf_dec.o)
    0x08000500   0x08000500   0x00000028   Code   RO          123    .text               c_w.l(_printf_charcount.o)
    0x08000528   0x08000528   0x00000024   Code   RO          125    .text               c_w.l(_printf_char_file.o)
    0x0800054c   0x0800054c   0x000000bc   Code   RO          127    .text               c_w.l(_printf_wctomb.o)
    0x08000608   0x08000608   0x0000007c   Code   RO          130    .text               c_w.l(_printf_longlong_dec.o)
    0x08000684   0x08000684   0x00000070   Code   RO          136    .text               c_w.l(_printf_oct_int_ll.o)
    0x080006f4   0x080006f4   0x00000094   Code   RO          156    .text               c_w.l(_printf_hex_int_ll_ptr.o)
    0x08000788   0x08000788   0x00000188   Code   RO          176    .text               c_w.l(__printf_flags_ss_wp.o)
    0x08000910   0x08000910   0x0000008a   Code   RO          231    .text               c_w.l(lludiv10.o)
    0x0800099a   0x0800099a   0x000000b2   Code   RO          233    .text               c_w.l(_printf_intcommon.o)
    0x08000a4c   0x08000a4c   0x0000041c   Code   RO          235    .text               c_w.l(_printf_fp_dec.o)
    0x08000e68   0x08000e68   0x000002fc   Code   RO          239    .text               c_w.l(_printf_fp_hex.o)
    0x08001164   0x08001164   0x00000030   Code   RO          242    .text               c_w.l(_printf_char_common.o)
    0x08001194   0x08001194   0x0000002c   Code   RO          244    .text               c_w.l(_printf_char.o)
    0x080011c0   0x080011c0   0x0000002c   Code   RO          246    .text               c_w.l(_printf_wchar.o)
    0x080011ec   0x080011ec   0x00000008   Code   RO          249    .text               c_w.l(ferror.o)
    0x080011f4   0x080011f4   0x00000138   Code   RO          255    .text               c_w.l(initio.o)
    0x0800132c   0x0800132c   0x00000048   Code   RO          263    .text               c_w.l(_c16rtomb.o)
    0x08001374   0x08001374   0x0000004a   Code   RO          267    .text               c_w.l(sys_stackheap_outer.o)
    0x080013be   0x080013be   0x00000002   PAD
    0x080013c0   0x080013c0   0x00000010   Code   RO          269    .text               c_w.l(rt_ctype_table.o)
    0x080013d0   0x080013d0   0x00000008   Code   RO          274    .text               c_w.l(rt_locale_intlibspace.o)
    0x080013d8   0x080013d8   0x0000004e   Code   RO          278    .text               c_w.l(h1_free.o)
    0x08001426   0x08001426   0x00000002   PAD
    0x08001428   0x08001428   0x00000080   Code   RO          332    .text               c_w.l(_printf_fp_infnan.o)
    0x080014a8   0x080014a8   0x000000e4   Code   RO          336    .text               c_w.l(bigflt0.o)
    0x0800158c   0x0800158c   0x000001d6   Code   RO          363    .text               c_w.l(flsbuf.o)
    0x08001762   0x08001762   0x00000046   Code   RO          365    .text               c_w.l(setvbuf.o)
    0x080017a8   0x080017a8   0x000000f0   Code   RO          368    .text               c_w.l(fopen.o)
    0x08001898   0x08001898   0x0000004c   Code   RO          370    .text               c_w.l(fclose.o)
    0x080018e4   0x080018e4   0x00000012   Code   RO          379    .text               c_w.l(exit.o)
    0x080018f6   0x080018f6   0x0000000e   Code   RO          381    .text               c_w.l(defsig_rtred_outer.o)
    0x08001904   0x08001904   0x0000004e   Code   RO          385    .text               c_w.l(rt_memclr_w.o)
    0x08001952   0x08001952   0x00000002   PAD
    0x08001954   0x08001954   0x00000008   Code   RO          461    .text               c_w.l(libspace.o)
    0x0800195c   0x0800195c   0x00000008   Code   RO          471    .text               c_w.l(rt_heap_descriptor_intlibspace.o)
    0x08001964   0x08001964   0x00000004   Code   RO          473    .text               c_w.l(hguard.o)
    0x08001968   0x08001968   0x0000008a   Code   RO          475    .text               c_w.l(init_alloc.o)
    0x080019f2   0x080019f2   0x0000005e   Code   RO          481    .text               c_w.l(h1_alloc.o)
    0x08001a50   0x08001a50   0x000000f8   Code   RO          497    .text               c_w.l(fseek.o)
    0x08001b48   0x08001b48   0x000000f0   Code   RO          499    .text               c_w.l(stdio.o)
    0x08001c38   0x08001c38   0x0000000a   Code   RO          508    .text               c_w.l(defsig_exit.o)
    0x08001c42   0x08001c42   0x00000002   PAD
    0x08001c44   0x08001c44   0x00000034   Code   RO          510    .text               c_w.l(defsig_rtred_inner.o)
    0x08001c78   0x08001c78   0x0000000c   Code   RO          520    .text               c_w.l(sys_exit.o)
    0x08001c84   0x08001c84   0x00000000   Code   RO          531    .text               c_w.l(maybetermalloc1.o)
    0x08001c84   0x08001c84   0x0000000e   Code   RO          533    .text               c_w.l(h1_init.o)
    0x08001c92   0x08001c92   0x00000034   Code   RO          535    .text               c_w.l(h1_extend.o)
    0x08001cc6   0x08001cc6   0x00000042   Code   RO          547    .text               c_w.l(ftell.o)
    0x08001d08   0x08001d08   0x00000032   Code   RO          555    .text               c_w.l(defsig_general.o)
    0x08001d3a   0x08001d3a   0x0000000e   Code   RO          557    .text               c_w.l(defsig_rtmem_outer.o)
    0x08001d48   0x08001d48   0x0000000e   Code   RO          572    .text               c_w.l(sys_wrch.o)
    0x08001d56   0x08001d56   0x00000002   Code   RO          580    .text               c_w.l(use_no_semi.o)
    0x08001d58   0x08001d58   0x00000000   Code   RO          582    .text               c_w.l(indicate_semi.o)
    0x08001d58   0x08001d58   0x00000008   Code   RO          586    .text               c_w.l(rt_errno_addr_intlibspace.o)
    0x08001d60   0x08001d60   0x00000050   Code   RO          592    .text               c_w.l(defsig_rtmem_inner.o)
    0x08001db0   0x08001db0   0x00000026   Code   RO           30    .text.EXTI0_IRQHandler  main.o
    0x08001dd6   0x08001dd6   0x00000002   PAD
    0x08001dd8   0x08001dd8   0x00000026   Code   RO           32    .text.EXTI1_IRQHandler  main.o
    0x08001dfe   0x08001dfe   0x00000002   PAD
    0x08001e00   0x08001e00   0x00000026   Code   RO           34    .text.EXTI3_IRQHandler  main.o
    0x08001e26   0x08001e26   0x00000002   PAD
    0x08001e28   0x08001e28   0x00000026   Code   RO           36    .text.EXTI4_IRQHandler  main.o
    0x08001e4e   0x08001e4e   0x00000002   PAD
    0x08001e50   0x08001e50   0x00000044   Code   RO           26    .text.ITM_SendChar  main.o
    0x08001e94   0x08001e94   0x00000042   Code   RO           48    .text.ITM_SendChar  retarget_io.o
    0x08001ed6   0x08001ed6   0x00000002   PAD
    0x08001ed8   0x08001ed8   0x00000076   Code   RO           18    .text.NVIC_DecodePriority  main.o
    0x08001f4e   0x08001f4e   0x00000002   PAD
    0x08001f50   0x08001f50   0x0000006c   Code   RO            8    .text.NVIC_EncodePriority  main.o
    0x08001fbc   0x08001fbc   0x0000008a   Code   RO            4    .text.SetupTIM4     main.o
    0x08002046   0x08002046   0x00000002   PAD
    0x08002048   0x08002048   0x00000052   Code   RO           22    .text.SysTick_Config  main.o
    0x0800209a   0x0800209a   0x00000002   PAD
    0x0800209c   0x0800209c   0x0000002e   Code   RO           24    .text.SysTick_Handler  main.o
    0x080020ca   0x080020ca   0x00000002   PAD
    0x080020cc   0x080020cc   0x00000110   Code   RO           91    .text.SystemCoreClockUpdate  system_stm32f3xx.o
    0x080021dc   0x080021dc   0x00000012   Code   RO           89    .text.SystemInit    system_stm32f3xx.o
    0x080021ee   0x080021ee   0x00000002   PAD
    0x080021f0   0x080021f0   0x00000024   Code   RO           28    .text.TIM4_IRQHandler  main.o
    0x08002214   0x08002214   0x00000030   Code   RO           12    .text.__NVIC_EnableIRQ  main.o
    0x08002244   0x08002244   0x00000042   Code   RO           20    .text.__NVIC_GetPriority  main.o
    0x08002286   0x08002286   0x00000002   PAD
    0x08002288   0x08002288   0x00000010   Code   RO           10    .text.__NVIC_GetPriorityGrouping  main.o
    0x08002298   0x08002298   0x00000042   Code   RO            6    .text.__NVIC_SetPriority  main.o
    0x080022da   0x080022da   0x00000002   PAD
    0x080022dc   0x080022dc   0x0000003c   Code   RO           16    .text.__NVIC_SetPriorityGrouping  main.o
    0x08002318   0x08002318   0x0000004a   Code   RO           54    .text._sys_close    retarget_io.o
    0x08002362   0x08002362   0x00000002   PAD
    0x08002364   0x08002364   0x00000048   Code   RO           66    .text._sys_flen     retarget_io.o
    0x080023ac   0x080023ac   0x00000048   Code   RO           62    .text._sys_istty    retarget_io.o
    0x080023f4   0x080023f4   0x00000084   Code   RO           52    .text._sys_open     retarget_io.o
    0x08002478   0x08002478   0x00000052   Code   RO           64    .text._sys_seek     retarget_io.o
    0x080024ca   0x080024ca   0x00000002   PAD
    0x080024cc   0x080024cc   0x00000076   Code   RO           56    .text._sys_write    retarget_io.o
    0x08002542   0x08002542   0x00000002   PAD
    0x08002544   0x08002544   0x00000020   Code   RO            2    .text.delay         main.o
    0x08002564   0x08002564   0x000002a4   Code   RO           14    .text.main          main.o
    0x08002808   0x08002808   0x00000010   Code   RO           58    .text.stdout_putchar  retarget_io.o
    0x08002818   0x08002818   0x0000003e   Code   RO          339    CL$$btod_d2e        c_w.l(btod.o)
    0x08002856   0x08002856   0x00000046   Code   RO          341    CL$$btod_d2e_denorm_low  c_w.l(btod.o)
    0x0800289c   0x0800289c   0x00000060   Code   RO          340    CL$$btod_d2e_norm_op1  c_w.l(btod.o)
    0x080028fc   0x080028fc   0x00000338   Code   RO          349    CL$$btod_div_common  c_w.l(btod.o)
    0x08002c34   0x08002c34   0x000000dc   Code   RO          346    CL$$btod_e2e        c_w.l(btod.o)
    0x08002d10   0x08002d10   0x0000002a   Code   RO          343    CL$$btod_ediv       c_w.l(btod.o)
    0x08002d3a   0x08002d3a   0x0000002a   Code   RO          342    CL$$btod_emul       c_w.l(btod.o)
    0x08002d64   0x08002d64   0x00000244   Code   RO          348    CL$$btod_mult_common  c_w.l(btod.o)
    0x08002fa8   0x08002fa8   0x00000030   Code   RO          459    i.__ARM_fpclassify  m_wm.l(fpclassify.o)
    0x08002fd8   0x08002fd8   0x0000000e   Code   RO          169    i._is_digit         c_w.l(__printf_wp.o)
    0x08002fe6   0x08002fe6   0x0000001a   Code   RO          252    i.fputc             c_w.l(fputc.o)
    0x08003000   0x08003000   0x0000002c   Code   RO          377    locale$$code        c_w.l(lc_numeric_c.o)
    0x0800302c   0x0800302c   0x0000002c   Code   RO          506    locale$$code        c_w.l(lc_ctype_c.o)
    0x08003058   0x08003058   0x0000001a   Code   RO          518    x$fpl$fpinit        fz_wm.l(fpinit.o)
    0x08003072   0x08003072   0x00000004   Code   RO          208    x$fpl$printf1       fz_wm.l(printf1.o)
    0x08003076   0x08003076   0x00000004   Code   RO          210    x$fpl$printf2       fz_wm.l(printf2.o)
    0x0800307a   0x0800307a   0x00000000   Code   RO          458    x$fpl$usenofp       fz_wm.l(usenofp.o)
    0x0800307a   0x0800307a   0x00000002   PAD
    0x0800307c   0x0800307c   0x00000008   Data   RO          128    .constdata          c_w.l(_printf_wctomb.o)
    0x08003084   0x08003084   0x00000028   Data   RO          157    .constdata          c_w.l(_printf_hex_int_ll_ptr.o)
    0x080030ac   0x080030ac   0x00000011   Data   RO          177    .constdata          c_w.l(__printf_flags_ss_wp.o)
    0x080030bd   0x080030bd   0x00000026   Data   RO          240    .constdata          c_w.l(_printf_fp_hex.o)
    0x080030e3   0x080030e3   0x00000001   PAD
    0x080030e4   0x080030e4   0x00000094   Data   RO          337    .constdata          c_w.l(bigflt0.o)
    0x08003178   0x08003178   0x00000010   Data   RO           94    .rodata.AHBPrescTable  system_stm32f3xx.o
    0x08003188   0x08003188   0x00000008   Data   RO           71    .rodata.__stderr_name  retarget_io.o
    0x08003190   0x08003190   0x00000007   Data   RO           69    .rodata.__stdin_name  retarget_io.o
    0x08003197   0x08003197   0x00000008   Data   RO           70    .rodata.__stdout_name  retarget_io.o
    0x0800319f   0x0800319f   0x000000dc   Data   RO           38    .rodata.str1.1      main.o
    0x0800327b   0x0800327b   0x00000017   Data   RO           72    .rodata.str1.1      retarget_io.o
    0x08003292   0x08003292   0x00000002   PAD
    0x08003294   0x08003294   0x00000020   Data   RO          618    Region$$Table       anon$$obj.o
    0x080032b4   0x080032b4   0x0000001c   Data   RO          376    locale$$data        c_w.l(lc_numeric_c.o)
    0x080032d0   0x080032d0   0x00000110   Data   RO          505    locale$$data        c_w.l(lc_ctype_c.o)


    Execution Region ER_RW (Exec base: 0x20000000, Load base: 0x080033e0, Size: 0x00000010, Max: 0xffffffff, ABSOLUTE)

    Exec Addr    Load Addr    Size         Type   Attr      Idx    E Section Name        Object

    0x20000000   0x080033e0   0x00000004   Data   RW          205    .data               c_w.l(stdio_streams.o)
    0x20000004   0x080033e4   0x00000004   Data   RW          206    .data               c_w.l(stdio_streams.o)
    0x20000008   0x080033e8   0x00000004   Data   RW          207    .data               c_w.l(stdio_streams.o)
    0x2000000c   0x080033ec   0x00000004   Data   RW           93    .data.SystemCoreClock  system_stm32f3xx.o


    Execution Region ER_ZI (Exec base: 0x20000010, Load base: 0x080033f0, Size: 0x00000760, Max: 0xffffffff, ABSOLUTE)

    Exec Addr    Load Addr    Size         Type   Attr      Idx    E Section Name        Object

    0x20000010        -       0x00000054   Zero   RW          202    .bss                c_w.l(stdio_streams.o)
    0x20000064        -       0x00000054   Zero   RW          203    .bss                c_w.l(stdio_streams.o)
    0x200000b8        -       0x00000054   Zero   RW          204    .bss                c_w.l(stdio_streams.o)
    0x2000010c        -       0x00000060   Zero   RW          462    .bss                c_w.l(libspace.o)
    0x2000016c        -       0x00000004   Zero   RW           39    .bss.ui_count100ms  main.o
    0x20000170        -       0x00000200   Zero   RW           80    HEAP                startup_stm32f303xc.o
    0x20000370        -       0x00000400   Zero   RW           79    STACK               startup_stm32f303xc.o


==============================================================================

Image component sizes


      Code (inc. data)   RO Data    RW Data    ZI Data      Debug   Object Name

      1712          0        220          0          4       8834   main.o
       632          0         46          0          0       2920   retarget_io.o
        64         26        392          0       1536        872   startup_stm32f303xc.o
       290          0         16          4          0       2210   system_stm32f3xx.o

    ----------------------------------------------------------------------
      2728         26        708          4       1540      14836   Object Totals
         0          0         32          0          0          0   (incl. Generated)
        30          0          2          0          0          0   (incl. Padding)

    ----------------------------------------------------------------------

      Code (inc. data)   RO Data    RW Data    ZI Data      Debug   Library Member Name

         8          0          0          0          0         68   __main.o
       392          4         17          0          0         92   __printf_flags_ss_wp.o
        14          0          0          0          0         68   __printf_wp.o
         0          0          0          0          0          0   __rtentry.o
        12          0          0          0          0          0   __rtentry2.o
         6          0          0          0          0          0   __rtentry4.o
        52          8          0          0          0          0   __scatter.o
        26          0          0          0          0          0   __scatter_copy.o
        28          0          0          0          0          0   __scatter_zi.o
        72          0          0          0          0         96   _c16rtomb.o
         6          0          0          0          0          0   _printf_a.o
         6          0          0          0          0          0   _printf_c.o
        44          0          0          0          0        108   _printf_char.o
        48          6          0          0          0         96   _printf_char_common.o
        36          4          0          0          0         80   _printf_char_file.o
        40          0          0          0          0         68   _printf_charcount.o
         6          0          0          0          0          0   _printf_d.o
       120         16          0          0          0         92   _printf_dec.o
         6          0          0          0          0          0   _printf_e.o
         6          0          0          0          0          0   _printf_f.o
      1052          0          0          0          0        148   _printf_fp_dec.o
       764          8         38          0          0        100   _printf_fp_hex.o
       128         16          0          0          0         84   _printf_fp_infnan.o
         6          0          0          0          0          0   _printf_g.o
       148          4         40          0          0        160   _printf_hex_int_ll_ptr.o
         6          0          0          0          0          0   _printf_i.o
       178          0          0          0          0         88   _printf_intcommon.o
        10          0          0          0          0          0   _printf_l.o
         6          0          0          0          0          0   _printf_lc.o
        10          0          0          0          0          0   _printf_ll.o
         6          0          0          0          0          0   _printf_lld.o
         6          0          0          0          0          0   _printf_lli.o
         6          0          0          0          0          0   _printf_llo.o
         6          0          0          0          0          0   _printf_llu.o
         6          0          0          0          0          0   _printf_llx.o
       124         16          0          0          0         92   _printf_longlong_dec.o
         6          0          0          0          0          0   _printf_ls.o
         6          0          0          0          0          0   _printf_n.o
         6          0          0          0          0          0   _printf_o.o
       112          8          0          0          0        124   _printf_oct_int_ll.o
         6          0          0          0          0          0   _printf_p.o
        78          0          0          0          0        108   _printf_pad.o
         0          0          0          0          0          0   _printf_percent.o
         4          0          0          0          0          0   _printf_percent_end.o
         6          0          0          0          0          0   _printf_s.o
        82          0          0          0          0         80   _printf_str.o
        36          0          0          0          0         84   _printf_truncate.o
         6          0          0          0          0          0   _printf_u.o
        44          0          0          0          0        108   _printf_wchar.o
       188          6          8          0          0         92   _printf_wctomb.o
         6          0          0          0          0          0   _printf_x.o
       228          4        148          0          0         96   bigflt0.o
      1936        128          0          0          0        668   btod.o
        10          0          0          0          0         68   defsig_exit.o
        50          0          0          0          0         88   defsig_general.o
        80         58          0          0          0         76   defsig_rtmem_inner.o
        14          0          0          0          0         80   defsig_rtmem_outer.o
        52         38          0          0          0         76   defsig_rtred_inner.o
        14          0          0          0          0         80   defsig_rtred_outer.o
        18          0          0          0          0         80   exit.o
        76          0          0          0          0         88   fclose.o
         8          0          0          0          0         68   ferror.o
       470          0          0          0          0         88   flsbuf.o
       240          6          0          0          0        128   fopen.o
        26          0          0          0          0         68   fputc.o
       248          6          0          0          0         84   fseek.o
        66          0          0          0          0         76   ftell.o
        94          0          0          0          0         80   h1_alloc.o
        52          0          0          0          0         68   h1_extend.o
        78          0          0          0          0         80   h1_free.o
        14          0          0          0          0         84   h1_init.o
         6          0          0          0          0        152   heapauxi.o
         4          0          0          0          0        136   hguard.o
         0          0          0          0          0          0   indicate_semi.o
       138          0          0          0          0        168   init_alloc.o
       312         46          0          0          0        112   initio.o
        44         10        272          0          0         76   lc_ctype_c.o
        44         10         28          0          0         76   lc_numeric_c.o
         2          0          0          0          0          0   libinit.o
        46          0          0          0          0          0   libinit2.o
         2          0          0          0          0          0   libshutdown.o
         6          0          0          0          0          0   libshutdown2.o
         8          4          0          0         96         68   libspace.o
       138          0          0          0          0         80   lludiv10.o
         0          0          0          0          0          0   maybetermalloc1.o
        24          4          0          0          0         84   printf.o
        16          4          0          0          0         76   rt_ctype_table.o
         8          4          0          0          0         68   rt_errno_addr_intlibspace.o
         8          4          0          0          0         68   rt_heap_descriptor_intlibspace.o
         8          4          0          0          0         68   rt_locale_intlibspace.o
        78          0          0          0          0         80   rt_memclr_w.o
         2          0          0          0          0          0   rtexit.o
        10          0          0          0          0          0   rtexit2.o
        70          0          0          0          0         80   setvbuf.o
       240          6          0          0          0        156   stdio.o
         0          0          0         12        252          0   stdio_streams.o
       124          0          0          0          0         88   strcmpv7em.o
        12          4          0          0          0         68   sys_exit.o
        74          0          0          0          0         80   sys_stackheap_outer.o
        14          0          0          0          0         76   sys_wrch.o
         2          0          0          0          0         68   use_no_semi.o
        26          0          0          0          0        116   fpinit.o
         4          0          0          0          0        116   printf1.o
         4          0          0          0          0        116   printf2.o
         0          0          0          0          0          0   usenofp.o
        48          0          0          0          0        124   fpclassify.o

    ----------------------------------------------------------------------
      9292        440        552         12        348       6660   Library Totals
        20          4          1          0          0          0   (incl. Padding)

    ----------------------------------------------------------------------

      Code (inc. data)   RO Data    RW Data    ZI Data      Debug   Library Name

      9190        436        551         12        348       6188   c_w.l
        34          0          0          0          0        348   fz_wm.l
        48          0          0          0          0        124   m_wm.l

    ----------------------------------------------------------------------
      9292        440        552         12        348       6660   Library Totals

    ----------------------------------------------------------------------

==============================================================================


      Code (inc. data)   RO Data    RW Data    ZI Data      Debug   

     12020        466       1260         16       1888      17824   Grand Totals
     12020        466       1260         16       1888      17824   ELF Image Totals
     12020        466       1260         16          0          0   ROM Totals

==============================================================================

    Total RO  Size (Code + RO Data)                13280 (  12.97kB)
    Total RW  Size (RW Data + ZI Data)              1904 (   1.86kB)
    Total ROM Size (Code + RO Data + RW Data)      13296 (  12.98kB)

==============================================================================

