Component: ARM Compiler 6.16 Tool: armlink [5dfeaa00]

==============================================================================

Section Cross References

    main.o(.text.fputc) refers to main.o(.text.ITM_SendChar) for ITM_SendChar
    main.o(.ARM.exidx.text.fputc) refers to main.o(.text.fputc) for [Anonymous Symbol]
    main.o(.ARM.exidx.text.ITM_SendChar) refers to main.o(.text.ITM_SendChar) for [Anonymous Symbol]
    main.o(.text.setupTIM1) refers to main.o(.text.LL_APB2_GRP1_EnableClock) for LL_APB2_GRP1_EnableClock
    main.o(.text.setupTIM1) refers to main.o(.text.LL_TIM_SetCounterMode) for LL_TIM_SetCounterMode
    main.o(.text.setupTIM1) refers to main.o(.text.LL_TIM_SetPrescaler) for LL_TIM_SetPrescaler
    main.o(.text.setupTIM1) refers to main.o(.rodata.str1.1) for .L.str
    main.o(.text.setupTIM1) refers to printf.o(.text) for printf
    main.o(.text.setupTIM1) refers to main.o(.text.LL_TIM_SetAutoReload) for LL_TIM_SetAutoReload
    main.o(.text.setupTIM1) refers to main.o(.text.LL_TIM_EnableIT_UPDATE) for LL_TIM_EnableIT_UPDATE
    main.o(.text.setupTIM1) refers to main.o(.text.__NVIC_SetPriority) for __NVIC_SetPriority
    main.o(.text.setupTIM1) refers to main.o(.text.__NVIC_EnableIRQ) for __NVIC_EnableIRQ
    main.o(.text.setupTIM1) refers to main.o(.text.LL_TIM_EnableCounter) for LL_TIM_EnableCounter
    main.o(.text.setupTIM1) refers to main.o(.text.LL_TIM_GenerateEvent_UPDATE) for LL_TIM_GenerateEvent_UPDATE
    main.o(.ARM.exidx.text.setupTIM1) refers to main.o(.text.setupTIM1) for [Anonymous Symbol]
    main.o(.ARM.exidx.text.LL_APB2_GRP1_EnableClock) refers to main.o(.text.LL_APB2_GRP1_EnableClock) for [Anonymous Symbol]
    main.o(.ARM.exidx.text.LL_TIM_SetCounterMode) refers to main.o(.text.LL_TIM_SetCounterMode) for [Anonymous Symbol]
    main.o(.ARM.exidx.text.LL_TIM_SetPrescaler) refers to main.o(.text.LL_TIM_SetPrescaler) for [Anonymous Symbol]
    main.o(.ARM.exidx.text.LL_TIM_SetAutoReload) refers to main.o(.text.LL_TIM_SetAutoReload) for [Anonymous Symbol]
    main.o(.ARM.exidx.text.LL_TIM_EnableIT_UPDATE) refers to main.o(.text.LL_TIM_EnableIT_UPDATE) for [Anonymous Symbol]
    main.o(.ARM.exidx.text.__NVIC_SetPriority) refers to main.o(.text.__NVIC_SetPriority) for [Anonymous Symbol]
    main.o(.ARM.exidx.text.__NVIC_EnableIRQ) refers to main.o(.text.__NVIC_EnableIRQ) for [Anonymous Symbol]
    main.o(.ARM.exidx.text.LL_TIM_EnableCounter) refers to main.o(.text.LL_TIM_EnableCounter) for [Anonymous Symbol]
    main.o(.ARM.exidx.text.LL_TIM_GenerateEvent_UPDATE) refers to main.o(.text.LL_TIM_GenerateEvent_UPDATE) for [Anonymous Symbol]
    main.o(.text.setupTIM4) refers to main.o(.text.LL_APB1_GRP1_EnableClock) for LL_APB1_GRP1_EnableClock
    main.o(.text.setupTIM4) refers to main.o(.text.LL_TIM_SetCounterMode) for LL_TIM_SetCounterMode
    main.o(.text.setupTIM4) refers to main.o(.text.LL_TIM_SetPrescaler) for LL_TIM_SetPrescaler
    main.o(.text.setupTIM4) refers to main.o(.rodata.str1.1) for .L.str.2
    main.o(.text.setupTIM4) refers to printf.o(.text) for printf
    main.o(.text.setupTIM4) refers to main.o(.text.LL_TIM_SetAutoReload) for LL_TIM_SetAutoReload
    main.o(.text.setupTIM4) refers to main.o(.text.LL_TIM_EnableIT_UPDATE) for LL_TIM_EnableIT_UPDATE
    main.o(.text.setupTIM4) refers to main.o(.text.__NVIC_SetPriority) for __NVIC_SetPriority
    main.o(.text.setupTIM4) refers to main.o(.text.__NVIC_EnableIRQ) for __NVIC_EnableIRQ
    main.o(.text.setupTIM4) refers to main.o(.text.LL_TIM_EnableCounter) for LL_TIM_EnableCounter
    main.o(.text.setupTIM4) refers to main.o(.text.LL_TIM_GenerateEvent_UPDATE) for LL_TIM_GenerateEvent_UPDATE
    main.o(.ARM.exidx.text.setupTIM4) refers to main.o(.text.setupTIM4) for [Anonymous Symbol]
    main.o(.ARM.exidx.text.LL_APB1_GRP1_EnableClock) refers to main.o(.text.LL_APB1_GRP1_EnableClock) for [Anonymous Symbol]
    main.o(.text.main) refers to system_stm32f1xx.o(.data.SystemCoreClock) for SystemCoreClock
    main.o(.text.main) refers to main.o(.rodata.str1.1) for .L.str.4
    main.o(.text.main) refers to printf.o(.text) for printf
    main.o(.text.main) refers to main.o(.text.LL_FLASH_SetLatency) for LL_FLASH_SetLatency
    main.o(.text.main) refers to main.o(.text.LL_RCC_HSI_Enable) for LL_RCC_HSI_Enable
    main.o(.text.main) refers to main.o(.text.LL_RCC_HSI_IsReady) for LL_RCC_HSI_IsReady
    main.o(.text.main) refers to main.o(.text.LL_RCC_PLL_ConfigDomain_SYS) for LL_RCC_PLL_ConfigDomain_SYS
    main.o(.text.main) refers to main.o(.text.LL_RCC_PLL_Enable) for LL_RCC_PLL_Enable
    main.o(.text.main) refers to main.o(.text.LL_RCC_PLL_IsReady) for LL_RCC_PLL_IsReady
    main.o(.text.main) refers to main.o(.text.LL_RCC_SetAHBPrescaler) for LL_RCC_SetAHBPrescaler
    main.o(.text.main) refers to main.o(.text.LL_RCC_SetSysClkSource) for LL_RCC_SetSysClkSource
    main.o(.text.main) refers to main.o(.text.LL_RCC_GetSysClkSource) for LL_RCC_GetSysClkSource
[...]
    .text                                    0x0800031c   Section        0  heapauxi.o(.text)
    .text                                    0x08000322   Section        0  _printf_pad.o(.text)
    .text                                    0x08000370   Section        0  _printf_truncate.o(.text)
    .text                                    0x08000394   Section        0  _printf_str.o(.text)
    .text                                    0x080003e8   Section        0  _printf_dec.o(.text)
    .text                                    0x08000460   Section        0  _printf_charcount.o(.text)
    .text                                    0x08000488   Section        0  _printf_char_file.o(.text)
    .text                                    0x080004ac   Section        0  _printf_wctomb.o(.text)
    .text                                    0x08000568   Section        0  _printf_longlong_dec.o(.text)
    _printf_longlong_oct_internal            0x080005e5   Thumb Code     0  _printf_oct_int_ll.o(.text)
    .text                                    0x080005e4   Section        0  _printf_oct_int_ll.o(.text)
    _printf_hex_common                       0x08000655   Thumb Code     0  _printf_hex_int_ll_ptr.o(.text)
    .text                                    0x08000654   Section        0  _printf_hex_int_ll_ptr.o(.text)
    .text                                    0x080006e8   Section        0  __printf_flags_ss_wp.o(.text)
    .text                                    0x08000870   Section      138  lludiv10.o(.text)
    .text                                    0x080008fa   Section        0  _printf_intcommon.o(.text)
    _fp_digits                               0x080009ad   Thumb Code   432  _printf_fp_dec.o(.text)
    .text                                    0x080009ac   Section        0  _printf_fp_dec.o(.text)
    .text                                    0x08000dc8   Section        0  _printf_fp_hex.o(.text)
    _printf_input_char                       0x080010c5   Thumb Code    10  _printf_char_common.o(.text)
    .text                                    0x080010c4   Section        0  _printf_char_common.o(.text)
    .text                                    0x080010f4   Section        0  _printf_char.o(.text)
    .text                                    0x08001120   Section        0  _printf_wchar.o(.text)
    .text                                    0x0800114c   Section        0  ferror.o(.text)
    .text                                    0x08001154   Section        0  initio.o(.text)
    .text                                    0x0800128c   Section        0  _c16rtomb.o(.text)
    .text                                    0x080012d4   Section       74  sys_stackheap_outer.o(.text)
    .text                                    0x08001320   Section       16  rt_ctype_table.o(.text)
    .text                                    0x08001330   Section        8  rt_locale_intlibspace.o(.text)
    .text                                    0x08001338   Section        0  h1_free.o(.text)
    .text                                    0x08001388   Section        0  _printf_fp_infnan.o(.text)
    .text                                    0x08001408   Section        0  bigflt0.o(.text)
    .text                                    0x080014ec   Section        0  setvbuf.o(.text)
    _freopen_locked                          0x08001535   Thumb Code     0  fopen.o(.text)
    .text                                    0x08001534   Section        0  fopen.o(.text)
    .text                                    0x08001624   Section        0  fclose.o(.text)
    .text                                    0x08001670   Section        0  exit.o(.text)
    .text                                    0x08001682   Section        0  defsig_rtred_outer.o(.text)
    .text                                    0x08001690   Section       78  rt_memclr_w.o(.text)
    .text                                    0x080016e0   Section        8  libspace.o(.text)
    .text                                    0x080016e8   Section        8  rt_heap_descriptor_intlibspace.o(.text)
    .text                                    0x080016f0   Section        0  hguard.o(.text)
    .text                                    0x080016f4   Section        0  init_alloc.o(.text)
    .text                                    0x0800177e   Section        0  h1_alloc.o(.text)
    .text                                    0x080017dc   Section        0  fseek.o(.text)
    .text                                    0x080018d4   Section        0  stdio.o(.text)
    .text                                    0x080019c4   Section        0  defsig_exit.o(.text)
    .text                                    0x080019d0   Section        0  defsig_rtred_inner.o(.text)
    .text                                    0x08001a04   Section        0  sys_exit.o(.text)
    .text                                    0x08001a10   Section        0  maybetermalloc1.o(.text)
    .text                                    0x08001a10   Section        0  h1_init.o(.text)
    .text                                    0x08001a1e   Section        0  h1_extend.o(.text)
    .text                                    0x08001a52   Section        0  ftell.o(.text)
    .text                                    0x08001a94   Section        0  defsig_general.o(.text)
    .text                                    0x08001ac6   Section        0  defsig_rtmem_outer.o(.text)
    .text                                    0x08001ad4   Section        0  sys_wrch.o(.text)
    .text                                    0x08001ae2   Section        2  use_no_semi.o(.text)
    .text                                    0x08001ae4   Section        0  indicate_semi.o(.text)
    .text                                    0x08001ae4   Section        8  rt_errno_addr_intlibspace.o(.text)
    .text                                    0x08001aec   Section        0  defsig_rtmem_inner.o(.text)
    ITM_SendChar                             0x08001b3d   Thumb Code    68  main.o(.text.ITM_SendChar)
    [Anonymous Symbol]                       0x08001b3c   Section        0  main.o(.text.ITM_SendChar)
    LL_APB1_GRP1_EnableClock                 0x08001b81   Thumb Code    34  main.o(.text.LL_APB1_GRP1_EnableClock)
    [Anonymous Symbol]                       0x08001b80   Section        0  main.o(.text.LL_APB1_GRP1_EnableClock)
    LL_APB2_GRP1_EnableClock                 0x08001ba5   Thumb Code    34  main.o(.text.LL_APB2_GRP1_EnableClock)
    [Anonymous Symbol]                       0x08001ba4   Section        0  main.o(.text.LL_APB2_GRP1_EnableClock)
    LL_FLASH_SetLatency                      0x08001bc9   Thumb Code    28  main.o(.text.LL_FLASH_SetLatency)
    [Anonymous Symbol]                       0x08001bc8   Section        0  main.o(.text.LL_FLASH_SetLatency)
    LL_GPIO_SetPinMode                       0x08001be5   Thumb Code   134  main.o(.text.LL_GPIO_SetPinMode)
    [Anonymous Symbol]                       0x08001be4   Section        0  main.o(.text.LL_GPIO_SetPinMode)
    LL_GPIO_TogglePin                        0x08001c6d   Thumb Code    40  main.o(.text.LL_GPIO_TogglePin)
    [Anonymous Symbol]                       0x08001c6c   Section        0  main.o(.text.LL_GPIO_TogglePin)
    LL_RCC_GetAHBPrescaler                   0x08001c95   Thumb Code    16  stm32f1xx_ll_rcc.o(.text.LL_RCC_GetAHBPrescaler)
    [Anonymous Symbol]                       0x08001c94   Section        0  stm32f1xx_ll_rcc.o(.text.LL_RCC_GetAHBPrescaler)
    LL_RCC_GetAPB1Prescaler                  0x08001ca5   Thumb Code    16  stm32f1xx_ll_rcc.o(.text.LL_RCC_GetAPB1Prescaler)
    [Anonymous Symbol]                       0x08001ca4   Section        0  stm32f1xx_ll_rcc.o(.text.LL_RCC_GetAPB1Prescaler)
    LL_RCC_GetAPB2Prescaler                  0x08001cb5   Thumb Code    16  stm32f1xx_ll_rcc.o(.text.LL_RCC_GetAPB2Prescaler)
    [Anonymous Symbol]                       0x08001cb4   Section        0  stm32f1xx_ll_rcc.o(.text.LL_RCC_GetAPB2Prescaler)
    LL_RCC_GetSysClkSource                   0x08001cc5   Thumb Code    16  main.o(.text.LL_RCC_GetSysClkSource)
    [Anonymous Symbol]                       0x08001cc4   Section        0  main.o(.text.LL_RCC_GetSysClkSource)
    LL_RCC_GetSysClkSource                   0x08001cd5   Thumb Code    16  stm32f1xx_ll_rcc.o(.text.LL_RCC_GetSysClkSource)
    [Anonymous Symbol]                       0x08001cd4   Section        0  stm32f1xx_ll_rcc.o(.text.LL_RCC_GetSysClkSource)
    [Anonymous Symbol]                       0x08001ce4   Section        0  stm32f1xx_ll_rcc.o(.text.LL_RCC_GetSystemClocksFreq)
    LL_RCC_HSI_Enable                        0x08001d1d   Thumb Code    18  main.o(.text.LL_RCC_HSI_Enable)
    [Anonymous Symbol]                       0x08001d1c   Section        0  main.o(.text.LL_RCC_HSI_Enable)
    LL_RCC_HSI_IsReady                       0x08001d31   Thumb Code    16  main.o(.text.LL_RCC_HSI_IsReady)
    [Anonymous Symbol]                       0x08001d30   Section        0  main.o(.text.LL_RCC_HSI_IsReady)
    LL_RCC_PLL_ConfigDomain_SYS              0x08001d41   Thumb Code    38  main.o(.text.LL_RCC_PLL_ConfigDomain_SYS)
    [Anonymous Symbol]                       0x08001d40   Section        0  main.o(.text.LL_RCC_PLL_ConfigDomain_SYS)
    LL_RCC_PLL_Enable                        0x08001d69   Thumb Code    18  main.o(.text.LL_RCC_PLL_Enable)
    [Anonymous Symbol]                       0x08001d68   Section        0  main.o(.text.LL_RCC_PLL_Enable)
    LL_RCC_PLL_GetMainSource                 0x08001d7d   Thumb Code    16  stm32f1xx_ll_rcc.o(.text.LL_RCC_PLL_GetMainSource)
    [Anonymous Symbol]                       0x08001d7c   Section        0  stm32f1xx_ll_rcc.o(.text.LL_RCC_PLL_GetMainSource)
    LL_RCC_PLL_GetMultiplicator              0x08001d8d   Thumb Code    16  stm32f1xx_ll_rcc.o(.text.LL_RCC_PLL_GetMultiplicator)
    [Anonymous Symbol]                       0x08001d8c   Section        0  stm32f1xx_ll_rcc.o(.text.LL_RCC_PLL_GetMultiplicator)
    LL_RCC_PLL_GetPrediv                     0x08001d9d   Thumb Code    16  stm32f1xx_ll_rcc.o(.text.LL_RCC_PLL_GetPrediv)
    [Anonymous Symbol]                       0x08001d9c   Section        0  stm32f1xx_ll_rcc.o(.text.LL_RCC_PLL_GetPrediv)
    LL_RCC_PLL_IsReady                       0x08001dad   Thumb Code    16  main.o(.text.LL_RCC_PLL_IsReady)
    [Anonymous Symbol]                       0x08001dac   Section        0  main.o(.text.LL_RCC_PLL_IsReady)
    LL_RCC_SetAHBPrescaler                   0x08001dbd   Thumb Code    28  main.o(.text.LL_RCC_SetAHBPrescaler)
    [Anonymous Symbol]                       0x08001dbc   Section        0  main.o(.text.LL_RCC_SetAHBPrescaler)
    LL_RCC_SetAPB1Prescaler                  0x08001dd9   Thumb Code    28  main.o(.text.LL_RCC_SetAPB1Prescaler)
    [Anonymous Symbol]                       0x08001dd8   Section        0  main.o(.text.LL_RCC_SetAPB1Prescaler)
    LL_RCC_SetAPB2Prescaler                  0x08001df5   Thumb Code    28  main.o(.text.LL_RCC_SetAPB2Prescaler)
    [Anonymous Symbol]                       0x08001df4   Section        0  main.o(.text.LL_RCC_SetAPB2Prescaler)
    LL_RCC_SetSysClkSource                   0x08001e11   Thumb Code    28  main.o(.text.LL_RCC_SetSysClkSource)
    [Anonymous Symbol]                       0x08001e10   Section        0  main.o(.text.LL_RCC_SetSysClkSource)
    LL_TIM_ClearFlag_UPDATE                  0x08001e2d   Thumb Code    16  main.o(.text.LL_TIM_ClearFlag_UPDATE)
    [Anonymous Symbol]                       0x08001e2c   Section        0  main.o(.text.LL_TIM_ClearFlag_UPDATE)
    LL_TIM_EnableCounter                     0x08001e3d   Thumb Code    18  main.o(.text.LL_TIM_EnableCounter)
    [Anonymous Symbol]                       0x08001e3c   Section        0  main.o(.text.LL_TIM_EnableCounter)
    LL_TIM_EnableIT_UPDATE                   0x08001e51   Thumb Code    18  main.o(.text.LL_TIM_EnableIT_UPDATE)
    [Anonymous Symbol]                       0x08001e50   Section        0  main.o(.text.LL_TIM_EnableIT_UPDATE)
    LL_TIM_GenerateEvent_UPDATE              0x08001e65   Thumb Code    18  main.o(.text.LL_TIM_GenerateEvent_UPDATE)
    [Anonymous Symbol]                       0x08001e64   Section        0  main.o(.text.LL_TIM_GenerateEvent_UPDATE)
    LL_TIM_IsActiveFlag_UPDATE               0x08001e79   Thumb Code    16  main.o(.text.LL_TIM_IsActiveFlag_UPDATE)
    [Anonymous Symbol]                       0x08001e78   Section        0  main.o(.text.LL_TIM_IsActiveFlag_UPDATE)
    LL_TIM_SetAutoReload                     0x08001e89   Thumb Code    16  main.o(.text.LL_TIM_SetAutoReload)
    [Anonymous Symbol]                       0x08001e88   Section        0  main.o(.text.LL_TIM_SetAutoReload)
    LL_TIM_SetCounterMode                    0x08001e99   Thumb Code    26  main.o(.text.LL_TIM_SetCounterMode)
    [Anonymous Symbol]                       0x08001e98   Section        0  main.o(.text.LL_TIM_SetCounterMode)
    LL_TIM_SetPrescaler                      0x08001eb5   Thumb Code    16  main.o(.text.LL_TIM_SetPrescaler)
    [Anonymous Symbol]                       0x08001eb4   Section        0  main.o(.text.LL_TIM_SetPrescaler)
    [Anonymous Symbol]                       0x08001ec4   Section        0  stm32f1xx_ll_rcc.o(.text.RCC_GetHCLKClockFreq)
    [Anonymous Symbol]                       0x08001eec   Section        0  stm32f1xx_ll_rcc.o(.text.RCC_GetPCLK1ClockFreq)
    [Anonymous Symbol]                       0x08001f10   Section        0  stm32f1xx_ll_rcc.o(.text.RCC_GetPCLK2ClockFreq)
    [Anonymous Symbol]                       0x08001f34   Section        0  stm32f1xx_ll_rcc.o(.text.RCC_GetSystemClockFreq)
    [Anonymous Symbol]                       0x08001f8c   Section        0  stm32f1xx_ll_rcc.o(.text.RCC_PLL_GetFreqDomain_SYS)
    [Anonymous Symbol]                       0x08001ff4   Section        0  system_stm32f1xx.o(.text.SystemCoreClockUpdate)
    [Anonymous Symbol]                       0x08002118   Section        0  system_stm32f1xx.o(.text.SystemInit)
    [Anonymous Symbol]                       0x0800211c   Section        0  main.o(.text.TIM1_UP_IRQHandler)
    [Anonymous Symbol]                       0x08002150   Section        0  main.o(.text.TIM4_IRQHandler)
    __NVIC_EnableIRQ                         0x08002189   Thumb Code    48  main.o(.text.__NVIC_EnableIRQ)
    [Anonymous Symbol]                       0x08002188   Section        0  main.o(.text.__NVIC_EnableIRQ)
    __NVIC_SetPriority                       0x080021b9   Thumb Code    66  main.o(.text.__NVIC_SetPriority)
    [Anonymous Symbol]                       0x080021b8   Section        0  main.o(.text.__NVIC_SetPriority)
    [Anonymous Symbol]                       0x080021fc   Section        0  retarget_io.o(.text._sys_close)
    [Anonymous Symbol]                       0x08002248   Section        0  retarget_io.o(.text._sys_flen)
    [Anonymous Symbol]                       0x08002290   Section        0  retarget_io.o(.text._sys_istty)
    [Anonymous Symbol]                       0x080022d8   Section        0  retarget_io.o(.text._sys_open)
    [Anonymous Symbol]                       0x0800235c   Section        0  retarget_io.o(.text._sys_seek)
    [Anonymous Symbol]                       0x080023b0   Section        0  retarget_io.o(.text._sys_write)
    [Anonymous Symbol]                       0x08002428   Section        0  main.o(.text.fputc)
    [Anonymous Symbol]                       0x0800243c   Section        0  main.o(.text.main)
    [Anonymous Symbol]                       0x08002548   Section        0  main.o(.text.setupTIM1)
    [Anonymous Symbol]                       0x080025d0   Section        0  main.o(.text.setupTIM4)
    stdout_putchar                           0x08002655   Thumb Code    12  retarget_io.o(.text.stdout_putchar)
    [Anonymous Symbol]                       0x08002654   Section        0  retarget_io.o(.text.stdout_putchar)
    CL$$btod_d2e                             0x08002660   Section       62  btod.o(CL$$btod_d2e)
    CL$$btod_d2e_denorm_low                  0x0800269e   Section       70  btod.o(CL$$btod_d2e_denorm_low)
    CL$$btod_d2e_norm_op1                    0x080026e4   Section       96  btod.o(CL$$btod_d2e_norm_op1)
    CL$$btod_div_common                      0x08002744   Section      824  btod.o(CL$$btod_div_common)
    CL$$btod_e2e                             0x08002a7c   Section      220  btod.o(CL$$btod_e2e)
    CL$$btod_ediv                            0x08002b58   Section       42  btod.o(CL$$btod_ediv)
    CL$$btod_emul                            0x08002b82   Section       42  btod.o(CL$$btod_emul)
    CL$$btod_mult_common                     0x08002bac   Section      580  btod.o(CL$$btod_mult_common)
    i.__ARM_fpclassify                       0x08002df0   Section        0  fpclassify.o(i.__ARM_fpclassify)
    i._is_digit                              0x08002e18   Section        0  __printf_wp.o(i._is_digit)
    locale$$code                             0x08002e28   Section       44  lc_numeric_c.o(locale$$code)
    locale$$code                             0x08002e54   Section       44  lc_ctype_c.o(locale$$code)
    x$fpl$printf1                            0x08002e80   Section        4  printf1.o(x$fpl$printf1)
    x$fpl$printf2                            0x08002e84   Section        4  printf2.o(x$fpl$printf2)
    initial_mbstate                          0x08002e88   Data           8  _printf_wctomb.o(.constdata)
    .constdata                               0x08002e88   Section        8  _printf_wctomb.o(.constdata)
    x$fpl$usenofp                            0x08002e88   Section        0  usenofp.o(x$fpl$usenofp)
    uc_hextab                                0x08002e90   Data          20  _printf_hex_int_ll_ptr.o(.constdata)
    .constdata                               0x08002e90   Section       40  _printf_hex_int_ll_ptr.o(.constdata)
    lc_hextab                                0x08002ea4   Data          20  _printf_hex_int_ll_ptr.o(.constdata)
    maptable                                 0x08002eb8   Data          17  __printf_flags_ss_wp.o(.constdata)
    .constdata                               0x08002eb8   Section       17  __printf_flags_ss_wp.o(.constdata)
    lc_hextab                                0x08002ec9   Data          19  _printf_fp_hex.o(.constdata)
    .constdata                               0x08002ec9   Section       38  _printf_fp_hex.o(.constdata)
    uc_hextab                                0x08002edc   Data          19  _printf_fp_hex.o(.constdata)
    tenpwrs_x                                0x08002ef0   Data          60  bigflt0.o(.constdata)
    .constdata                               0x08002ef0   Section      148  bigflt0.o(.constdata)
    tenpwrs_i                                0x08002f2c   Data          64  bigflt0.o(.constdata)
    .L.str.5                                 0x08002fb3   Data          19  main.o(.rodata.str1.1)
    [Anonymous Symbol]                       0x08002fb3   Section        0  main.o(.rodata.str1.1)
    .L.str                                   0x08002fc6   Data          13  main.o(.rodata.str1.1)
    .L.str.2                                 0x08002fd3   Data          13  main.o(.rodata.str1.1)
    .L.str.1                                 0x08002fe0   Data          13  main.o(.rodata.str1.1)
    .L.str.3                                 0x08002fed   Data          13  main.o(.rodata.str1.1)
    .L.str.4                                 0x08002ffa   Data          11  main.o(.rodata.str1.1)
    .L.str                                   0x08003005   Data           7  retarget_io.o(.rodata.str1.1)
    [Anonymous Symbol]                       0x08003005   Section        0  retarget_io.o(.rodata.str1.1)
    .L.str.2                                 0x0800300c   Data           8  retarget_io.o(.rodata.str1.1)
    .L.str.1                                 0x08003014   Data           8  retarget_io.o(.rodata.str1.1)
    locale$$data                             0x0800303c   Section       28  lc_numeric_c.o(locale$$data)
    __lcnum_c_name                           0x08003040   Data           2  lc_numeric_c.o(locale$$data)
    __lcnum_c_start                          0x08003048   Data           0  lc_numeric_c.o(locale$$data)
    __lcnum_c_point                          0x08003054   Data           0  lc_numeric_c.o(locale$$data)
    __lcnum_c_thousands                      0x08003056   Data           0  lc_numeric_c.o(locale$$data)
    __lcnum_c_grouping                       0x08003057   Data           0  lc_numeric_c.o(locale$$data)
    __lcnum_c_end                            0x08003058   Data           0  lc_numeric_c.o(locale$$data)
    locale$$data                             0x08003058   Section      272  lc_ctype_c.o(locale$$data)
    __lcctype_c_name                         0x0800305c   Data           2  lc_ctype_c.o(locale$$data)
    __lcctype_c_start                        0x08003064   Data           0  lc_ctype_c.o(locale$$data)
    __lcctype_c_end                          0x08003168   Data           0  lc_ctype_c.o(locale$$data)
    .data                                    0x20000000   Section        4  stdio_streams.o(.data)
    .data                                    0x20000004   Section        4  stdio_streams.o(.data)
    .data                                    0x20000008   Section        4  stdio_streams.o(.data)
    .bss                                     0x20000010   Section       84  stdio_streams.o(.bss)
    .bss                                     0x20000064   Section       84  stdio_streams.o(.bss)
    .bss                                     0x200000b8   Section       84  stdio_streams.o(.bss)
    .bss                                     0x2000010c   Section       96  libspace.o(.bss)
    Heap_Mem                                 0x20000170   Data         512  startup_stm32f103xb.o(HEAP)
    HEAP                                     0x20000170   Section      512  startup_stm32f103xb.o(HEAP)
    Stack_Mem                                0x20000370   Data        1024  startup_stm32f103xb.o(STACK)
    STACK                                    0x20000370   Section     1024  startup_stm32f103xb.o(STACK)
    __initial_sp                             0x20000770   Data           0  startup_stm32f103xb.o(STACK)

    Global Symbols

    Symbol Name                              Value     Ov Type        Size  Object(Section)

    BuildAttributes$$THM_ISAv4$P$D$K$B$S$PE$A:L22UL41UL21$X:L11$S22US41US21$IEEE1$IW$~IW$USESV6$~STKCKD$USESV7$~SHL$OTIME$ROPI$IEEEJ$EBA8$UX$STANDARDLIB$REQ8$PRES8$EABIv2 0x00000000   Number         0  anon$$obj.o ABSOLUTE
    __fp_init_empty                          0x00000000   Number         0  fpinit_empty.o ABSOLUTE
    _printf_flags                            0x00000000   Number         0  printf_stubs.o ABSOLUTE
    _printf_return_value                     0x00000000   Number         0  printf_stubs.o ABSOLUTE
    _printf_sizespec                         0x00000000   Number         0  printf_stubs.o ABSOLUTE
    _printf_widthprec                        0x00000000   Number         0  printf_stubs.o ABSOLUTE
    __ARM_exceptions_init                     - Undefined Weak Reference
    __alloca_initialize                       - Undefined Weak Reference
    __arm_preinit_                            - Undefined Weak Reference
    __cpp_initialize__aeabi_                  - Undefined Weak Reference
    __cxa_finalize                            - Undefined Weak Reference
    __sigvec_lookup                           - Undefined Weak Reference
    __user_heap_extent                        - Undefined Weak Reference
    _atexit_init                              - Undefined Weak Reference
    _call_atexit_fns                          - Undefined Weak Reference
    _clock_init                               - Undefined Weak Reference
    _fp_trap_init                             - Undefined Weak Reference
    _fp_trap_shutdown                         - Undefined Weak Reference
    _get_lc_collate                           - Undefined Weak Reference
    _get_lc_monetary                          - Undefined Weak Reference
    _get_lc_time                              - Undefined Weak Reference
    _getenv_init                              - Undefined Weak Reference
    _handle_redirection                       - Undefined Weak Reference
    _mutex_acquire                            - Undefined Weak Reference
    _mutex_free                               - Undefined Weak Reference
    _mutex_release                            - Undefined Weak Reference
    _printf_mbtowc                            - Undefined Weak Reference
    _printf_wc                                - Undefined Weak Reference
    _rand_init                                - Undefined Weak Reference
    _signal_finish                            - Undefined Weak Reference
    _signal_init                              - Undefined Weak Reference
    __Vectors_Size                           0x000000ec   Number         0  startup_stm32f103xb.o ABSOLUTE
    __Vectors                                0x08000000   Data           4  startup_stm32f103xb.o(RESET)
    __Vectors_End                            0x080000ec   Data           0  startup_stm32f103xb.o(RESET)
    __main                                   0x080000ed   Thumb Code     8  __main.o(!!!main)
    __scatterload                            0x080000f5   Thumb Code     0  __scatter.o(!!!scatter)
    __scatterload_rt2                        0x080000f5   Thumb Code    44  __scatter.o(!!!scatter)
    __scatterload_rt2_thumb_only             0x080000f5   Thumb Code     0  __scatter.o(!!!scatter)
    __scatterload_null                       0x08000103   Thumb Code     0  __scatter.o(!!!scatter)
    __scatterload_copy                       0x08000129   Thumb Code    26  __scatter_copy.o(!!handler_copy)
    __scatterload_zeroinit                   0x08000145   Thumb Code    28  __scatter_zi.o(!!handler_zi)
    _printf_n                                0x08000161   Thumb Code     0  _printf_n.o(.ARM.Collect$$_printf_percent$$00000001)
    _printf_percent                          0x08000161   Thumb Code     0  _printf_percent.o(.ARM.Collect$$_printf_percent$$00000000)
    _printf_p                                0x08000167   Thumb Code     0  _printf_p.o(.ARM.Collect$$_printf_percent$$00000002)
    _printf_f                                0x0800016d   Thumb Code     0  _printf_f.o(.ARM.Collect$$_printf_percent$$00000003)
    _printf_e                                0x08000173   Thumb Code     0  _printf_e.o(.ARM.Collect$$_printf_percent$$00000004)
    _printf_g                                0x08000179   Thumb Code     0  _printf_g.o(.ARM.Collect$$_printf_percent$$00000005)
    _printf_a                                0x0800017f   Thumb Code     0  _printf_a.o(.ARM.Collect$$_printf_percent$$00000006)
    _printf_ll                               0x08000185   Thumb Code     0  _printf_ll.o(.ARM.Collect$$_printf_percent$$00000007)
    _printf_i                                0x0800018f   Thumb Code     0  _printf_i.o(.ARM.Collect$$_printf_percent$$00000008)
    _printf_d                                0x08000195   Thumb Code     0  _printf_d.o(.ARM.Collect$$_printf_percent$$00000009)
    _printf_u                                0x0800019b   Thumb Code     0  _printf_u.o(.ARM.Collect$$_printf_percent$$0000000A)
    _printf_o                                0x080001a1   Thumb Code     0  _printf_o.o(.ARM.Collect$$_printf_percent$$0000000B)
    _printf_x                                0x080001a7   Thumb Code     0  _printf_x.o(.ARM.Collect$$_printf_percent$$0000000C)
    _printf_lli                              0x080001ad   Thumb Code     0  _printf_lli.o(.ARM.Collect$$_printf_percent$$0000000D)
    _printf_lld                              0x080001b3   Thumb Code     0  _printf_lld.o(.ARM.Collect$$_printf_percent$$0000000E)
    _printf_llu                              0x080001b9   Thumb Code     0  _printf_llu.o(.ARM.Collect$$_printf_percent$$0000000F)
    _printf_llo                              0x080001bf   Thumb Code     0  _printf_llo.o(.ARM.Collect$$_printf_percent$$00000010)
    _printf_llx                              0x080001c5   Thumb Code     0  _printf_llx.o(.ARM.Collect$$_printf_percent$$00000011)
    _printf_l                                0x080001cb   Thumb Code     0  _printf_l.o(.ARM.Collect$$_printf_percent$$00000012)
    _printf_c                                0x080001d5   Thumb Code     0  _printf_c.o(.ARM.Collect$$_printf_percent$$00000013)
    _printf_s                                0x080001db   Thumb Code     0  _printf_s.o(.ARM.Collect$$_printf_percent$$00000014)
    _printf_lc                               0x080001e1   Thumb Code     0  _printf_lc.o(.ARM.Collect$$_printf_percent$$00000015)
    _printf_ls                               0x080001e7   Thumb Code     0  _printf_ls.o(.ARM.Collect$$_printf_percent$$00000016)
    _printf_percent_end                      0x080001ed   Thumb Code     0  _printf_percent_end.o(.ARM.Collect$$_printf_percent$$00000017)
    __rt_lib_init                            0x080001f1   Thumb Code     0  libinit.o(.ARM.Collect$$libinit$$00000000)
    __rt_lib_init_fp_1                       0x080001f3   Thumb Code     0  libinit2.o(.ARM.Collect$$libinit$$00000002)
    __rt_lib_init_heap_2                     0x080001f3   Thumb Code     0  libinit2.o(.ARM.Collect$$libinit$$00000005)
    __rt_lib_init_preinit_1                  0x080001f3   Thumb Code     0  libinit2.o(.ARM.Collect$$libinit$$00000004)
    __rt_lib_init_heap_1                     0x080001fb   Thumb Code     0  libinit2.o(.ARM.Collect$$libinit$$0000000A)
    __rt_lib_init_lc_common                  0x080001fb   Thumb Code     0  libinit2.o(.ARM.Collect$$libinit$$0000000F)
    __rt_lib_init_rand_1                     0x080001fb   Thumb Code     0  libinit2.o(.ARM.Collect$$libinit$$0000000E)
    __rt_lib_init_user_alloc_1               0x080001fb   Thumb Code     0  libinit2.o(.ARM.Collect$$libinit$$0000000C)
    __rt_lib_init_lc_collate_1               0x08000201   Thumb Code     0  libinit2.o(.ARM.Collect$$libinit$$00000011)
    __rt_lib_init_lc_ctype_2                 0x08000201   Thumb Code     0  libinit2.o(.ARM.Collect$$libinit$$00000012)
    __rt_lib_init_lc_ctype_1                 0x0800020d   Thumb Code     0  libinit2.o(.ARM.Collect$$libinit$$00000013)
    __rt_lib_init_lc_monetary_1              0x0800020d   Thumb Code     0  libinit2.o(.ARM.Collect$$libinit$$00000015)
    __rt_lib_init_lc_numeric_2               0x0800020d   Thumb Code     0  libinit2.o(.ARM.Collect$$libinit$$00000016)
    __rt_lib_init_atexit_1                   0x08000217   Thumb Code     0  libinit2.o(.ARM.Collect$$libinit$$0000001B)
    __rt_lib_init_clock_1                    0x08000217   Thumb Code     0  libinit2.o(.ARM.Collect$$libinit$$00000021)
    __rt_lib_init_fp_trap_1                  0x08000217   Thumb Code     0  libinit2.o(.ARM.Collect$$libinit$$0000001F)
    __rt_lib_init_getenv_1                   0x08000217   Thumb Code     0  libinit2.o(.ARM.Collect$$libinit$$00000023)
    __rt_lib_init_lc_numeric_1               0x08000217   Thumb Code     0  libinit2.o(.ARM.Collect$$libinit$$00000017)
    __rt_lib_init_lc_time_1                  0x08000217   Thumb Code     0  libinit2.o(.ARM.Collect$$libinit$$00000019)
    __rt_lib_init_signal_1                   0x08000217   Thumb Code     0  libinit2.o(.ARM.Collect$$libinit$$0000001D)
    __rt_lib_init_stdio_2                    0x08000217   Thumb Code     0  libinit2.o(.ARM.Collect$$libinit$$00000024)
    __rt_lib_init_alloca_1                   0x0800021b   Thumb Code     0  libinit2.o(.ARM.Collect$$libinit$$0000002E)
    __rt_lib_init_argv_1                     0x0800021b   Thumb Code     0  libinit2.o(.ARM.Collect$$libinit$$0000002C)
    __rt_lib_init_cpp_1                      0x0800021b   Thumb Code     0  libinit2.o(.ARM.Collect$$libinit$$00000032)
    __rt_lib_init_exceptions_1               0x0800021b   Thumb Code     0  libinit2.o(.ARM.Collect$$libinit$$00000030)
    __rt_lib_init_return                     0x0800021b   Thumb Code     0  libinit2.o(.ARM.Collect$$libinit$$00000033)
    __rt_lib_init_stdio_1                    0x0800021b   Thumb Code     0  libinit2.o(.ARM.Collect$$libinit$$00000025)
    __rt_lib_shutdown                        0x0800021d   Thumb Code     0  libshutdown.o(.ARM.Collect$$libshutdown$$00000000)
    __rt_lib_shutdown_cpp_1                  0x0800021f   Thumb Code     0  libshutdown2.o(.ARM.Collect$$libshutdown$$00000002)
    __rt_lib_shutdown_stdio_2                0x0800021f   Thumb Code     0  libshutdown2.o(.ARM.Collect$$libshutdown$$00000003)
    __rt_lib_shutdown_fp_trap_1              0x08000223   Thumb Code     0  libshutdown2.o(.ARM.Collect$$libshutdown$$00000007)
    __rt_lib_shutdown_heap_1                 0x08000223   Thumb Code     0  libshutdown2.o(.ARM.Collect$$libshutdown$$0000000F)
    __rt_lib_shutdown_return                 0x08000223   Thumb Code     0  libshutdown2.o(.ARM.Collect$$libshutdown$$00000010)
    __rt_lib_shutdown_signal_1               0x08000223   Thumb Code     0  libshutdown2.o(.ARM.Collect$$libshutdown$$0000000A)
    __rt_lib_shutdown_stdio_1                0x08000223   Thumb Code     0  libshutdown2.o(.ARM.Collect$$libshutdown$$00000004)
    __rt_lib_shutdown_user_alloc_1           0x08000223   Thumb Code     0  libshutdown2.o(.ARM.Collect$$libshutdown$$0000000C)
    __rt_entry                               0x08000225   Thumb Code     0  __rtentry.o(.ARM.Collect$$rtentry$$00000000)
    __rt_entry_presh_1                       0x08000225   Thumb Code     0  __rtentry2.o(.ARM.Collect$$rtentry$$00000002)
    __rt_entry_sh                            0x08000225   Thumb Code     0  __rtentry4.o(.ARM.Collect$$rtentry$$00000004)
    __rt_entry_li                            0x0800022b   Thumb Code     0  __rtentry2.o(.ARM.Collect$$rtentry$$0000000A)
    __rt_entry_postsh_1                      0x0800022b   Thumb Code     0  __rtentry2.o(.ARM.Collect$$rtentry$$00000009)
    __rt_entry_main                          0x0800022f   Thumb Code     0  __rtentry2.o(.ARM.Collect$$rtentry$$0000000D)
    __rt_entry_postli_1                      0x0800022f   Thumb Code     0  __rtentry2.o(.ARM.Collect$$rtentry$$0000000C)
    __rt_exit                                0x08000237   Thumb Code     0  rtexit.o(.ARM.Collect$$rtexit$$00000000)
    __rt_exit_ls                             0x08000239   Thumb Code     0  rtexit2.o(.ARM.Collect$$rtexit$$00000003)
    __rt_exit_prels_1                        0x08000239   Thumb Code     0  rtexit2.o(.ARM.Collect$$rtexit$$00000002)
    __rt_exit_exit                           0x0800023d   Thumb Code     0  rtexit2.o(.ARM.Collect$$rtexit$$00000004)
    Reset_Handler                            0x08000245   Thumb Code     8  startup_stm32f103xb.o(.text)
    NMI_Handler                              0x0800024d   Thumb Code     2  startup_stm32f103xb.o(.text)
    HardFault_Handler                        0x0800024f   Thumb Code     2  startup_stm32f103xb.o(.text)
    MemManage_Handler                        0x08000251   Thumb Code     2  startup_stm32f103xb.o(.text)
    BusFault_Handler                         0x08000253   Thumb Code     2  startup_stm32f103xb.o(.text)
    UsageFault_Handler                       0x08000255   Thumb Code     2  startup_stm32f103xb.o(.text)
    SVC_Handler                              0x08000257   Thumb Code     2  startup_stm32f103xb.o(.text)
    DebugMon_Handler                         0x08000259   Thumb Code     2  startup_stm32f103xb.o(.text)
    PendSV_Handler                           0x0800025b   Thumb Code     2  startup_stm32f103xb.o(.text)
    SysTick_Handler                          0x0800025d   Thumb Code     2  startup_stm32f103xb.o(.text)
    ADC1_2_IRQHandler                        0x0800025f   Thumb Code     0  startup_stm32f103xb.o(.text)
    CAN1_RX1_IRQHandler                      0x0800025f   Thumb Code     0  startup_stm32f103xb.o(.text)
    CAN1_SCE_IRQHandler                      0x0800025f   Thumb Code     0  startup_stm32f103xb.o(.text)
    DMA1_Channel1_IRQHandler                 0x0800025f   Thumb Code     0  startup_stm32f103xb.o(.text)
    DMA1_Channel2_IRQHandler                 0x0800025f   Thumb Code     0  startup_stm32f103xb.o(.text)
    DMA1_Channel3_IRQHandler                 0x0800025f   Thumb Code     0  startup_stm32f103xb.o(.text)
    DMA1_Channel4_IRQHandler                 0x0800025f   Thumb Code     0  startup_stm32f103xb.o(.text)
    DMA1_Channel5_IRQHandler                 0x0800025f   Thumb Code     0  startup_stm32f103xb.o(.text)
    DMA1_Channel6_IRQHandler                 0x0800025f   Thumb Code     0  startup_stm32f103xb.o(.text)
    DMA1_Channel7_IRQHandler                 0x0800025f   Thumb Code     0  startup_stm32f103xb.o(.text)
    EXTI0_IRQHandler                         0x0800025f   Thumb Code     0  startup_stm32f103xb.o(.text)
    EXTI15_10_IRQHandler                     0x0800025f   Thumb Code     0  startup_stm32f103xb.o(.text)
    EXTI1_IRQHandler                         0x0800025f   Thumb Code     0  startup_stm32f103xb.o(.text)
    EXTI2_IRQHandler                         0x0800025f   Thumb Code     0  startup_stm32f103xb.o(.text)
    EXTI3_IRQHandler                         0x0800025f   Thumb Code     0  startup_stm32f103xb.o(.text)
    EXTI4_IRQHandler                         0x0800025f   Thumb Code     0  startup_stm32f103xb.o(.text)
    EXTI9_5_IRQHandler                       0x0800025f   Thumb Code     0  startup_stm32f103xb.o(.text)
    FLASH_IRQHandler                         0x0800025f   Thumb Code     0  startup_stm32f103xb.o(.text)
    I2C1_ER_IRQHandler                       0x0800025f   Thumb Code     0  startup_stm32f103xb.o(.text)
    I2C1_EV_IRQHandler                       0x0800025f   Thumb Code     0  startup_stm32f103xb.o(.text)
    I2C2_ER_IRQHandler                       0x0800025f   Thumb Code     0  startup_stm32f103xb.o(.text)
    I2C2_EV_IRQHandler                       0x0800025f   Thumb Code     0  startup_stm32f103xb.o(.text)
    PVD_IRQHandler                           0x0800025f   Thumb Code     0  startup_stm32f103xb.o(.text)
    RCC_IRQHandler                           0x0800025f   Thumb Code     0  startup_stm32f103xb.o(.text)
    RTC_Alarm_IRQHandler                     0x0800025f   Thumb Code     0  startup_stm32f103xb.o(.text)
    RTC_IRQHandler                           0x0800025f   Thumb Code     0  startup_stm32f103xb.o(.text)
    SPI1_IRQHandler                          0x0800025f   Thumb Code     0  startup_stm32f103xb.o(.text)
    SPI2_IRQHandler                          0x0800025f   Thumb Code     0  startup_stm32f103xb.o(.text)
    TAMPER_IRQHandler                        0x0800025f   Thumb Code     0  startup_stm32f103xb.o(.text)
    TIM1_BRK_IRQHandler                      0x0800025f   Thumb Code     0  startup_stm32f103xb.o(.text)
    TIM1_CC_IRQHandler                       0x0800025f   Thumb Code     0  startup_stm32f103xb.o(.text)
    TIM1_TRG_COM_IRQHandler                  0x0800025f   Thumb Code     0  startup_stm32f103xb.o(.text)
    TIM2_IRQHandler                          0x0800025f   Thumb Code     0  startup_stm32f103xb.o(.text)
    TIM3_IRQHandler                          0x0800025f   Thumb Code     0  startup_stm32f103xb.o(.text)
    USART1_IRQHandler                        0x0800025f   Thumb Code     0  startup_stm32f103xb.o(.text)
    USART2_IRQHandler                        0x0800025f   Thumb Code     0  startup_stm32f103xb.o(.text)
    USART3_IRQHandler                        0x0800025f   Thumb Code     0  startup_stm32f103xb.o(.text)
    USBWakeUp_IRQHandler                     0x0800025f   Thumb Code     0  startup_stm32f103xb.o(.text)
    USB_HP_CAN1_TX_IRQHandler                0x0800025f   Thumb Code     0  startup_stm32f103xb.o(.text)
    USB_LP_CAN1_RX0_IRQHandler               0x0800025f   Thumb Code     0  startup_stm32f103xb.o(.text)
    WWDG_IRQHandler                          0x0800025f   Thumb Code     0  startup_stm32f103xb.o(.text)
    __user_initial_stackheap                 0x08000261   Thumb Code     0  startup_stm32f103xb.o(.text)
    printf                                   0x08000285   Thumb Code    20  printf.o(.text)
    strcmp                                   0x0800029d   Thumb Code   128  strcmpv7m.o(.text)
    __use_two_region_memory                  0x0800031d   Thumb Code     2  heapauxi.o(.text)
    __rt_heap_escrow                         0x0800031f   Thumb Code     2  heapauxi.o(.text)
    __rt_heap_expand                         0x08000321   Thumb Code     2  heapauxi.o(.text)
    _printf_pre_padding                      0x08000323   Thumb Code    44  _printf_pad.o(.text)
    _printf_post_padding                     0x0800034f   Thumb Code    34  _printf_pad.o(.text)
    _printf_truncate_signed                  0x08000371   Thumb Code    18  _printf_truncate.o(.text)
    _printf_truncate_unsigned                0x08000383   Thumb Code    18  _printf_truncate.o(.text)
    _printf_str                              0x08000395   Thumb Code    82  _printf_str.o(.text)
    _printf_int_dec                          0x080003e9   Thumb Code   104  _printf_dec.o(.text)
    _printf_charcount                        0x08000461   Thumb Code    40  _printf_charcount.o(.text)
    _printf_char_file                        0x08000489   Thumb Code    32  _printf_char_file.o(.text)
    _printf_wctomb                           0x080004ad   Thumb Code   182  _printf_wctomb.o(.text)
    _printf_longlong_dec                     0x08000569   Thumb Code   108  _printf_longlong_dec.o(.text)
    _printf_longlong_oct                     0x080005e5   Thumb Code    68  _printf_oct_int_ll.o(.text)
    _printf_int_oct                          0x08000629   Thumb Code    24  _printf_oct_int_ll.o(.text)
    _printf_ll_oct                           0x08000641   Thumb Code    12  _printf_oct_int_ll.o(.text)
    _printf_longlong_hex                     0x08000655   Thumb Code    86  _printf_hex_int_ll_ptr.o(.text)
    _printf_int_hex                          0x080006ab   Thumb Code    28  _printf_hex_int_ll_ptr.o(.text)
    _printf_ll_hex                           0x080006c7   Thumb Code    12  _printf_hex_int_ll_ptr.o(.text)
    _printf_hex_ptr                          0x080006d3   Thumb Code    18  _printf_hex_int_ll_ptr.o(.text)
    __printf                                 0x080006e9   Thumb Code   388  __printf_flags_ss_wp.o(.text)
    _ll_udiv10                               0x08000871   Thumb Code   138  lludiv10.o(.text)
    _printf_int_common                       0x080008fb   Thumb Code   178  _printf_intcommon.o(.text)
    _printf_fp_dec_real                      0x08000b5d   Thumb Code   620  _printf_fp_dec.o(.text)
    _printf_fp_hex_real                      0x08000dc9   Thumb Code   756  _printf_fp_hex.o(.text)
    _printf_char_common                      0x080010cf   Thumb Code    32  _printf_char_common.o(.text)
    _printf_cs_common                        0x080010f5   Thumb Code    20  _printf_char.o(.text)
    _printf_char                             0x08001109   Thumb Code    16  _printf_char.o(.text)
    _printf_string                           0x08001119   Thumb Code     8  _printf_char.o(.text)
    _printf_lcs_common                       0x08001121   Thumb Code    20  _printf_wchar.o(.text)
    _printf_wchar                            0x08001135   Thumb Code    16  _printf_wchar.o(.text)
    _printf_wstring                          0x08001145   Thumb Code     8  _printf_wchar.o(.text)
    ferror                                   0x0800114d   Thumb Code     8  ferror.o(.text)
    _initio                                  0x08001155   Thumb Code   210  initio.o(.text)
    _terminateio                             0x08001227   Thumb Code    56  initio.o(.text)
    _c16rtomb                                0x0800128d   Thumb Code    72  _c16rtomb.o(.text)
    _wcrtomb                                 0x0800128d   Thumb Code     0  _c16rtomb.o(.text)
    __user_setup_stackheap                   0x080012d5   Thumb Code    74  sys_stackheap_outer.o(.text)
    __rt_ctype_table                         0x08001321   Thumb Code    16  rt_ctype_table.o(.text)
    __rt_locale                              0x08001331   Thumb Code     8  rt_locale_intlibspace.o(.text)
    free                                     0x08001339   Thumb Code    78  h1_free.o(.text)
    _printf_fp_infnan                        0x08001389   Thumb Code   112  _printf_fp_infnan.o(.text)
    _btod_etento                             0x08001409   Thumb Code   224  bigflt0.o(.text)
    setvbuf                                  0x080014ed   Thumb Code    70  setvbuf.o(.text)
    freopen                                  0x08001535   Thumb Code   160  fopen.o(.text)
    fopen                                    0x080015d5   Thumb Code    74  fopen.o(.text)
    _fclose_internal                         0x08001625   Thumb Code    76  fclose.o(.text)
    fclose                                   0x08001625   Thumb Code     0  fclose.o(.text)
    exit                                     0x08001671   Thumb Code    18  exit.o(.text)
    __rt_SIGRTRED                            0x08001683   Thumb Code    14  defsig_rtred_outer.o(.text)
    __aeabi_memclr4                          0x08001691   Thumb Code     0  rt_memclr_w.o(.text)
    __aeabi_memclr8                          0x08001691   Thumb Code     0  rt_memclr_w.o(.text)
    __rt_memclr_w                            0x08001691   Thumb Code     0  rt_memclr_w.o(.text)
    _memset_w                                0x08001695   Thumb Code    74  rt_memclr_w.o(.text)
    __user_libspace                          0x080016e1   Thumb Code     8  libspace.o(.text)
    __user_perproc_libspace                  0x080016e1   Thumb Code     0  libspace.o(.text)
    __user_perthread_libspace                0x080016e1   Thumb Code     0  libspace.o(.text)
    __rt_heap_descriptor                     0x080016e9   Thumb Code     8  rt_heap_descriptor_intlibspace.o(.text)
    __use_no_heap                            0x080016f1   Thumb Code     2  hguard.o(.text)
    __heap$guard                             0x080016f3   Thumb Code     2  hguard.o(.text)
    _terminate_user_alloc                    0x080016f5   Thumb Code     2  init_alloc.o(.text)
    _init_user_alloc                         0x080016f7   Thumb Code     2  init_alloc.o(.text)
    __Heap_Full                              0x080016f9   Thumb Code    34  init_alloc.o(.text)
    __Heap_Broken                            0x0800171b   Thumb Code     6  init_alloc.o(.text)
    _init_alloc                              0x08001721   Thumb Code    94  init_alloc.o(.text)
    malloc                                   0x0800177f   Thumb Code    94  h1_alloc.o(.text)
    _fseek                                   0x080017dd   Thumb Code   242  fseek.o(.text)
    fseek                                    0x080017dd   Thumb Code     0  fseek.o(.text)
    _seterr                                  0x080018d5   Thumb Code    20  stdio.o(.text)
    _writebuf                                0x080018e9   Thumb Code    84  stdio.o(.text)
    _fflush                                  0x0800193d   Thumb Code    70  stdio.o(.text)
    _deferredlazyseek                        0x08001983   Thumb Code    60  stdio.o(.text)
    __sig_exit                               0x080019c5   Thumb Code    10  defsig_exit.o(.text)
    __rt_SIGRTRED_inner                      0x080019d1   Thumb Code    14  defsig_rtred_inner.o(.text)
    _sys_exit                                0x08001a05   Thumb Code     8  sys_exit.o(.text)
    __Heap_Initialize                        0x08001a11   Thumb Code    10  h1_init.o(.text)
    _maybe_terminate_alloc                   0x08001a11   Thumb Code     0  maybetermalloc1.o(.text)
    __Heap_DescSize                          0x08001a1b   Thumb Code     4  h1_init.o(.text)
    __Heap_ProvideMemory                     0x08001a1f   Thumb Code    52  h1_extend.o(.text)
    _ftell_internal                          0x08001a53   Thumb Code    66  ftell.o(.text)
    ftell                                    0x08001a53   Thumb Code     0  ftell.o(.text)
    __default_signal_display                 0x08001a95   Thumb Code    50  defsig_general.o(.text)
    __rt_SIGRTMEM                            0x08001ac7   Thumb Code    14  defsig_rtmem_outer.o(.text)
    _ttywrch                                 0x08001ad5   Thumb Code    14  sys_wrch.o(.text)
    __I$use$semihosting                      0x08001ae3   Thumb Code     0  use_no_semi.o(.text)
    __use_no_semihosting_swi                 0x08001ae3   Thumb Code     2  use_no_semi.o(.text)
    __aeabi_errno_addr                       0x08001ae5   Thumb Code     8  rt_errno_addr_intlibspace.o(.text)
    __errno$intlibspace                      0x08001ae5   Thumb Code     0  rt_errno_addr_intlibspace.o(.text)
    __rt_errno_addr$intlibspace              0x08001ae5   Thumb Code     0  rt_errno_addr_intlibspace.o(.text)
    __semihosting_library_function           0x08001ae5   Thumb Code     0  indicate_semi.o(.text)
    __rt_SIGRTMEM_inner                      0x08001aed   Thumb Code    22  defsig_rtmem_inner.o(.text)
    LL_RCC_GetSystemClocksFreq               0x08001ce5   Thumb Code    54  stm32f1xx_ll_rcc.o(.text.LL_RCC_GetSystemClocksFreq)
    RCC_GetHCLKClockFreq                     0x08001ec5   Thumb Code    38  stm32f1xx_ll_rcc.o(.text.RCC_GetHCLKClockFreq)
    RCC_GetPCLK1ClockFreq                    0x08001eed   Thumb Code    36  stm32f1xx_ll_rcc.o(.text.RCC_GetPCLK1ClockFreq)
    RCC_GetPCLK2ClockFreq                    0x08001f11   Thumb Code    36  stm32f1xx_ll_rcc.o(.text.RCC_GetPCLK2ClockFreq)
    RCC_GetSystemClockFreq                   0x08001f35   Thumb Code    86  stm32f1xx_ll_rcc.o(.text.RCC_GetSystemClockFreq)
    RCC_PLL_GetFreqDomain_SYS                0x08001f8d   Thumb Code   104  stm32f1xx_ll_rcc.o(.text.RCC_PLL_GetFreqDomain_SYS)
    SystemCoreClockUpdate                    0x08001ff5   Thumb Code   290  system_stm32f1xx.o(.text.SystemCoreClockUpdate)
    SystemInit                               0x08002119   Thumb Code     2  system_stm32f1xx.o(.text.SystemInit)
    TIM1_UP_IRQHandler                       0x0800211d   Thumb Code    52  main.o(.text.TIM1_UP_IRQHandler)
    TIM4_IRQHandler                          0x08002151   Thumb Code    54  main.o(.text.TIM4_IRQHandler)
    _sys_close                               0x080021fd   Thumb Code    74  retarget_io.o(.text._sys_close)
    _sys_flen                                0x08002249   Thumb Code    72  retarget_io.o(.text._sys_flen)
    _sys_istty                               0x08002291   Thumb Code    72  retarget_io.o(.text._sys_istty)
    _sys_open                                0x080022d9   Thumb Code   132  retarget_io.o(.text._sys_open)
    _sys_seek                                0x0800235d   Thumb Code    82  retarget_io.o(.text._sys_seek)
    _sys_write                               0x080023b1   Thumb Code   118  retarget_io.o(.text._sys_write)
    fputc                                    0x08002429   Thumb Code    18  main.o(.text.fputc)
    main                                     0x0800243d   Thumb Code   268  main.o(.text.main)
    setupTIM1                                0x08002549   Thumb Code   134  main.o(.text.setupTIM1)
    setupTIM4                                0x080025d1   Thumb Code   132  main.o(.text.setupTIM4)
    _btod_d2e                                0x08002661   Thumb Code    62  btod.o(CL$$btod_d2e)
    _d2e_denorm_low                          0x0800269f   Thumb Code    70  btod.o(CL$$btod_d2e_denorm_low)
    _d2e_norm_op1                            0x080026e5   Thumb Code    96  btod.o(CL$$btod_d2e_norm_op1)
    __btod_div_common                        0x08002745   Thumb Code   696  btod.o(CL$$btod_div_common)
    _e2e                                     0x08002a7d   Thumb Code   220  btod.o(CL$$btod_e2e)
    _btod_ediv                               0x08002b59   Thumb Code    42  btod.o(CL$$btod_ediv)
    _btod_emul                               0x08002b83   Thumb Code    42  btod.o(CL$$btod_emul)
    __btod_mult_common                       0x08002bad   Thumb Code   580  btod.o(CL$$btod_mult_common)
    __ARM_fpclassify                         0x08002df1   Thumb Code    40  fpclassify.o(i.__ARM_fpclassify)
    _is_digit                                0x08002e19   Thumb Code    14  __printf_wp.o(i._is_digit)
    _get_lc_numeric                          0x08002e29   Thumb Code    44  lc_numeric_c.o(locale$$code)
    _get_lc_ctype                            0x08002e55   Thumb Code    44  lc_ctype_c.o(locale$$code)
    _printf_fp_dec                           0x08002e81   Thumb Code     4  printf1.o(x$fpl$printf1)
    _printf_fp_hex                           0x08002e85   Thumb Code     4  printf2.o(x$fpl$printf2)
    __I$use$fp                               0x08002e88   Number         0  usenofp.o(x$fpl$usenofp)
    AHBPrescTable                            0x08002f84   Data          16  system_stm32f1xx.o(.rodata.AHBPrescTable)
    APBPrescTable                            0x08002f94   Data           8  system_stm32f1xx.o(.rodata.APBPrescTable)
    __stderr_name                            0x08002f9c   Data           8  retarget_io.o(.rodata.__stderr_name)
    __stdin_name                             0x08002fa4   Data           7  retarget_io.o(.rodata.__stdin_name)
    __stdout_name                            0x08002fab   Data           8  retarget_io.o(.rodata.__stdout_name)
    Region$$Table$$Base                      0x0800301c   Number         0  anon$$obj.o(Region$$Table)
    Region$$Table$$Limit                     0x0800303c   Number         0  anon$$obj.o(Region$$Table)
    __ctype                                  0x08003065   Data           0  lc_ctype_c.o(locale$$data)
    __aeabi_stdin                            0x20000000   Data           4  stdio_streams.o(.data)
    __aeabi_stdout                           0x20000004   Data           4  stdio_streams.o(.data)
    __aeabi_stderr                           0x20000008   Data           4  stdio_streams.o(.data)
    SystemCoreClock                          0x2000000c   Data           4  system_stm32f1xx.o(.data.SystemCoreClock)
    __stdin                                  0x20000010   Data          84  stdio_streams.o(.bss)
    __stdout                                 0x20000064   Data          84  stdio_streams.o(.bss)
    __stderr                                 0x200000b8   Data          84  stdio_streams.o(.bss)
    __libspace_start                         0x2000010c   Data          96  libspace.o(.bss)
    TIM1cnt                                  0x2000016c   Data           2  main.o(.bss.TIM1cnt)
    __temporary_stack_top$libspace           0x2000016c   Data           0  libspace.o(.bss)
    TIM4cnt                                  0x2000016e   Data           2  main.o(.bss.TIM4cnt)



==============================================================================

Memory Map of the image

  Image Entry point : 0x08000245

  Load Region LR_1 (Base: 0x08000000, Size: 0x00003178, Max: 0xffffffff, ABSOLUTE)

    Execution Region ER_RO (Exec base: 0x08000000, Load base: 0x08000000, Size: 0x00003168, Max: 0xffffffff, ABSOLUTE)

    Exec Addr    Load Addr    Size         Type   Attr      Idx    E Section Name        Object

    0x08000000   0x08000000   0x000000ec   Data   RO           92    RESET               startup_stm32f103xb.o
    0x080000ec   0x080000ec   0x00000008   Code   RO          252  * !!!main             c_w.l(__main.o)
    0x080000f4   0x080000f4   0x00000034   Code   RO          733    !!!scatter          c_w.l(__scatter.o)
    0x08000128   0x08000128   0x0000001a   Code   RO          735    !!handler_copy      c_w.l(__scatter_copy.o)
    0x08000142   0x08000142   0x00000002   PAD
    0x08000144   0x08000144   0x0000001c   Code   RO          737    !!handler_zi        c_w.l(__scatter_zi.o)
    0x08000160   0x08000160   0x00000000   Code   RO          334    .ARM.Collect$$_printf_percent$$00000000  c_w.l(_printf_percent.o)
    0x08000160   0x08000160   0x00000006   Code   RO          323    .ARM.Collect$$_printf_percent$$00000001  c_w.l(_printf_n.o)
    0x08000166   0x08000166   0x00000006   Code   RO          325    .ARM.Collect$$_printf_percent$$00000002  c_w.l(_printf_p.o)
    0x0800016c   0x0800016c   0x00000006   Code   RO          330    .ARM.Collect$$_printf_percent$$00000003  c_w.l(_printf_f.o)
    0x08000172   0x08000172   0x00000006   Code   RO          331    .ARM.Collect$$_printf_percent$$00000004  c_w.l(_printf_e.o)
    0x08000178   0x08000178   0x00000006   Code   RO          332    .ARM.Collect$$_printf_percent$$00000005  c_w.l(_printf_g.o)
    0x0800017e   0x0800017e   0x00000006   Code   RO          333    .ARM.Collect$$_printf_percent$$00000006  c_w.l(_printf_a.o)
    0x08000184   0x08000184   0x0000000a   Code   RO          338    .ARM.Collect$$_printf_percent$$00000007  c_w.l(_printf_ll.o)
    0x0800018e   0x0800018e   0x00000006   Code   RO          327    .ARM.Collect$$_printf_percent$$00000008  c_w.l(_printf_i.o)
    0x08000194   0x08000194   0x00000006   Code   RO          328    .ARM.Collect$$_printf_percent$$00000009  c_w.l(_printf_d.o)
    0x0800019a   0x0800019a   0x00000006   Code   RO          329    .ARM.Collect$$_printf_percent$$0000000A  c_w.l(_printf_u.o)
    0x080001a0   0x080001a0   0x00000006   Code   RO          326    .ARM.Collect$$_printf_percent$$0000000B  c_w.l(_printf_o.o)
    0x080001a6   0x080001a6   0x00000006   Code   RO          324    .ARM.Collect$$_printf_percent$$0000000C  c_w.l(_printf_x.o)
    0x080001ac   0x080001ac   0x00000006   Code   RO          335    .ARM.Collect$$_printf_percent$$0000000D  c_w.l(_printf_lli.o)
    0x080001b2   0x080001b2   0x00000006   Code   RO          336    .ARM.Collect$$_printf_percent$$0000000E  c_w.l(_printf_lld.o)
    0x080001b8   0x080001b8   0x00000006   Code   RO          337    .ARM.Collect$$_printf_percent$$0000000F  c_w.l(_printf_llu.o)
    0x080001be   0x080001be   0x00000006   Code   RO          342    .ARM.Collect$$_printf_percent$$00000010  c_w.l(_printf_llo.o)
    0x080001c4   0x080001c4   0x00000006   Code   RO          343    .ARM.Collect$$_printf_percent$$00000011  c_w.l(_printf_llx.o)
    0x080001ca   0x080001ca   0x0000000a   Code   RO          339    .ARM.Collect$$_printf_percent$$00000012  c_w.l(_printf_l.o)
    0x080001d4   0x080001d4   0x00000006   Code   RO          321    .ARM.Collect$$_printf_percent$$00000013  c_w.l(_printf_c.o)
    0x080001da   0x080001da   0x00000006   Code   RO          322    .ARM.Collect$$_printf_percent$$00000014  c_w.l(_printf_s.o)
    0x080001e0   0x080001e0   0x00000006   Code   RO          340    .ARM.Collect$$_printf_percent$$00000015  c_w.l(_printf_lc.o)
    0x080001e6   0x080001e6   0x00000006   Code   RO          341    .ARM.Collect$$_printf_percent$$00000016  c_w.l(_printf_ls.o)
    0x080001ec   0x080001ec   0x00000004   Code   RO          390    .ARM.Collect$$_printf_percent$$00000017  c_w.l(_printf_percent_end.o)
    0x080001f0   0x080001f0   0x00000002   Code   RO          526    .ARM.Collect$$libinit$$00000000  c_w.l(libinit.o)
    0x080001f2   0x080001f2   0x00000000   Code   RO          528    .ARM.Collect$$libinit$$00000002  c_w.l(libinit2.o)
    0x080001f2   0x080001f2   0x00000000   Code   RO          530    .ARM.Collect$$libinit$$00000004  c_w.l(libinit2.o)
    0x080001f2   0x080001f2   0x00000008   Code   RO          531    .ARM.Collect$$libinit$$00000005  c_w.l(libinit2.o)
    0x080001fa   0x080001fa   0x00000000   Code   RO          533    .ARM.Collect$$libinit$$0000000A  c_w.l(libinit2.o)
    0x080001fa   0x080001fa   0x00000000   Code   RO          535    .ARM.Collect$$libinit$$0000000C  c_w.l(libinit2.o)
    0x080001fa   0x080001fa   0x00000000   Code   RO          537    .ARM.Collect$$libinit$$0000000E  c_w.l(libinit2.o)
    0x080001fa   0x080001fa   0x00000006   Code   RO          538    .ARM.Collect$$libinit$$0000000F  c_w.l(libinit2.o)
    0x08000200   0x08000200   0x00000000   Code   RO          540    .ARM.Collect$$libinit$$00000011  c_w.l(libinit2.o)
    0x08000200   0x08000200   0x0000000c   Code   RO          541    .ARM.Collect$$libinit$$00000012  c_w.l(libinit2.o)
    0x0800020c   0x0800020c   0x00000000   Code   RO          542    .ARM.Collect$$libinit$$00000013  c_w.l(libinit2.o)
    0x0800020c   0x0800020c   0x00000000   Code   RO          544    .ARM.Collect$$libinit$$00000015  c_w.l(libinit2.o)
    0x0800020c   0x0800020c   0x0000000a   Code   RO          545    .ARM.Collect$$libinit$$00000016  c_w.l(libinit2.o)
    0x08000216   0x08000216   0x00000000   Code   RO          546    .ARM.Collect$$libinit$$00000017  c_w.l(libinit2.o)
    0x08000216   0x08000216   0x00000000   Code   RO          548    .ARM.Collect$$libinit$$00000019  c_w.l(libinit2.o)
    0x08000216   0x08000216   0x00000000   Code   RO          550    .ARM.Collect$$libinit$$0000001B  c_w.l(libinit2.o)
    0x08000216   0x08000216   0x00000000   Code   RO          552    .ARM.Collect$$libinit$$0000001D  c_w.l(libinit2.o)
    0x08000216   0x08000216   0x00000000   Code   RO          554    .ARM.Collect$$libinit$$0000001F  c_w.l(libinit2.o)
    0x08000216   0x08000216   0x00000000   Code   RO          556    .ARM.Collect$$libinit$$00000021  c_w.l(libinit2.o)
    0x08000216   0x08000216   0x00000000   Code   RO          558    .ARM.Collect$$libinit$$00000023  c_w.l(libinit2.o)
    0x08000216   0x08000216   0x00000004   Code   RO          559    .ARM.Collect$$libinit$$00000024  c_w.l(libinit2.o)
    0x0800021a   0x0800021a   0x00000000   Code   RO          560    .ARM.Collect$$libinit$$00000025  c_w.l(libinit2.o)
    0x0800021a   0x0800021a   0x00000000   Code   RO          564    .ARM.Collect$$libinit$$0000002C  c_w.l(libinit2.o)
    0x0800021a   0x0800021a   0x00000000   Code   RO          566    .ARM.Collect$$libinit$$0000002E  c_w.l(libinit2.o)
    0x0800021a   0x0800021a   0x00000000   Code   RO          568    .ARM.Collect$$libinit$$00000030  c_w.l(libinit2.o)
    0x0800021a   0x0800021a   0x00000000   Code   RO          570    .ARM.Collect$$libinit$$00000032  c_w.l(libinit2.o)
    0x0800021a   0x0800021a   0x00000002   Code   RO          571    .ARM.Collect$$libinit$$00000033  c_w.l(libinit2.o)
    0x0800021c   0x0800021c   0x00000002   Code   RO          712    .ARM.Collect$$libshutdown$$00000000  c_w.l(libshutdown.o)
    0x0800021e   0x0800021e   0x00000000   Code   RO          573    .ARM.Collect$$libshutdown$$00000002  c_w.l(libshutdown2.o)
    0x0800021e   0x0800021e   0x00000004   Code   RO          574    .ARM.Collect$$libshutdown$$00000003  c_w.l(libshutdown2.o)
    0x08000222   0x08000222   0x00000000   Code   RO          575    .ARM.Collect$$libshutdown$$00000004  c_w.l(libshutdown2.o)
    0x08000222   0x08000222   0x00000000   Code   RO          578    .ARM.Collect$$libshutdown$$00000007  c_w.l(libshutdown2.o)
    0x08000222   0x08000222   0x00000000   Code   RO          581    .ARM.Collect$$libshutdown$$0000000A  c_w.l(libshutdown2.o)
    0x08000222   0x08000222   0x00000000   Code   RO          583    .ARM.Collect$$libshutdown$$0000000C  c_w.l(libshutdown2.o)
    0x08000222   0x08000222   0x00000000   Code   RO          586    .ARM.Collect$$libshutdown$$0000000F  c_w.l(libshutdown2.o)
    0x08000222   0x08000222   0x00000002   Code   RO          587    .ARM.Collect$$libshutdown$$00000010  c_w.l(libshutdown2.o)
    0x08000224   0x08000224   0x00000000   Code   RO          254    .ARM.Collect$$rtentry$$00000000  c_w.l(__rtentry.o)
    0x08000224   0x08000224   0x00000000   Code   RO          359    .ARM.Collect$$rtentry$$00000002  c_w.l(__rtentry2.o)
    0x08000224   0x08000224   0x00000006   Code   RO          371    .ARM.Collect$$rtentry$$00000004  c_w.l(__rtentry4.o)
    0x0800022a   0x0800022a   0x00000000   Code   RO          361    .ARM.Collect$$rtentry$$00000009  c_w.l(__rtentry2.o)
    0x0800022a   0x0800022a   0x00000004   Code   RO          362    .ARM.Collect$$rtentry$$0000000A  c_w.l(__rtentry2.o)
    0x0800022e   0x0800022e   0x00000000   Code   RO          364    .ARM.Collect$$rtentry$$0000000C  c_w.l(__rtentry2.o)
    0x0800022e   0x0800022e   0x00000008   Code   RO          365    .ARM.Collect$$rtentry$$0000000D  c_w.l(__rtentry2.o)
    0x08000236   0x08000236   0x00000002   Code   RO          596    .ARM.Collect$$rtexit$$00000000  c_w.l(rtexit.o)
    0x08000238   0x08000238   0x00000000   Code   RO          649    .ARM.Collect$$rtexit$$00000002  c_w.l(rtexit2.o)
    0x08000238   0x08000238   0x00000004   Code   RO          650    .ARM.Collect$$rtexit$$00000003  c_w.l(rtexit2.o)
    0x0800023c   0x0800023c   0x00000006   Code   RO          651    .ARM.Collect$$rtexit$$00000004  c_w.l(rtexit2.o)
    0x08000242   0x08000242   0x00000002   PAD
    0x08000244   0x08000244   0x00000040   Code   RO           93  * .text               startup_stm32f103xb.o
    0x08000284   0x08000284   0x00000018   Code   RO          246    .text               c_w.l(printf.o)
    0x0800029c   0x0800029c   0x00000080   Code   RO          248    .text               c_w.l(strcmpv7m.o)
    0x0800031c   0x0800031c   0x00000006   Code   RO          250    .text               c_w.l(heapauxi.o)
    0x08000322   0x08000322   0x0000004e   Code   RO          257    .text               c_w.l(_printf_pad.o)
    0x08000370   0x08000370   0x00000024   Code   RO          259    .text               c_w.l(_printf_truncate.o)
    0x08000394   0x08000394   0x00000052   Code   RO          261    .text               c_w.l(_printf_str.o)
    0x080003e6   0x080003e6   0x00000002   PAD
    0x080003e8   0x080003e8   0x00000078   Code   RO          263    .text               c_w.l(_printf_dec.o)
    0x08000460   0x08000460   0x00000028   Code   RO          265    .text               c_w.l(_printf_charcount.o)
    0x08000488   0x08000488   0x00000024   Code   RO          267    .text               c_w.l(_printf_char_file.o)
    0x080004ac   0x080004ac   0x000000bc   Code   RO          269    .text               c_w.l(_printf_wctomb.o)
    0x08000568   0x08000568   0x0000007c   Code   RO          272    .text               c_w.l(_printf_longlong_dec.o)
    0x080005e4   0x080005e4   0x00000070   Code   RO          278    .text               c_w.l(_printf_oct_int_ll.o)
    0x08000654   0x08000654   0x00000094   Code   RO          298    .text               c_w.l(_printf_hex_int_ll_ptr.o)
    0x080006e8   0x080006e8   0x00000188   Code   RO          318    .text               c_w.l(__printf_flags_ss_wp.o)
    0x08000870   0x08000870   0x0000008a   Code   RO          373    .text               c_w.l(lludiv10.o)
    0x080008fa   0x080008fa   0x000000b2   Code   RO          375    .text               c_w.l(_printf_intcommon.o)
    0x080009ac   0x080009ac   0x0000041c   Code   RO          377    .text               c_w.l(_printf_fp_dec.o)
    0x08000dc8   0x08000dc8   0x000002fc   Code   RO          381    .text               c_w.l(_printf_fp_hex.o)
    0x080010c4   0x080010c4   0x00000030   Code   RO          384    .text               c_w.l(_printf_char_common.o)
    0x080010f4   0x080010f4   0x0000002c   Code   RO          386    .text               c_w.l(_printf_char.o)
    0x08001120   0x08001120   0x0000002c   Code   RO          388    .text               c_w.l(_printf_wchar.o)
    0x0800114c   0x0800114c   0x00000008   Code   RO          391    .text               c_w.l(ferror.o)
    0x08001154   0x08001154   0x00000138   Code   RO          393    .text               c_w.l(initio.o)
    0x0800128c   0x0800128c   0x00000048   Code   RO          399    .text               c_w.l(_c16rtomb.o)
    0x080012d4   0x080012d4   0x0000004a   Code   RO          403    .text               c_w.l(sys_stackheap_outer.o)
    0x0800131e   0x0800131e   0x00000002   PAD
    0x08001320   0x08001320   0x00000010   Code   RO          405    .text               c_w.l(rt_ctype_table.o)
    0x08001330   0x08001330   0x00000008   Code   RO          410    .text               c_w.l(rt_locale_intlibspace.o)
    0x08001338   0x08001338   0x0000004e   Code   RO          414    .text               c_w.l(h1_free.o)
    0x08001386   0x08001386   0x00000002   PAD
    0x08001388   0x08001388   0x00000080   Code   RO          468    .text               c_w.l(_printf_fp_infnan.o)
    0x08001408   0x08001408   0x000000e4   Code   RO          472    .text               c_w.l(bigflt0.o)
    0x080014ec   0x080014ec   0x00000046   Code   RO          499    .text               c_w.l(setvbuf.o)
    0x08001532   0x08001532   0x00000002   PAD
    0x08001534   0x08001534   0x000000f0   Code   RO          502    .text               c_w.l(fopen.o)
    0x08001624   0x08001624   0x0000004c   Code   RO          504    .text               c_w.l(fclose.o)
    0x08001670   0x08001670   0x00000012   Code   RO          513    .text               c_w.l(exit.o)
    0x08001682   0x08001682   0x0000000e   Code   RO          515    .text               c_w.l(defsig_rtred_outer.o)
    0x08001690   0x08001690   0x0000004e   Code   RO          519    .text               c_w.l(rt_memclr_w.o)
    0x080016de   0x080016de   0x00000002   PAD
    0x080016e0   0x080016e0   0x00000008   Code   RO          593    .text               c_w.l(libspace.o)
    0x080016e8   0x080016e8   0x00000008   Code   RO          603    .text               c_w.l(rt_heap_descriptor_intlibspace.o)
    0x080016f0   0x080016f0   0x00000004   Code   RO          605    .text               c_w.l(hguard.o)
    0x080016f4   0x080016f4   0x0000008a   Code   RO          607    .text               c_w.l(init_alloc.o)
    0x0800177e   0x0800177e   0x0000005e   Code   RO          613    .text               c_w.l(h1_alloc.o)
    0x080017dc   0x080017dc   0x000000f8   Code   RO          627    .text               c_w.l(fseek.o)
    0x080018d4   0x080018d4   0x000000f0   Code   RO          629    .text               c_w.l(stdio.o)
    0x080019c4   0x080019c4   0x0000000a   Code   RO          634    .text               c_w.l(defsig_exit.o)
    0x080019ce   0x080019ce   0x00000002   PAD
    0x080019d0   0x080019d0   0x00000034   Code   RO          636    .text               c_w.l(defsig_rtred_inner.o)
    0x08001a04   0x08001a04   0x0000000c   Code   RO          644    .text               c_w.l(sys_exit.o)
    0x08001a10   0x08001a10   0x00000000   Code   RO          655    .text               c_w.l(maybetermalloc1.o)
    0x08001a10   0x08001a10   0x0000000e   Code   RO          657    .text               c_w.l(h1_init.o)
    0x08001a1e   0x08001a1e   0x00000034   Code   RO          659    .text               c_w.l(h1_extend.o)
    0x08001a52   0x08001a52   0x00000042   Code   RO          667    .text               c_w.l(ftell.o)
    0x08001a94   0x08001a94   0x00000032   Code   RO          671    .text               c_w.l(defsig_general.o)
    0x08001ac6   0x08001ac6   0x0000000e   Code   RO          673    .text               c_w.l(defsig_rtmem_outer.o)
    0x08001ad4   0x08001ad4   0x0000000e   Code   RO          686    .text               c_w.l(sys_wrch.o)
    0x08001ae2   0x08001ae2   0x00000002   Code   RO          694    .text               c_w.l(use_no_semi.o)
    0x08001ae4   0x08001ae4   0x00000000   Code   RO          696    .text               c_w.l(indicate_semi.o)
    0x08001ae4   0x08001ae4   0x00000008   Code   RO          700    .text               c_w.l(rt_errno_addr_intlibspace.o)
    0x08001aec   0x08001aec   0x00000050   Code   RO          706    .text               c_w.l(defsig_rtmem_inner.o)
    0x08001b3c   0x08001b3c   0x00000044   Code   RO            4    .text.ITM_SendChar  main.o
    0x08001b80   0x08001b80   0x00000022   Code   RO           28    .text.LL_APB1_GRP1_EnableClock  main.o
    0x08001ba2   0x08001ba2   0x00000002   PAD
    0x08001ba4   0x08001ba4   0x00000022   Code   RO            8    .text.LL_APB2_GRP1_EnableClock  main.o
    0x08001bc6   0x08001bc6   0x00000002   PAD
    0x08001bc8   0x08001bc8   0x0000001c   Code   RO           32    .text.LL_FLASH_SetLatency  main.o
    0x08001be4   0x08001be4   0x00000086   Code   RO           54    .text.LL_GPIO_SetPinMode  main.o
    0x08001c6a   0x08001c6a   0x00000002   PAD
    0x08001c6c   0x08001c6c   0x00000028   Code   RO           62    .text.LL_GPIO_TogglePin  main.o
    0x08001c94   0x08001c94   0x00000010   Code   RO          199    .text.LL_RCC_GetAHBPrescaler  stm32f1xx_ll_rcc.o
    0x08001ca4   0x08001ca4   0x00000010   Code   RO          201    .text.LL_RCC_GetAPB1Prescaler  stm32f1xx_ll_rcc.o
    0x08001cb4   0x08001cb4   0x00000010   Code   RO          203    .text.LL_RCC_GetAPB2Prescaler  stm32f1xx_ll_rcc.o
    0x08001cc4   0x08001cc4   0x00000010   Code   RO           48    .text.LL_RCC_GetSysClkSource  main.o
    0x08001cd4   0x08001cd4   0x00000010   Code   RO          171    .text.LL_RCC_GetSysClkSource  stm32f1xx_ll_rcc.o
    0x08001ce4   0x08001ce4   0x00000036   Code   RO          179    .text.LL_RCC_GetSystemClocksFreq  stm32f1xx_ll_rcc.o
    0x08001d1a   0x08001d1a   0x00000002   PAD
    0x08001d1c   0x08001d1c   0x00000012   Code   RO           34    .text.LL_RCC_HSI_Enable  main.o
    0x08001d2e   0x08001d2e   0x00000002   PAD
    0x08001d30   0x08001d30   0x00000010   Code   RO           36    .text.LL_RCC_HSI_IsReady  main.o
    0x08001d40   0x08001d40   0x00000026   Code   RO           38    .text.LL_RCC_PLL_ConfigDomain_SYS  main.o
    0x08001d66   0x08001d66   0x00000002   PAD
    0x08001d68   0x08001d68   0x00000012   Code   RO           40    .text.LL_RCC_PLL_Enable  main.o
    0x08001d7a   0x08001d7a   0x00000002   PAD
    0x08001d7c   0x08001d7c   0x00000010   Code   RO          205    .text.LL_RCC_PLL_GetMainSource  stm32f1xx_ll_rcc.o
    0x08001d8c   0x08001d8c   0x00000010   Code   RO          209    .text.LL_RCC_PLL_GetMultiplicator  stm32f1xx_ll_rcc.o
    0x08001d9c   0x08001d9c   0x00000010   Code   RO          207    .text.LL_RCC_PLL_GetPrediv  stm32f1xx_ll_rcc.o
    0x08001dac   0x08001dac   0x00000010   Code   RO           42    .text.LL_RCC_PLL_IsReady  main.o
    0x08001dbc   0x08001dbc   0x0000001c   Code   RO           44    .text.LL_RCC_SetAHBPrescaler  main.o
    0x08001dd8   0x08001dd8   0x0000001c   Code   RO           50    .text.LL_RCC_SetAPB1Prescaler  main.o
    0x08001df4   0x08001df4   0x0000001c   Code   RO           52    .text.LL_RCC_SetAPB2Prescaler  main.o
    0x08001e10   0x08001e10   0x0000001c   Code   RO           46    .text.LL_RCC_SetSysClkSource  main.o
    0x08001e2c   0x08001e2c   0x00000010   Code   RO           60    .text.LL_TIM_ClearFlag_UPDATE  main.o
    0x08001e3c   0x08001e3c   0x00000012   Code   RO           22    .text.LL_TIM_EnableCounter  main.o
    0x08001e4e   0x08001e4e   0x00000002   PAD
    0x08001e50   0x08001e50   0x00000012   Code   RO           16    .text.LL_TIM_EnableIT_UPDATE  main.o
    0x08001e62   0x08001e62   0x00000002   PAD
    0x08001e64   0x08001e64   0x00000012   Code   RO           24    .text.LL_TIM_GenerateEvent_UPDATE  main.o
    0x08001e76   0x08001e76   0x00000002   PAD
    0x08001e78   0x08001e78   0x00000010   Code   RO           58    .text.LL_TIM_IsActiveFlag_UPDATE  main.o
    0x08001e88   0x08001e88   0x00000010   Code   RO           14    .text.LL_TIM_SetAutoReload  main.o
    0x08001e98   0x08001e98   0x0000001a   Code   RO           10    .text.LL_TIM_SetCounterMode  main.o
    0x08001eb2   0x08001eb2   0x00000002   PAD
    0x08001eb4   0x08001eb4   0x00000010   Code   RO           12    .text.LL_TIM_SetPrescaler  main.o
    0x08001ec4   0x08001ec4   0x00000026   Code   RO          183    .text.RCC_GetHCLKClockFreq  stm32f1xx_ll_rcc.o
    0x08001eea   0x08001eea   0x00000002   PAD
    0x08001eec   0x08001eec   0x00000024   Code   RO          185    .text.RCC_GetPCLK1ClockFreq  stm32f1xx_ll_rcc.o
    0x08001f10   0x08001f10   0x00000024   Code   RO          187    .text.RCC_GetPCLK2ClockFreq  stm32f1xx_ll_rcc.o
    0x08001f34   0x08001f34   0x00000056   Code   RO          181    .text.RCC_GetSystemClockFreq  stm32f1xx_ll_rcc.o
    0x08001f8a   0x08001f8a   0x00000002   PAD
    0x08001f8c   0x08001f8c   0x00000068   Code   RO          193    .text.RCC_PLL_GetFreqDomain_SYS  stm32f1xx_ll_rcc.o
    0x08001ff4   0x08001ff4   0x00000122   Code   RO           79    .text.SystemCoreClockUpdate  system_stm32f1xx.o
    0x08002116   0x08002116   0x00000002   PAD
    0x08002118   0x08002118   0x00000002   Code   RO           77    .text.SystemInit    system_stm32f1xx.o
    0x0800211a   0x0800211a   0x00000002   PAD
    0x0800211c   0x0800211c   0x00000034   Code   RO           64    .text.TIM1_UP_IRQHandler  main.o
    0x08002150   0x08002150   0x00000036   Code   RO           56    .text.TIM4_IRQHandler  main.o
    0x08002186   0x08002186   0x00000002   PAD
    0x08002188   0x08002188   0x00000030   Code   RO           20    .text.__NVIC_EnableIRQ  main.o
    0x080021b8   0x080021b8   0x00000042   Code   RO           18    .text.__NVIC_SetPriority  main.o
    0x080021fa   0x080021fa   0x00000002   PAD
    0x080021fc   0x080021fc   0x0000004a   Code   RO          220    .text._sys_close    retarget_io.o
    0x08002246   0x08002246   0x00000002   PAD
    0x08002248   0x08002248   0x00000048   Code   RO          232    .text._sys_flen     retarget_io.o
    0x08002290   0x08002290   0x00000048   Code   RO          228    .text._sys_istty    retarget_io.o
    0x080022d8   0x080022d8   0x00000084   Code   RO          218    .text._sys_open     retarget_io.o
    0x0800235c   0x0800235c   0x00000052   Code   RO          230    .text._sys_seek     retarget_io.o
    0x080023ae   0x080023ae   0x00000002   PAD
    0x080023b0   0x080023b0   0x00000076   Code   RO          222    .text._sys_write    retarget_io.o
    0x08002426   0x08002426   0x00000002   PAD
    0x08002428   0x08002428   0x00000012   Code   RO            2    .text.fputc         main.o
    0x0800243a   0x0800243a   0x00000002   PAD
    0x0800243c   0x0800243c   0x0000010c   Code   RO           30    .text.main          main.o
    0x08002548   0x08002548   0x00000086   Code   RO            6    .text.setupTIM1     main.o
    0x080025ce   0x080025ce   0x00000002   PAD
    0x080025d0   0x080025d0   0x00000084   Code   RO           26    .text.setupTIM4     main.o
    0x08002654   0x08002654   0x0000000c   Code   RO          224    .text.stdout_putchar  retarget_io.o
    0x08002660   0x08002660   0x0000003e   Code   RO          475    CL$$btod_d2e        c_w.l(btod.o)
    0x0800269e   0x0800269e   0x00000046   Code   RO          477    CL$$btod_d2e_denorm_low  c_w.l(btod.o)
    0x080026e4   0x080026e4   0x00000060   Code   RO          476    CL$$btod_d2e_norm_op1  c_w.l(btod.o)
    0x08002744   0x08002744   0x00000338   Code   RO          485    CL$$btod_div_common  c_w.l(btod.o)
    0x08002a7c   0x08002a7c   0x000000dc   Code   RO          482    CL$$btod_e2e        c_w.l(btod.o)
    0x08002b58   0x08002b58   0x0000002a   Code   RO          479    CL$$btod_ediv       c_w.l(btod.o)
    0x08002b82   0x08002b82   0x0000002a   Code   RO          478    CL$$btod_emul       c_w.l(btod.o)
    0x08002bac   0x08002bac   0x00000244   Code   RO          484    CL$$btod_mult_common  c_w.l(btod.o)
    0x08002df0   0x08002df0   0x00000028   Code   RO          591    i.__ARM_fpclassify  m_ws.l(fpclassify.o)
    0x08002e18   0x08002e18   0x0000000e   Code   RO          311    i._is_digit         c_w.l(__printf_wp.o)
    0x08002e26   0x08002e26   0x00000002   PAD
    0x08002e28   0x08002e28   0x0000002c   Code   RO          511    locale$$code        c_w.l(lc_numeric_c.o)
    0x08002e54   0x08002e54   0x0000002c   Code   RO          632    locale$$code        c_w.l(lc_ctype_c.o)
    0x08002e80   0x08002e80   0x00000004   Code   RO          350    x$fpl$printf1       fz_ws.l(printf1.o)
    0x08002e84   0x08002e84   0x00000004   Code   RO          352    x$fpl$printf2       fz_ws.l(printf2.o)
    0x08002e88   0x08002e88   0x00000000   Code   RO          590    x$fpl$usenofp       fz_ws.l(usenofp.o)
    0x08002e88   0x08002e88   0x00000008   Data   RO          270    .constdata          c_w.l(_printf_wctomb.o)
    0x08002e90   0x08002e90   0x00000028   Data   RO          299    .constdata          c_w.l(_printf_hex_int_ll_ptr.o)
    0x08002eb8   0x08002eb8   0x00000011   Data   RO          319    .constdata          c_w.l(__printf_flags_ss_wp.o)
    0x08002ec9   0x08002ec9   0x00000026   Data   RO          382    .constdata          c_w.l(_printf_fp_hex.o)
    0x08002eef   0x08002eef   0x00000001   PAD
    0x08002ef0   0x08002ef0   0x00000094   Data   RO          473    .constdata          c_w.l(bigflt0.o)
    0x08002f84   0x08002f84   0x00000010   Data   RO           82    .rodata.AHBPrescTable  system_stm32f1xx.o
    0x08002f94   0x08002f94   0x00000008   Data   RO           83    .rodata.APBPrescTable  system_stm32f1xx.o
    0x08002f9c   0x08002f9c   0x00000008   Data   RO          236    .rodata.__stderr_name  retarget_io.o
    0x08002fa4   0x08002fa4   0x00000007   Data   RO          234    .rodata.__stdin_name  retarget_io.o
    0x08002fab   0x08002fab   0x00000008   Data   RO          235    .rodata.__stdout_name  retarget_io.o
    0x08002fb3   0x08002fb3   0x00000052   Data   RO           68    .rodata.str1.1      main.o
    0x08003005   0x08003005   0x00000017   Data   RO          237    .rodata.str1.1      retarget_io.o
    0x0800301c   0x0800301c   0x00000020   Data   RO          732    Region$$Table       anon$$obj.o
    0x0800303c   0x0800303c   0x0000001c   Data   RO          510    locale$$data        c_w.l(lc_numeric_c.o)
    0x08003058   0x08003058   0x00000110   Data   RO          631    locale$$data        c_w.l(lc_ctype_c.o)


    Execution Region ER_RW (Exec base: 0x20000000, Load base: 0x08003168, Size: 0x00000010, Max: 0xffffffff, ABSOLUTE)

    Exec Addr    Load Addr    Size         Type   Attr      Idx    E Section Name        Object

    0x20000000   0x08003168   0x00000004   Data   RW          347    .data               c_w.l(stdio_streams.o)
    0x20000004   0x0800316c   0x00000004   Data   RW          348    .data               c_w.l(stdio_streams.o)
    0x20000008   0x08003170   0x00000004   Data   RW          349    .data               c_w.l(stdio_streams.o)
    0x2000000c   0x08003174   0x00000004   Data   RW           81    .data.SystemCoreClock  system_stm32f1xx.o


    Execution Region ER_ZI (Exec base: 0x20000010, Load base: 0x08003178, Size: 0x00000760, Max: 0xffffffff, ABSOLUTE)

    Exec Addr    Load Addr    Size         Type   Attr      Idx    E Section Name        Object

    0x20000010        -       0x00000054   Zero   RW          344    .bss                c_w.l(stdio_streams.o)
    0x20000064        -       0x00000054   Zero   RW          345    .bss                c_w.l(stdio_streams.o)
    0x200000b8        -       0x00000054   Zero   RW          346    .bss                c_w.l(stdio_streams.o)
    0x2000010c        -       0x00000060   Zero   RW          594    .bss                c_w.l(libspace.o)
    0x2000016c        -       0x00000002   Zero   RW           67    .bss.TIM1cnt        main.o
    0x2000016e        -       0x00000002   Zero   RW           66    .bss.TIM4cnt        main.o
    0x20000170        -       0x00000200   Zero   RW           91    HEAP                startup_stm32f103xb.o
    0x20000370        -       0x00000400   Zero   RW           90    STACK               startup_stm32f103xb.o


==============================================================================

Image component sizes


      Code (inc. data)   RO Data    RW Data    ZI Data      Debug   Object Name

      1488          0         82          0          4       9493   main.o
       562          0         46          0          0       2487   retarget_io.o
        64         26        236          0       1536        844   startup_stm32f103xb.o
       466          0          0          0          0       4715   stm32f1xx_ll_rcc.o
       292          0         24          4          0       1553   system_stm32f1xx.o

    ----------------------------------------------------------------------
      2916         26        420          4       1540      19092   Object Totals
         0          0         32          0          0          0   (incl. Generated)
        44          0          0          0          0          0   (incl. Padding)

    ----------------------------------------------------------------------

      Code (inc. data)   RO Data    RW Data    ZI Data      Debug   Library Member Name

         8          0          0          0          0         68   __main.o
       392          4         17          0          0         92   __printf_flags_ss_wp.o
        14          0          0          0          0         68   __printf_wp.o
         0          0          0          0          0          0   __rtentry.o
        12          0          0          0          0          0   __rtentry2.o
         6          0          0          0          0          0   __rtentry4.o
        52          8          0          0          0          0   __scatter.o
        26          0          0          0          0          0   __scatter_copy.o
        28          0          0          0          0          0   __scatter_zi.o
        72          0          0          0          0         96   _c16rtomb.o
         6          0          0          0          0          0   _printf_a.o
         6          0          0          0          0          0   _printf_c.o
        44          0          0          0          0        108   _printf_char.o
        48          6          0          0          0         96   _printf_char_common.o
        36          4          0          0          0         80   _printf_char_file.o
        40          0          0          0          0         68   _printf_charcount.o
         6          0          0          0          0          0   _printf_d.o
       120         16          0          0          0         92   _printf_dec.o
         6          0          0          0          0          0   _printf_e.o
         6          0          0          0          0          0   _printf_f.o
      1052          0          0          0          0        148   _printf_fp_dec.o
       764          8         38          0          0        100   _printf_fp_hex.o
       128         16          0          0          0         84   _printf_fp_infnan.o
         6          0          0          0          0          0   _printf_g.o
       148          4         40          0          0        160   _printf_hex_int_ll_ptr.o
         6          0          0          0          0          0   _printf_i.o
       178          0          0          0          0         88   _printf_intcommon.o
        10          0          0          0          0          0   _printf_l.o
         6          0          0          0          0          0   _printf_lc.o
        10          0          0          0          0          0   _printf_ll.o
         6          0          0          0          0          0   _printf_lld.o
         6          0          0          0          0          0   _printf_lli.o
         6          0          0          0          0          0   _printf_llo.o
         6          0          0          0          0          0   _printf_llu.o
         6          0          0          0          0          0   _printf_llx.o
       124         16          0          0          0         92   _printf_longlong_dec.o
         6          0          0          0          0          0   _printf_ls.o
         6          0          0          0          0          0   _printf_n.o
         6          0          0          0          0          0   _printf_o.o
       112          8          0          0          0        124   _printf_oct_int_ll.o
         6          0          0          0          0          0   _printf_p.o
        78          0          0          0          0        108   _printf_pad.o
         0          0          0          0          0          0   _printf_percent.o
         4          0          0          0          0          0   _printf_percent_end.o
         6          0          0          0          0          0   _printf_s.o
        82          0          0          0          0         80   _printf_str.o
        36          0          0          0          0         84   _printf_truncate.o
         6          0          0          0          0          0   _printf_u.o
        44          0          0          0          0        108   _printf_wchar.o
       188          6          8          0          0         92   _printf_wctomb.o
         6          0          0          0          0          0   _printf_x.o
       228          4        148          0          0         96   bigflt0.o
      1936        128          0          0          0        668   btod.o
        10          0          0          0          0         68   defsig_exit.o
        50          0          0          0          0         88   defsig_general.o
        80         58          0          0          0         76   defsig_rtmem_inner.o
        14          0          0          0          0         80   defsig_rtmem_outer.o
        52         38          0          0          0         76   defsig_rtred_inner.o
        14          0          0          0          0         80   defsig_rtred_outer.o
        18          0          0          0          0         80   exit.o
        76          0          0          0          0         88   fclose.o
         8          0          0          0          0         68   ferror.o
       240          6          0          0          0        128   fopen.o
       248          6          0          0          0         84   fseek.o
        66          0          0          0          0         76   ftell.o
        94          0          0          0          0         80   h1_alloc.o
        52          0          0          0          0         68   h1_extend.o
        78          0          0          0          0         80   h1_free.o
        14          0          0          0          0         84   h1_init.o
         6          0          0          0          0        152   heapauxi.o
         4          0          0          0          0        136   hguard.o
         0          0          0          0          0          0   indicate_semi.o
       138          0          0          0          0        168   init_alloc.o
       312         46          0          0          0        112   initio.o
        44         10        272          0          0         76   lc_ctype_c.o
        44         10         28          0          0         76   lc_numeric_c.o
         2          0          0          0          0          0   libinit.o
        42          0          0          0          0          0   libinit2.o
         2          0          0          0          0          0   libshutdown.o
         6          0          0          0          0          0   libshutdown2.o
         8          4          0          0         96         68   libspace.o
       138          0          0          0          0         80   lludiv10.o
         0          0          0          0          0          0   maybetermalloc1.o
        24          4          0          0          0         84   printf.o
        16          4          0          0          0         76   rt_ctype_table.o
         8          4          0          0          0         68   rt_errno_addr_intlibspace.o
         8          4          0          0          0         68   rt_heap_descriptor_intlibspace.o
         8          4          0          0          0         68   rt_locale_intlibspace.o
        78          0          0          0          0         80   rt_memclr_w.o
         2          0          0          0          0          0   rtexit.o
        10          0          0          0          0          0   rtexit2.o
        70          0          0          0          0         80   setvbuf.o
       240          6          0          0          0        156   stdio.o
         0          0          0         12        252          0   stdio_streams.o
       128          0          0          0          0         68   strcmpv7m.o
        12          4          0          0          0         68   sys_exit.o
        74          0          0          0          0         80   sys_stackheap_outer.o
        14          0          0          0          0         76   sys_wrch.o
         2          0          0          0          0         68   use_no_semi.o
         4          0          0          0          0         68   printf1.o
         4          0          0          0          0         68   printf2.o
         0          0          0          0          0          0   usenofp.o
        40          0          0          0          0         68   fpclassify.o

    ----------------------------------------------------------------------
      8760        436        552         12        348       6216   Library Totals
        18          0          1          0          0          0   (incl. Padding)

    ----------------------------------------------------------------------

      Code (inc. data)   RO Data    RW Data    ZI Data      Debug   Library Name

      8694        436        551         12        348       6012   c_w.l
         8          0          0          0          0        136   fz_ws.l
        40          0          0          0          0         68   m_ws.l

    ----------------------------------------------------------------------
      8760        436        552         12        348       6216   Library Totals

    ----------------------------------------------------------------------

==============================================================================


      Code (inc. data)   RO Data    RW Data    ZI Data      Debug   

     11676        462        972         16       1888      21812   Grand Totals
     11676        462        972         16       1888      21812   ELF Image Totals
     11676        462        972         16          0          0   ROM Totals

==============================================================================

    Total RO  Size (Code + RO Data)                12648 (  12.35kB)
    Total RW  Size (RW Data + ZI Data)              1904 (   1.86kB)
    Total ROM Size (Code + RO Data + RW Data)      12664 (  12.37kB)

==============================================================================

